Component: ARM Compiler 5.05 update 1 (build 106) Tool: armlink [4d0efa]

==============================================================================

Section Cross References

    main.o(.text) refers to lv_theme_night.o(.text) for lv_theme_night_init
    main.o(.text) refers to lv_theme.o(.text) for lv_theme_set_current
    main.o(.text) refers to delay.o(.text) for delay_init
    main.o(.text) refers to misc.o(.text) for NVIC_PriorityGroupConfig
    main.o(.text) refers to usart.o(.text) for uart_init
    main.o(.text) refers to spi.o(.text) for SpiInit
    main.o(.text) refers to dma.o(.text) for InitDma
    main.o(.text) refers to adc.o(.text) for Adc_Init
    main.o(.text) refers to timer.o(.text) for TimerTaskInit
    main.o(.text) refers to lv_obj.o(.text) for lv_init
    main.o(.text) refers to lv_port_disp.o(.text) for lv_port_disp_init
    main.o(.text) refers to key.o(.text) for KEY_Init
    main.o(.text) refers to rtc.o(.text) for Rtc_Init
    main.o(.text) refers to page.o(.text) for Page_Init
    main.o(.text) refers to lv_task.o(.text) for lv_task_create
    main.o(.text) refers to common.o(.text) for FatFsInit
    main.o(.text) refers to lv_fs.o(.text) for lv_fs_open
    main.o(.text) refers to printf5.o(i.__0printf$5) for __2printf
    main.o(.text) refers to lv_hal_tick.o(.text) for lv_tick_inc
    system_stm32f10x.o(.text) refers to system_stm32f10x.o(.data) for SystemCoreClock
    led.o(.text) refers to stm32f10x_rcc.o(.text) for RCC_APB2PeriphClockCmd
    led.o(.text) refers to stm32f10x_gpio.o(.text) for GPIO_Init
    key.o(.text) refers to stm32f10x_rcc.o(.text) for RCC_APB2PeriphClockCmd
    key.o(.text) refers to stm32f10x_gpio.o(.text) for GPIO_Init
    key.o(.text) refers to page.o(.text) for Page_Key1Handl
    key.o(.text) refers to key.o(.data) for IsKeyVauleVailed
    lcd.o(.text) refers to delay.o(.text) for delay_us
    lcd.o(.text) refers to lcd.o(.bss) for lcddev
    lcd.o(.text) refers to lcd.o(.data) for POINT_COLOR
    lcd.o(.text) refers to dfltui.o(.text) for __aeabi_ui2d
    lcd.o(.text) refers to dmul.o(.text) for __aeabi_dmul
    lcd.o(.text) refers to dfixui.o(.text) for __aeabi_d2uiz
    lcd.o(.text) refers to stm32f10x_rcc.o(.text) for RCC_AHBPeriphClockCmd
    lcd.o(.text) refers to stm32f10x_gpio.o(.text) for GPIO_Init
    lcd.o(.text) refers to stm32f10x_fsmc.o(.text) for FSMC_NORSRAMInit
    lcd.o(.text) refers to printf5.o(i.__0printf$5) for __2printf
    lcd.o(.text) refers to lcd.o(.constdata) for asc2_1206
    delay.o(.text) refers to misc.o(.text) for SysTick_CLKSourceConfig
    delay.o(.text) refers to system_stm32f10x.o(.data) for SystemCoreClock
    delay.o(.text) refers to delay.o(.data) for fac_us
    usart.o(.text) refers to stm32f10x_rcc.o(.text) for RCC_APB2PeriphClockCmd
    usart.o(.text) refers to stm32f10x_gpio.o(.text) for GPIO_Init
    usart.o(.text) refers to misc.o(.text) for NVIC_Init
    usart.o(.text) refers to stm32f10x_usart.o(.text) for USART_Init
    usart.o(.text) refers to usart.o(.data) for USART_RX_STA
    usart.o(.text) refers to usart.o(.bss) for USART_RX_BUF
    rtc.o(.text) refers to malloc.o(i.malloc) for malloc
    rtc.o(.text) refers to misc.o(.text) for NVIC_Init
    rtc.o(.text) refers to stm32f10x_rtc.o(.text) for RTC_GetCounter
    rtc.o(.text) refers to stm32f10x_rcc.o(.text) for RCC_APB1PeriphClockCmd
    rtc.o(.text) refers to stm32f10x_pwr.o(.text) for PWR_BackupAccessCmd
    rtc.o(.text) refers to stm32f10x_bkp.o(.text) for BKP_ReadBackupRegister
    rtc.o(.text) refers to rtc.o(.bss) for RtcObj_S
    rtc.o(.text) refers to rtc.o(.constdata) for table_week
    rtc.o(.text) refers to rtc.o(.data) for MonTab
    rtc.o(.text) refers to delay.o(.text) for delay_ms
    timer.o(.text) refers to common.o(.text) for CreateLinkList
    timer.o(.text) refers to stm32f10x_rcc.o(.text) for RCC_APB1PeriphClockCmd
    timer.o(.text) refers to stm32f10x_tim.o(.text) for TIM_TimeBaseInit
    timer.o(.text) refers to misc.o(.text) for NVIC_Init
    timer.o(.text) refers to timer.o(.data) for TimerTaskLinkList
    spi.o(.text) refers to stm32f10x_rcc.o(.text) for RCC_APB2PeriphClockCmd
    spi.o(.text) refers to stm32f10x_gpio.o(.text) for GPIO_Init
    spi.o(.text) refers to stm32f10x_spi.o(.text) for SPI_Init
    spi.o(.text) refers to dma.o(.text) for WriteDataToDma
    dma.o(.text) refers to stm32f10x_rcc.o(.text) for RCC_AHBPeriphClockCmd
    dma.o(.text) refers to stm32f10x_dma.o(.text) for DMA_Init
    dma.o(.text) refers to dma.o(.bss) for DMA_InitStruct
    adc.o(.text) refers to stm32f10x_rcc.o(.text) for RCC_APB2PeriphClockCmd
    adc.o(.text) refers to stm32f10x_gpio.o(.text) for GPIO_Init
    adc.o(.text) refers to stm32f10x_adc.o(.text) for ADC_DeInit
    startup_stm32f10x_hd.o(RESET) refers to startup_stm32f10x_hd.o(STACK) for __initial_sp
    startup_stm32f10x_hd.o(RESET) refers to startup_stm32f10x_hd.o(.text) for Reset_Handler
    startup_stm32f10x_hd.o(RESET) refers to stm32f10x_it.o(.text) for NMI_Handler
[...]
    TIM_ARRPreloadConfig                     0x08007aad   Thumb Code    24  stm32f10x_tim.o(.text)
    TIM_SelectCOM                            0x08007ac5   Thumb Code    24  stm32f10x_tim.o(.text)
    TIM_SelectCCDMA                          0x08007add   Thumb Code    24  stm32f10x_tim.o(.text)
    TIM_CCPreloadControl                     0x08007af5   Thumb Code    24  stm32f10x_tim.o(.text)
    TIM_OC1PreloadConfig                     0x08007b0d   Thumb Code    18  stm32f10x_tim.o(.text)
    TIM_OC2PreloadConfig                     0x08007b1f   Thumb Code    26  stm32f10x_tim.o(.text)
    TIM_OC3PreloadConfig                     0x08007b39   Thumb Code    18  stm32f10x_tim.o(.text)
    TIM_OC4PreloadConfig                     0x08007b4b   Thumb Code    26  stm32f10x_tim.o(.text)
    TIM_OC1FastConfig                        0x08007b65   Thumb Code    18  stm32f10x_tim.o(.text)
    TIM_OC2FastConfig                        0x08007b77   Thumb Code    26  stm32f10x_tim.o(.text)
    TIM_OC3FastConfig                        0x08007b91   Thumb Code    18  stm32f10x_tim.o(.text)
    TIM_OC4FastConfig                        0x08007ba3   Thumb Code    26  stm32f10x_tim.o(.text)
    TIM_ClearOC1Ref                          0x08007bbd   Thumb Code    18  stm32f10x_tim.o(.text)
    TIM_ClearOC2Ref                          0x08007bcf   Thumb Code    24  stm32f10x_tim.o(.text)
    TIM_ClearOC3Ref                          0x08007be7   Thumb Code    18  stm32f10x_tim.o(.text)
    TIM_ClearOC4Ref                          0x08007bf9   Thumb Code    24  stm32f10x_tim.o(.text)
    TIM_OC1PolarityConfig                    0x08007c11   Thumb Code    18  stm32f10x_tim.o(.text)
    TIM_OC1NPolarityConfig                   0x08007c23   Thumb Code    18  stm32f10x_tim.o(.text)
    TIM_OC2PolarityConfig                    0x08007c35   Thumb Code    26  stm32f10x_tim.o(.text)
    TIM_OC2NPolarityConfig                   0x08007c4f   Thumb Code    26  stm32f10x_tim.o(.text)
    TIM_OC3PolarityConfig                    0x08007c69   Thumb Code    26  stm32f10x_tim.o(.text)
    TIM_OC3NPolarityConfig                   0x08007c83   Thumb Code    26  stm32f10x_tim.o(.text)
    TIM_OC4PolarityConfig                    0x08007c9d   Thumb Code    26  stm32f10x_tim.o(.text)
    TIM_CCxCmd                               0x08007cb7   Thumb Code    30  stm32f10x_tim.o(.text)
    TIM_CCxNCmd                              0x08007cd5   Thumb Code    30  stm32f10x_tim.o(.text)
    TIM_SelectOCxM                           0x08007cf3   Thumb Code    82  stm32f10x_tim.o(.text)
    TIM_UpdateDisableConfig                  0x08007d45   Thumb Code    24  stm32f10x_tim.o(.text)
    TIM_UpdateRequestConfig                  0x08007d5d   Thumb Code    24  stm32f10x_tim.o(.text)
    TIM_SelectHallSensor                     0x08007d75   Thumb Code    24  stm32f10x_tim.o(.text)
    TIM_SelectOnePulseMode                   0x08007d8d   Thumb Code    18  stm32f10x_tim.o(.text)
    TIM_SelectOutputTrigger                  0x08007d9f   Thumb Code    18  stm32f10x_tim.o(.text)
    TIM_SelectSlaveMode                      0x08007db1   Thumb Code    18  stm32f10x_tim.o(.text)
    TIM_SelectMasterSlaveMode                0x08007dc3   Thumb Code    18  stm32f10x_tim.o(.text)
    TIM_SetCounter                           0x08007dd5   Thumb Code     4  stm32f10x_tim.o(.text)
    TIM_SetAutoreload                        0x08007dd9   Thumb Code     4  stm32f10x_tim.o(.text)
    TIM_SetCompare1                          0x08007ddd   Thumb Code     4  stm32f10x_tim.o(.text)
    TIM_SetCompare2                          0x08007de1   Thumb Code     4  stm32f10x_tim.o(.text)
    TIM_SetCompare3                          0x08007de5   Thumb Code     4  stm32f10x_tim.o(.text)
    TIM_SetCompare4                          0x08007de9   Thumb Code     6  stm32f10x_tim.o(.text)
    TIM_SetClockDivision                     0x08007def   Thumb Code    18  stm32f10x_tim.o(.text)
    TIM_GetCapture1                          0x08007e01   Thumb Code     6  stm32f10x_tim.o(.text)
    TIM_GetCapture2                          0x08007e07   Thumb Code     6  stm32f10x_tim.o(.text)
    TIM_GetCapture3                          0x08007e0d   Thumb Code     6  stm32f10x_tim.o(.text)
    TIM_GetCapture4                          0x08007e13   Thumb Code     8  stm32f10x_tim.o(.text)
    TIM_GetCounter                           0x08007e1b   Thumb Code     6  stm32f10x_tim.o(.text)
    TIM_GetPrescaler                         0x08007e21   Thumb Code     6  stm32f10x_tim.o(.text)
    TIM_GetFlagStatus                        0x08007e27   Thumb Code    18  stm32f10x_tim.o(.text)
    TIM_ClearFlag                            0x08007e39   Thumb Code     6  stm32f10x_tim.o(.text)
    TIM_GetITStatus                          0x08007e3f   Thumb Code    34  stm32f10x_tim.o(.text)
    TIM_ClearITPendingBit                    0x08007e61   Thumb Code     6  stm32f10x_tim.o(.text)
    SPI_I2S_DeInit                           0x08007e69   Thumb Code    76  stm32f10x_spi.o(.text)
    SPI_Init                                 0x08007eb5   Thumb Code    60  stm32f10x_spi.o(.text)
    I2S_Init                                 0x08007ef1   Thumb Code   226  stm32f10x_spi.o(.text)
    SPI_StructInit                           0x08007fd3   Thumb Code    24  stm32f10x_spi.o(.text)
    I2S_StructInit                           0x08007feb   Thumb Code    20  stm32f10x_spi.o(.text)
    SPI_Cmd                                  0x08007fff   Thumb Code    24  stm32f10x_spi.o(.text)
    I2S_Cmd                                  0x08008017   Thumb Code    24  stm32f10x_spi.o(.text)
    SPI_I2S_ITConfig                         0x0800802f   Thumb Code    32  stm32f10x_spi.o(.text)
    SPI_I2S_DMACmd                           0x0800804f   Thumb Code    18  stm32f10x_spi.o(.text)
    SPI_I2S_SendData                         0x08008061   Thumb Code     4  stm32f10x_spi.o(.text)
    SPI_I2S_ReceiveData                      0x08008065   Thumb Code     6  stm32f10x_spi.o(.text)
    SPI_NSSInternalSoftwareConfig            0x0800806b   Thumb Code    30  stm32f10x_spi.o(.text)
    SPI_SSOutputCmd                          0x08008089   Thumb Code    24  stm32f10x_spi.o(.text)
    SPI_DataSizeConfig                       0x080080a1   Thumb Code    18  stm32f10x_spi.o(.text)
    SPI_TransmitCRC                          0x080080b3   Thumb Code    10  stm32f10x_spi.o(.text)
    SPI_CalculateCRC                         0x080080bd   Thumb Code    24  stm32f10x_spi.o(.text)
    SPI_GetCRC                               0x080080d5   Thumb Code    16  stm32f10x_spi.o(.text)
    SPI_GetCRCPolynomial                     0x080080e5   Thumb Code     6  stm32f10x_spi.o(.text)
    SPI_BiDirectionalLineConfig              0x080080eb   Thumb Code    28  stm32f10x_spi.o(.text)
    SPI_I2S_GetFlagStatus                    0x08008107   Thumb Code    18  stm32f10x_spi.o(.text)
    SPI_I2S_ClearFlag                        0x08008119   Thumb Code     6  stm32f10x_spi.o(.text)
    SPI_I2S_GetITStatus                      0x0800811f   Thumb Code    52  stm32f10x_spi.o(.text)
    SPI_I2S_ClearITPendingBit                0x08008153   Thumb Code    20  stm32f10x_spi.o(.text)
    DMA_DeInit                               0x08008175   Thumb Code   324  stm32f10x_dma.o(.text)
    DMA_Init                                 0x080082b9   Thumb Code    60  stm32f10x_dma.o(.text)
    DMA_StructInit                           0x080082f5   Thumb Code    26  stm32f10x_dma.o(.text)
    DMA_Cmd                                  0x0800830f   Thumb Code    24  stm32f10x_dma.o(.text)
    DMA_ITConfig                             0x08008327   Thumb Code    18  stm32f10x_dma.o(.text)
    DMA_SetCurrDataCounter                   0x08008339   Thumb Code     4  stm32f10x_dma.o(.text)
    DMA_GetCurrDataCounter                   0x0800833d   Thumb Code     8  stm32f10x_dma.o(.text)
    DMA_GetFlagStatus                        0x08008345   Thumb Code    40  stm32f10x_dma.o(.text)
    DMA_ClearFlag                            0x0800836d   Thumb Code    22  stm32f10x_dma.o(.text)
    DMA_GetITStatus                          0x08008383   Thumb Code    40  stm32f10x_dma.o(.text)
    DMA_ClearITPendingBit                    0x080083ab   Thumb Code    22  stm32f10x_dma.o(.text)
    ADC_DeInit                               0x080083c9   Thumb Code    78  stm32f10x_adc.o(.text)
    ADC_Init                                 0x08008417   Thumb Code    70  stm32f10x_adc.o(.text)
    ADC_StructInit                           0x0800845d   Thumb Code    18  stm32f10x_adc.o(.text)
    ADC_Cmd                                  0x0800846f   Thumb Code    22  stm32f10x_adc.o(.text)
    ADC_DMACmd                               0x08008485   Thumb Code    22  stm32f10x_adc.o(.text)
    ADC_ITConfig                             0x0800849b   Thumb Code    24  stm32f10x_adc.o(.text)
    ADC_ResetCalibration                     0x080084b3   Thumb Code    10  stm32f10x_adc.o(.text)
    ADC_GetResetCalibrationStatus            0x080084bd   Thumb Code    20  stm32f10x_adc.o(.text)
    ADC_StartCalibration                     0x080084d1   Thumb Code    10  stm32f10x_adc.o(.text)
    ADC_GetCalibrationStatus                 0x080084db   Thumb Code    20  stm32f10x_adc.o(.text)
    ADC_SoftwareStartConvCmd                 0x080084ef   Thumb Code    22  stm32f10x_adc.o(.text)
    ADC_GetSoftwareStartConvStatus           0x08008505   Thumb Code    20  stm32f10x_adc.o(.text)
    ADC_DiscModeChannelCountConfig           0x08008519   Thumb Code    24  stm32f10x_adc.o(.text)
    ADC_DiscModeCmd                          0x08008531   Thumb Code    22  stm32f10x_adc.o(.text)
    ADC_RegularChannelConfig                 0x08008547   Thumb Code   184  stm32f10x_adc.o(.text)
    ADC_ExternalTrigConvCmd                  0x080085ff   Thumb Code    22  stm32f10x_adc.o(.text)
    ADC_GetConversionValue                   0x08008615   Thumb Code     8  stm32f10x_adc.o(.text)
    ADC_GetDualModeConversionValue           0x0800861d   Thumb Code     8  stm32f10x_adc.o(.text)
    ADC_AutoInjectedConvCmd                  0x08008625   Thumb Code    22  stm32f10x_adc.o(.text)
    ADC_InjectedDiscModeCmd                  0x0800863b   Thumb Code    22  stm32f10x_adc.o(.text)
    ADC_ExternalTrigInjectedConvConfig       0x08008651   Thumb Code    16  stm32f10x_adc.o(.text)
    ADC_ExternalTrigInjectedConvCmd          0x08008661   Thumb Code    22  stm32f10x_adc.o(.text)
    ADC_SoftwareStartInjectedConvCmd         0x08008677   Thumb Code    22  stm32f10x_adc.o(.text)
    ADC_GetSoftwareStartInjectedConvCmdStatus 0x0800868d   Thumb Code    20  stm32f10x_adc.o(.text)
    ADC_InjectedChannelConfig                0x080086a1   Thumb Code   130  stm32f10x_adc.o(.text)
    ADC_InjectedSequencerLengthConfig        0x08008723   Thumb Code    24  stm32f10x_adc.o(.text)
    ADC_SetInjectedOffset                    0x0800873b   Thumb Code    20  stm32f10x_adc.o(.text)
    ADC_GetInjectedConversionValue           0x0800874f   Thumb Code    28  stm32f10x_adc.o(.text)
    ADC_AnalogWatchdogCmd                    0x0800876b   Thumb Code    16  stm32f10x_adc.o(.text)
    ADC_AnalogWatchdogThresholdsConfig       0x0800877b   Thumb Code     6  stm32f10x_adc.o(.text)
    ADC_AnalogWatchdogSingleChannelConfig    0x08008781   Thumb Code    16  stm32f10x_adc.o(.text)
    ADC_TempSensorVrefintCmd                 0x08008791   Thumb Code    64  stm32f10x_adc.o(.text)
    ADC_GetFlagStatus                        0x080087d1   Thumb Code    18  stm32f10x_adc.o(.text)
    ADC_ClearFlag                            0x080087e3   Thumb Code     6  stm32f10x_adc.o(.text)
    ADC_GetITStatus                          0x080087e9   Thumb Code    36  stm32f10x_adc.o(.text)
    ADC_ClearITPendingBit                    0x0800880d   Thumb Code    10  stm32f10x_adc.o(.text)
    InitW25qxx                               0x08008819   Thumb Code    50  w25qxx.o(.text)
    W25QXX_ReadSR                            0x080088b3   Thumb Code    28  w25qxx.o(.text)
    W25QXX_Write_SR                          0x080088e1   Thumb Code    26  w25qxx.o(.text)
    W25QXX_Write_Enable                      0x080088fb   Thumb Code    18  w25qxx.o(.text)
    W25QXX_ReadID                            0x0800890d   Thumb Code    48  w25qxx.o(.text)
    W25QXX_Read                              0x0800893d   Thumb Code    58  w25qxx.o(.text)
    W25QXX_Write_Page                        0x08008977   Thumb Code    66  w25qxx.o(.text)
    W25QXX_Write_NoCheck                     0x080089f1   Thumb Code    70  w25qxx.o(.text)
    W25QXX_Write                             0x08008a37   Thumb Code   182  w25qxx.o(.text)
    Page_InitChildNode                       0x08008afd   Thumb Code    60  page.o(.text)
    Page_SetParentNode                       0x08008b39   Thumb Code    40  page.o(.text)
    Page_RefalshProcess                      0x08008b61   Thumb Code    26  page.o(.text)
    Page_SetCurrentPage                      0x08008b7b   Thumb Code    16  page.o(.text)
    Page_GetCurrentPage                      0x08008b8b   Thumb Code     6  page.o(.text)
    Page_Key1Handl                           0x08008b91   Thumb Code    30  page.o(.text)
    Page_Key2Handl                           0x08008baf   Thumb Code    30  page.o(.text)
    Page_Key3Handl                           0x08008bcd   Thumb Code    30  page.o(.text)
    Page_Key4Handl                           0x08008beb   Thumb Code    30  page.o(.text)
    OpenPage                                 0x08008c09   Thumb Code    26  page.o(.text)
    ClosePage                                0x08008c23   Thumb Code    26  page.o(.text)
    Page_ChangePage                          0x08008c3d   Thumb Code    20  page.o(.text)
    Page_Init                                0x08008c51   Thumb Code    30  page.o(.text)
    lv_CreatePageCont                        0x08008c6f   Thumb Code    88  page.o(.text)
    SetHomePageInitDate                      0x08009055   Thumb Code    28  home_page.o(.text)
    HomePage_Init                            0x0800967b   Thumb Code    50  home_page.o(.text)
    ManagePage_Init                          0x08009a91   Thumb Code    26  manage_page.o(.text)
    StopWatchPageInit                        0x08009d6d   Thumb Code    20  stopwatch_page.o(.text)
    LightSettingPageInit                     0x08009e61   Thumb Code    12  lightsetting_page.o(.text)
    TimeSetPageInit                          0x08009e75   Thumb Code    12  timeset_page.o(.text)
    CreateLinkList                           0x08009e89   Thumb Code    28  common.o(.text)
    CreateLinkListNode                       0x08009ea5   Thumb Code    64  common.o(.text)
    LinkList_AddNodeToTail                   0x08009ee5   Thumb Code    36  common.o(.text)
    lv_AddAnimObj                            0x08009f09   Thumb Code    76  common.o(.text)
    FatFsInit                                0x0800a005   Thumb Code    66  common.o(.text)
    lv_disp_get_scr_act                      0x0800a05d   Thumb Code    22  lv_disp.o(.text)
    lv_disp_load_scr                         0x0800a073   Thumb Code    22  lv_disp.o(.text)
    lv_disp_get_layer_top                    0x0800a089   Thumb Code    22  lv_disp.o(.text)
    lv_disp_get_layer_sys                    0x0800a09f   Thumb Code    22  lv_disp.o(.text)
    lv_disp_assign_screen                    0x0800a0b5   Thumb Code    50  lv_disp.o(.text)
    lv_disp_get_refr_task                    0x0800a0e7   Thumb Code    22  lv_disp.o(.text)
    lv_disp_get_inactive_time                0x0800a0fd   Thumb Code    86  lv_disp.o(.text)
    lv_disp_trig_activity                    0x0800a153   Thumb Code    28  lv_disp.o(.text)
    lv_group_init                            0x0800a1ed   Thumb Code    12  lv_group.o(.text)
    lv_group_create                          0x0800a397   Thumb Code   114  lv_group.o(.text)
    lv_group_del                             0x0800a409   Thumb Code    80  lv_group.o(.text)
    lv_group_focus_prev                      0x0800a57b   Thumb Code    16  lv_group.o(.text)
    lv_group_focus_next                      0x0800a58b   Thumb Code    16  lv_group.o(.text)
    lv_group_add_obj                         0x0800a601   Thumb Code   106  lv_group.o(.text)
    lv_group_remove_obj                      0x0800a66b   Thumb Code   136  lv_group.o(.text)
    lv_group_remove_all_objs                 0x0800a6f3   Thumb Code    70  lv_group.o(.text)
    lv_group_get_focused                     0x0800a739   Thumb Code    22  lv_group.o(.text)
    lv_group_set_editing                     0x0800a74f   Thumb Code    92  lv_group.o(.text)
    lv_group_focus_obj                       0x0800a7ab   Thumb Code   188  lv_group.o(.text)
    lv_group_focus_freeze                    0x0800a867   Thumb Code    32  lv_group.o(.text)
    lv_group_send_data                       0x0800a887   Thumb Code    62  lv_group.o(.text)
    lv_group_set_style_mod_cb                0x0800a8c5   Thumb Code    22  lv_group.o(.text)
    lv_group_set_style_mod_edit_cb           0x0800a8db   Thumb Code    22  lv_group.o(.text)
    lv_group_set_focus_cb                    0x0800a8f1   Thumb Code     4  lv_group.o(.text)
    lv_group_set_click_focus                 0x0800a8f5   Thumb Code    14  lv_group.o(.text)
    lv_group_set_refocus_policy              0x0800a903   Thumb Code    14  lv_group.o(.text)
    lv_group_set_wrap                        0x0800a911   Thumb Code    14  lv_group.o(.text)
    lv_group_mod_style                       0x0800a91f   Thumb Code    62  lv_group.o(.text)
    lv_group_get_user_data                   0x0800a95d   Thumb Code     8  lv_group.o(.text)
    lv_group_get_style_mod_cb                0x0800a965   Thumb Code    12  lv_group.o(.text)
    lv_group_get_style_mod_edit_cb           0x0800a971   Thumb Code    12  lv_group.o(.text)
    lv_group_get_focus_cb                    0x0800a97d   Thumb Code    12  lv_group.o(.text)
    lv_group_get_editing                     0x0800a989   Thumb Code    18  lv_group.o(.text)
    lv_group_get_click_focus                 0x0800a99b   Thumb Code    18  lv_group.o(.text)
    lv_group_get_wrap                        0x0800a9ad   Thumb Code    18  lv_group.o(.text)
    lv_group_report_style_mod                0x0800a9bf   Thumb Code    58  lv_group.o(.text)
    lv_indev_reset                           0x0800a9fd   Thumb Code    62  lv_indev.o(.text)
    lv_indev_init                            0x0800aa3b   Thumb Code    10  lv_indev.o(.text)
    lv_indev_read_task                       0x0800bbf5   Thumb Code   254  lv_indev.o(.text)
    lv_indev_get_act                         0x0800bcf3   Thumb Code     6  lv_indev.o(.text)
    lv_indev_get_type                        0x0800bcf9   Thumb Code    12  lv_indev.o(.text)
    lv_indev_reset_long_press                0x0800bd05   Thumb Code    30  lv_indev.o(.text)
    lv_indev_enable                          0x0800bd23   Thumb Code    20  lv_indev.o(.text)
    lv_indev_set_cursor                      0x0800bd37   Thumb Code    50  lv_indev.o(.text)
    lv_indev_set_group                       0x0800bd69   Thumb Code    16  lv_indev.o(.text)
    lv_indev_set_button_points               0x0800bd79   Thumb Code    10  lv_indev.o(.text)
    lv_indev_get_point                       0x0800bd83   Thumb Code    32  lv_indev.o(.text)
    lv_indev_get_key                         0x0800bda3   Thumb Code    16  lv_indev.o(.text)
    lv_indev_is_dragging                     0x0800bdb3   Thumb Code    34  lv_indev.o(.text)
    lv_indev_get_vect                        0x0800bdd5   Thumb Code    42  lv_indev.o(.text)
    lv_indev_wait_release                    0x0800bdff   Thumb Code    16  lv_indev.o(.text)
    lv_indev_get_read_task                   0x0800be0f   Thumb Code    12  lv_indev.o(.text)
    lv_indev_get_obj_act                     0x0800be1b   Thumb Code     6  lv_indev.o(.text)
    lv_init                                  0x0800be29   Thumb Code    80  lv_obj.o(.text)
    lv_obj_get_parent                        0x0800be79   Thumb Code     6  lv_obj.o(.text)
    lv_obj_get_hidden                        0x0800be7f   Thumb Code    12  lv_obj.o(.text)
    lv_obj_get_screen                        0x0800be8b   Thumb Code    26  lv_obj.o(.text)
    lv_obj_get_disp                          0x0800bea5   Thumb Code    88  lv_obj.o(.text)
    lv_obj_invalidate                        0x0800befd   Thumb Code   206  lv_obj.o(.text)
    lv_obj_get_coords                        0x0800c01b   Thumb Code    18  lv_obj.o(.text)
    lv_obj_set_pos                           0x0800c02d   Thumb Code   162  lv_obj.o(.text)
    lv_obj_get_y                             0x0800c0cf   Thumb Code    24  lv_obj.o(.text)
    lv_obj_get_x                             0x0800c0e7   Thumb Code    24  lv_obj.o(.text)
    lv_obj_get_opa_scale                     0x0800c0ff   Thumb Code    40  lv_obj.o(.text)
    lv_obj_get_group                         0x0800c127   Thumb Code     6  lv_obj.o(.text)
    lv_obj_get_style                         0x0800c12d   Thumb Code   108  lv_obj.o(.text)
    lv_obj_set_design_cb                     0x0800c26f   Thumb Code     4  lv_obj.o(.text)
    lv_obj_refresh_ext_draw_pad              0x0800c273   Thumb Code    26  lv_obj.o(.text)
    lv_obj_is_protected                      0x0800c28d   Thumb Code    18  lv_obj.o(.text)
    lv_obj_set_signal_cb                     0x0800c2fd   Thumb Code     4  lv_obj.o(.text)
    lv_obj_create                            0x0800c301   Thumb Code   748  lv_obj.o(.text)
    lv_event_send_func                       0x0800c607   Thumb Code   146  lv_obj.o(.text)
    lv_event_send                            0x0800c699   Thumb Code    36  lv_obj.o(.text)
    lv_obj_del                               0x0800c7a5   Thumb Code   240  lv_obj.o(.text)
    lv_obj_del_async                         0x0800c8a1   Thumb Code    14  lv_obj.o(.text)
    lv_obj_get_child                         0x0800c8af   Thumb Code    34  lv_obj.o(.text)
    lv_obj_clean                             0x0800c8d1   Thumb Code    40  lv_obj.o(.text)
    lv_obj_set_parent                        0x0800c8f9   Thumb Code   104  lv_obj.o(.text)
    lv_obj_move_foreground                   0x0800c961   Thumb Code    62  lv_obj.o(.text)
    lv_obj_move_background                   0x0800c99f   Thumb Code    62  lv_obj.o(.text)
    lv_obj_set_x                             0x0800c9dd   Thumb Code    26  lv_obj.o(.text)
    lv_obj_set_y                             0x0800c9f7   Thumb Code    26  lv_obj.o(.text)
    lv_obj_get_height                        0x0800ca11   Thumb Code    16  lv_obj.o(.text)
    lv_obj_get_width                         0x0800ca21   Thumb Code    16  lv_obj.o(.text)
    lv_obj_align                             0x0800ca31   Thumb Code   952  lv_obj.o(.text)
    lv_obj_align_origo                       0x0800cde9   Thumb Code   760  lv_obj.o(.text)
    lv_obj_realign                           0x0800d0e1   Thumb Code    62  lv_obj.o(.text)
    lv_obj_set_size                          0x0800d11f   Thumb Code   158  lv_obj.o(.text)
    lv_obj_set_width                         0x0800d1bd   Thumb Code    26  lv_obj.o(.text)
    lv_obj_set_height                        0x0800d1d7   Thumb Code    26  lv_obj.o(.text)
    lv_obj_set_auto_realign                  0x0800d1f1   Thumb Code    14  lv_obj.o(.text)
    lv_obj_set_ext_click_area                0x0800d1ff   Thumb Code     6  lv_obj.o(.text)
    lv_obj_refresh_style                     0x0800d205   Thumb Code    28  lv_obj.o(.text)
    lv_obj_set_style                         0x0800d263   Thumb Code    22  lv_obj.o(.text)
    lv_obj_report_style_mod                  0x0800d2b5   Thumb Code    80  lv_obj.o(.text)
    lv_obj_set_hidden                        0x0800d305   Thumb Code    68  lv_obj.o(.text)
    lv_obj_set_click                         0x0800d349   Thumb Code    18  lv_obj.o(.text)
    lv_obj_set_top                           0x0800d35b   Thumb Code    18  lv_obj.o(.text)
    lv_obj_set_drag                          0x0800d36d   Thumb Code    34  lv_obj.o(.text)
    lv_obj_set_drag_dir                      0x0800d38f   Thumb Code    36  lv_obj.o(.text)
    lv_obj_set_drag_throw                    0x0800d3b3   Thumb Code    18  lv_obj.o(.text)
    lv_obj_set_drag_parent                   0x0800d3c5   Thumb Code    18  lv_obj.o(.text)
    lv_obj_set_parent_event                  0x0800d3d7   Thumb Code    18  lv_obj.o(.text)
    lv_obj_set_opa_scale_enable              0x0800d3e9   Thumb Code    14  lv_obj.o(.text)
    lv_obj_set_opa_scale                     0x0800d3f7   Thumb Code    18  lv_obj.o(.text)
    lv_obj_set_protect                       0x0800d409   Thumb Code    12  lv_obj.o(.text)
    lv_obj_clear_protect                     0x0800d415   Thumb Code    16  lv_obj.o(.text)
    lv_obj_set_event_cb                      0x0800d425   Thumb Code     4  lv_obj.o(.text)
    lv_event_get_data                        0x0800d429   Thumb Code     6  lv_obj.o(.text)
    lv_signal_send                           0x0800d42f   Thumb Code    24  lv_obj.o(.text)
    lv_obj_allocate_ext_attr                 0x0800d447   Thumb Code    20  lv_obj.o(.text)
    lv_obj_get_child_back                    0x0800d45b   Thumb Code    34  lv_obj.o(.text)
    lv_obj_count_children                    0x0800d47d   Thumb Code    38  lv_obj.o(.text)
    lv_obj_count_children_recursive          0x0800d4a3   Thumb Code    48  lv_obj.o(.text)
    lv_obj_get_inner_coords                  0x0800d4d3   Thumb Code    88  lv_obj.o(.text)
    lv_obj_get_width_fit                     0x0800d52b   Thumb Code    32  lv_obj.o(.text)
    lv_obj_get_height_fit                    0x0800d54b   Thumb Code    30  lv_obj.o(.text)
    lv_obj_get_auto_realign                  0x0800d569   Thumb Code    12  lv_obj.o(.text)
    lv_obj_get_ext_click_pad_left            0x0800d575   Thumb Code     6  lv_obj.o(.text)
    lv_obj_get_ext_click_pad_right           0x0800d57b   Thumb Code     6  lv_obj.o(.text)
    lv_obj_get_ext_click_pad_top             0x0800d581   Thumb Code     6  lv_obj.o(.text)
    lv_obj_get_ext_click_pad_bottom          0x0800d587   Thumb Code     6  lv_obj.o(.text)
    lv_obj_get_ext_draw_pad                  0x0800d58d   Thumb Code     8  lv_obj.o(.text)
    lv_obj_get_click                         0x0800d595   Thumb Code    12  lv_obj.o(.text)
    lv_obj_get_top                           0x0800d5a1   Thumb Code    12  lv_obj.o(.text)
    lv_obj_get_drag                          0x0800d5ad   Thumb Code    12  lv_obj.o(.text)
    lv_obj_get_drag_dir                      0x0800d5b9   Thumb Code    12  lv_obj.o(.text)
    lv_obj_get_drag_throw                    0x0800d5c5   Thumb Code    12  lv_obj.o(.text)
    lv_obj_get_drag_parent                   0x0800d5d1   Thumb Code    12  lv_obj.o(.text)
    lv_obj_get_parent_event                  0x0800d5dd   Thumb Code    10  lv_obj.o(.text)
    lv_obj_get_opa_scale_enable              0x0800d5e7   Thumb Code    12  lv_obj.o(.text)
    lv_obj_get_protect                       0x0800d5f3   Thumb Code     8  lv_obj.o(.text)
    lv_obj_get_signal_cb                     0x0800d5fb   Thumb Code     6  lv_obj.o(.text)
    lv_obj_get_design_cb                     0x0800d601   Thumb Code     6  lv_obj.o(.text)
    lv_obj_get_event_cb                      0x0800d607   Thumb Code     6  lv_obj.o(.text)
    lv_obj_get_ext_attr                      0x0800d60d   Thumb Code     6  lv_obj.o(.text)
    lv_obj_get_type                          0x0800d613   Thumb Code    88  lv_obj.o(.text)
    lv_obj_get_user_data                     0x0800d66b   Thumb Code     6  lv_obj.o(.text)
    lv_obj_get_user_data_ptr                 0x0800d671   Thumb Code     8  lv_obj.o(.text)
    lv_obj_set_user_data                     0x0800d679   Thumb Code     4  lv_obj.o(.text)
    lv_obj_is_focused                        0x0800d67d   Thumb Code    26  lv_obj.o(.text)
    lv_refr_init                             0x0800d6a5   Thumb Code     2  lv_refr.o(.text)
    lv_refr_get_disp_refreshing              0x0800d6a7   Thumb Code     6  lv_refr.o(.text)
    lv_disp_refr_task                        0x0800dbfd   Thumb Code   344  lv_refr.o(.text)
    lv_refr_now                              0x0800dd55   Thumb Code    46  lv_refr.o(.text)
    lv_inv_area                              0x0800dd83   Thumb Code   224  lv_refr.o(.text)
    lv_refr_set_disp_refreshing              0x0800de63   Thumb Code     6  lv_refr.o(.text)
    lv_style_copy                            0x0800df45   Thumb Code    18  lv_style.o(.text)
    lv_style_init                            0x0800df57   Thumb Code  1352  lv_style.o(.text)
    lv_style_mix                             0x0800e49f   Thumb Code   954  lv_style.o(.text)
    lv_style_anim_init                       0x0800e899   Thumb Code    80  lv_style.o(.text)
    lv_style_anim_set_styles                 0x0800e8e9   Thumb Code    52  lv_style.o(.text)
    lv_draw_get_buf                          0x0800e92d   Thumb Code    84  lv_draw.o(.text)
    lv_draw_free_buf                         0x0800e981   Thumb Code    28  lv_draw.o(.text)
    lv_draw_aa_get_opa                       0x0800e99d   Thumb Code    48  lv_draw.o(.text)
    lv_draw_aa_ver_seg                       0x0800e9cd   Thumb Code    92  lv_draw.o(.text)
    lv_draw_aa_hor_seg                       0x0800ea29   Thumb Code    92  lv_draw.o(.text)
    lv_draw_px                               0x0800eb0d   Thumb Code   214  lv_draw_basic.o(.text)
    lv_draw_fill                             0x0800ed2b   Thumb Code   156  lv_draw_basic.o(.text)
    lv_draw_letter                           0x0800edc7   Thumb Code   846  lv_draw_basic.o(.text)
    lv_draw_map                              0x0800f165   Thumb Code   796  lv_draw_basic.o(.text)
    lv_img_color_format_has_alpha            0x0800f491   Thumb Code    56  lv_draw_img.o(.text)
    lv_img_color_format_is_chroma_keyed      0x0800f4c9   Thumb Code    44  lv_draw_img.o(.text)
    lv_draw_img                              0x0800f675   Thumb Code   140  lv_draw_img.o(.text)
    lv_img_color_format_get_px_size          0x0800f701   Thumb Code    76  lv_draw_img.o(.text)
    lv_img_buf_get_px_color                  0x0800f74d   Thumb Code   420  lv_draw_img.o(.text)
    lv_img_buf_get_px_alpha                  0x0800f8f1   Thumb Code   354  lv_draw_img.o(.text)
    lv_img_buf_set_px_color                  0x0800fa53   Thumb Code   372  lv_draw_img.o(.text)
    lv_img_buf_set_px_alpha                  0x0800fbc7   Thumb Code   314  lv_draw_img.o(.text)
    lv_img_buf_set_palette                   0x0800fd01   Thumb Code   126  lv_draw_img.o(.text)
    lv_img_src_get_type                      0x0800fd7f   Thumb Code    64  lv_draw_img.o(.text)
    lv_draw_label                            0x0800fe1d   Thumb Code  1230  lv_draw_label.o(.text)
    lv_draw_line                             0x08011449   Thumb Code   826  lv_draw_line.o(.text)
    lv_draw_rect                             0x080143f9   Thumb Code   144  lv_draw_rect.o(.text)
    lv_img_cache_open                        0x080144b1   Thumb Code   290  lv_img_cache.o(.text)
    lv_img_cache_invalidate_src              0x080145d3   Thumb Code    94  lv_img_cache.o(.text)
    lv_img_cache_set_size                    0x08014631   Thumb Code   122  lv_img_cache.o(.text)
    lv_img_decoder_built_in_close            0x080146b9   Thumb Code    48  lv_img_decoder.o(.text)
    lv_img_decoder_set_close_cb              0x080146e9   Thumb Code     4  lv_img_decoder.o(.text)
    lv_img_decoder_built_in_read_line        0x08014ab3   Thumb Code   200  lv_img_decoder.o(.text)
    lv_img_decoder_set_read_line_cb          0x08014b7b   Thumb Code     4  lv_img_decoder.o(.text)
    lv_img_decoder_built_in_open             0x08014b7f   Thumb Code   454  lv_img_decoder.o(.text)
    lv_img_decoder_set_open_cb               0x08014d45   Thumb Code     4  lv_img_decoder.o(.text)
    lv_img_decoder_built_in_info             0x08014d49   Thumb Code   184  lv_img_decoder.o(.text)
    lv_img_decoder_set_info_cb               0x08014e01   Thumb Code     4  lv_img_decoder.o(.text)
    lv_img_decoder_create                    0x08014e05   Thumb Code    34  lv_img_decoder.o(.text)
    lv_img_decoder_init                      0x08014e27   Thumb Code    70  lv_img_decoder.o(.text)
    lv_img_decoder_get_info                  0x08014e6d   Thumb Code    74  lv_img_decoder.o(.text)
    lv_img_decoder_open                      0x08014eb7   Thumb Code   128  lv_img_decoder.o(.text)
    lv_img_decoder_read_line                 0x08014f37   Thumb Code    52  lv_img_decoder.o(.text)
    lv_img_decoder_close                     0x08014f6b   Thumb Code    24  lv_img_decoder.o(.text)
    lv_img_decoder_delete                    0x08014f83   Thumb Code    20  lv_img_decoder.o(.text)
    lv_font_get_glyph_bitmap                 0x08014f9d   Thumb Code    16  lv_font.o(.text)
    lv_font_get_glyph_dsc                    0x08014fad   Thumb Code    30  lv_font.o(.text)
    lv_font_get_glyph_width                  0x08014fcb   Thumb Code    38  lv_font.o(.text)
    lv_font_get_bitmap_fmt_txt               0x08015191   Thumb Code    52  lv_font_fmt_txt.o(.text)
    lv_font_get_glyph_dsc_fmt_txt            0x080152d3   Thumb Code   132  lv_font_fmt_txt.o(.text)
    lv_disp_drv_init                         0x08015365   Thumb Code    70  lv_hal_disp.o(.text)
    lv_disp_buf_init                         0x080153ab   Thumb Code    34  lv_hal_disp.o(.text)
    lv_disp_drv_register                     0x080153cd   Thumb Code   184  lv_hal_disp.o(.text)
    lv_disp_get_default                      0x08015485   Thumb Code     6  lv_hal_disp.o(.text)
    lv_disp_get_ver_res                      0x0801548b   Thumb Code    40  lv_hal_disp.o(.text)
    lv_disp_get_hor_res                      0x080154b3   Thumb Code    40  lv_hal_disp.o(.text)
    lv_disp_drv_update                       0x080154db   Thumb Code    76  lv_hal_disp.o(.text)
    lv_disp_set_default                      0x08015527   Thumb Code     6  lv_hal_disp.o(.text)
    lv_disp_remove                           0x0801552d   Thumb Code    82  lv_hal_disp.o(.text)
    lv_disp_get_antialiasing                 0x0801557f   Thumb Code    26  lv_hal_disp.o(.text)
    lv_disp_flush_ready                      0x08015599   Thumb Code    14  lv_hal_disp.o(.text)
    lv_disp_get_next                         0x080155a7   Thumb Code    24  lv_hal_disp.o(.text)
    lv_disp_get_buf                          0x080155bf   Thumb Code     6  lv_hal_disp.o(.text)
    lv_disp_get_inv_buf_size                 0x080155c5   Thumb Code    12  lv_hal_disp.o(.text)
    lv_disp_pop_from_inv_buf                 0x080155d1   Thumb Code    36  lv_hal_disp.o(.text)
    lv_disp_is_double_buf                    0x080155f5   Thumb Code    22  lv_hal_disp.o(.text)
    lv_disp_is_true_double_buf               0x0801560b   Thumb Code    40  lv_hal_disp.o(.text)
    lv_indev_drv_init                        0x08015649   Thumb Code    36  lv_hal_indev.o(.text)
    lv_indev_drv_register                    0x0801566d   Thumb Code   100  lv_hal_indev.o(.text)
    lv_indev_drv_update                      0x080156d1   Thumb Code    18  lv_hal_indev.o(.text)
    lv_indev_get_next                        0x080156e3   Thumb Code    24  lv_hal_indev.o(.text)
    lv_indev_read                            0x080156fb   Thumb Code    62  lv_hal_indev.o(.text)
    lv_tick_inc                              0x08015741   Thumb Code    18  lv_hal_tick.o(.text)
    lv_tick_get                              0x08015753   Thumb Code    22  lv_hal_tick.o(.text)
    lv_tick_elaps                            0x08015769   Thumb Code    26  lv_hal_tick.o(.text)
    lv_anim_core_init                        0x080158fb   Thumb Code    32  lv_anim.o(.text)
    lv_anim_path_linear                      0x0801591b   Thumb Code    52  lv_anim.o(.text)
    lv_anim_init                             0x0801594f   Thumb Code    34  lv_anim.o(.text)
    lv_anim_del                              0x08015971   Thumb Code    80  lv_anim.o(.text)
    lv_anim_create                           0x080159c1   Thumb Code    80  lv_anim.o(.text)
    lv_anim_count_running                    0x08015a11   Thumb Code    40  lv_anim.o(.text)
    lv_anim_speed_to_time                    0x08015a39   Thumb Code    48  lv_anim.o(.text)
    lv_anim_path_ease_in                     0x08015a69   Thumb Code    72  lv_anim.o(.text)
    lv_anim_path_ease_out                    0x08015ab1   Thumb Code    72  lv_anim.o(.text)
    lv_anim_path_ease_in_out                 0x08015af9   Thumb Code    74  lv_anim.o(.text)
    lv_anim_path_overshoot                   0x08015b43   Thumb Code    76  lv_anim.o(.text)
    lv_anim_path_bounce                      0x08015b8f   Thumb Code   256  lv_anim.o(.text)
    lv_anim_path_step                        0x08015c8f   Thumb Code    24  lv_anim.o(.text)
    lv_area_set                              0x08015ca7   Thumb Code    14  lv_area.o(.text)
    lv_area_set_width                        0x08015cb5   Thumb Code    12  lv_area.o(.text)
    lv_area_set_height                       0x08015cc1   Thumb Code    12  lv_area.o(.text)
    lv_area_set_pos                          0x08015ccd   Thumb Code    58  lv_area.o(.text)
    lv_area_get_size                         0x08015d07   Thumb Code    34  lv_area.o(.text)
    lv_area_intersect                        0x08015d29   Thumb Code   130  lv_area.o(.text)
    lv_area_join                             0x08015dab   Thumb Code   100  lv_area.o(.text)
    lv_area_is_point_on                      0x08015e0f   Thumb Code    58  lv_area.o(.text)
    lv_area_is_on                            0x08015e49   Thumb Code    58  lv_area.o(.text)
    lv_area_is_in                            0x08015e83   Thumb Code    58  lv_area.o(.text)
    lv_async_call                            0x08015ed1   Thumb Code    66  lv_async.o(.text)
    lv_circ_init                             0x08015f19   Thumb Code    16  lv_circ.o(.text)
    lv_circ_cont                             0x08015f29   Thumb Code    22  lv_circ.o(.text)
    lv_circ_next                             0x08015f3f   Thumb Code    60  lv_circ.o(.text)
    lv_color_hsv_to_rgb                      0x08015fab   Thumb Code   250  lv_color.o(.text)
    lv_color_rgb_to_hsv                      0x080160a5   Thumb Code   194  lv_color.o(.text)
    lv_fs_init                               0x08016169   Thumb Code    12  lv_fs.o(.text)
    lv_fs_is_ready                           0x0801619f   Thumb Code    34  lv_fs.o(.text)
    lv_fs_open                               0x080161c1   Thumb Code   148  lv_fs.o(.text)
    lv_fs_close                              0x08016255   Thumb Code    50  lv_fs.o(.text)
    lv_fs_remove                             0x080162ad   Thumb Code    78  lv_fs.o(.text)
    lv_fs_read                               0x080162fb   Thumb Code    72  lv_fs.o(.text)
    lv_fs_write                              0x08016343   Thumb Code    72  lv_fs.o(.text)
    lv_fs_seek                               0x0801638b   Thumb Code    40  lv_fs.o(.text)
    lv_fs_tell                               0x080163b3   Thumb Code    44  lv_fs.o(.text)
    lv_fs_trunc                              0x080163df   Thumb Code    36  lv_fs.o(.text)
    lv_fs_size                               0x08016403   Thumb Code    46  lv_fs.o(.text)
    lv_fs_rename                             0x08016431   Thumb Code    90  lv_fs.o(.text)
    lv_fs_dir_open                           0x0801648b   Thumb Code   102  lv_fs.o(.text)
    lv_fs_dir_read                           0x080164f1   Thumb Code    48  lv_fs.o(.text)
    lv_fs_dir_close                          0x08016521   Thumb Code    60  lv_fs.o(.text)
    lv_fs_free_space                         0x0801655d   Thumb Code    70  lv_fs.o(.text)
    lv_fs_drv_init                           0x080165a3   Thumb Code    14  lv_fs.o(.text)
    lv_fs_drv_register                       0x080165b1   Thumb Code    36  lv_fs.o(.text)
    lv_fs_get_letters                        0x080165d5   Thumb Code    46  lv_fs.o(.text)
    lv_fs_get_ext                            0x08016603   Thumb Code    54  lv_fs.o(.text)
    lv_fs_up                                 0x08016639   Thumb Code    94  lv_fs.o(.text)
    lv_fs_get_last                           0x08016697   Thumb Code    90  lv_fs.o(.text)
    lv_ll_init                               0x080166f9   Thumb Code    22  lv_ll.o(.text)
    lv_ll_ins_head                           0x0801676b   Thumb Code    64  lv_ll.o(.text)
    lv_ll_get_prev                           0x080167ab   Thumb Code    20  lv_ll.o(.text)
    lv_ll_get_head                           0x080167bf   Thumb Code    10  lv_ll.o(.text)
    lv_ll_ins_prev                           0x080167c9   Thumb Code   114  lv_ll.o(.text)
    lv_ll_ins_tail                           0x0801683b   Thumb Code    70  lv_ll.o(.text)
    lv_ll_get_next                           0x08016881   Thumb Code    22  lv_ll.o(.text)
    lv_ll_get_tail                           0x08016897   Thumb Code    10  lv_ll.o(.text)
    lv_ll_rem                                0x080168a1   Thumb Code   138  lv_ll.o(.text)
    lv_ll_clear                              0x0801692b   Thumb Code    48  lv_ll.o(.text)
    lv_ll_chg_list                           0x0801695b   Thumb Code   112  lv_ll.o(.text)
    lv_ll_get_len                            0x080169cb   Thumb Code    36  lv_ll.o(.text)
    lv_ll_swap                               0x080169ef   Thumb Code     2  lv_ll.o(.text)
    lv_ll_move_before                        0x080169f1   Thumb Code   106  lv_ll.o(.text)
    lv_ll_is_empty                           0x08016a5b   Thumb Code    24  lv_ll.o(.text)
    lv_trigo_sin                             0x08016a75   Thumb Code   106  lv_math.o(.text)
    lv_bezier3                               0x08016adf   Thumb Code    94  lv_math.o(.text)
    lv_mem_init                              0x08016b41   Thumb Code    32  lv_mem.o(.text)
    lv_mem_alloc                             0x08016c07   Thumb Code    70  lv_mem.o(.text)
    lv_mem_get_size                          0x08016c4d   Thumb Code    26  lv_mem.o(.text)
    lv_mem_free                              0x08016c67   Thumb Code   110  lv_mem.o(.text)
    lv_mem_realloc                           0x08016cd5   Thumb Code   108  lv_mem.o(.text)
    lv_mem_defrag                            0x08016d41   Thumb Code   110  lv_mem.o(.text)
    lv_mem_monitor                           0x08016daf   Thumb Code   132  lv_mem.o(.text)
    lv_task_enable                           0x08016e41   Thumb Code     6  lv_task.o(.text)
    lv_task_core_init                        0x08016e47   Thumb Code    18  lv_task.o(.text)
    lv_task_del                              0x08016e59   Thumb Code    34  lv_task.o(.text)
    lv_task_handler                          0x08016ec3   Thumb Code   330  lv_task.o(.text)
    lv_task_create_basic                     0x0801700d   Thumb Code   156  lv_task.o(.text)
    lv_task_set_prio                         0x080170a9   Thumb Code    94  lv_task.o(.text)
    lv_task_set_period                       0x08017107   Thumb Code     4  lv_task.o(.text)
    lv_task_set_cb                           0x0801710b   Thumb Code     4  lv_task.o(.text)
    lv_task_create                           0x0801710f   Thumb Code    62  lv_task.o(.text)
    lv_task_ready                            0x0801714d   Thumb Code    18  lv_task.o(.text)
    lv_task_once                             0x0801715f   Thumb Code    12  lv_task.o(.text)
    lv_task_reset                            0x0801716b   Thumb Code    12  lv_task.o(.text)
    lv_task_get_idle                         0x08017177   Thumb Code     6  lv_task.o(.text)
    lv_txt_is_cmd                            0x080171a5   Thumb Code    66  lv_txt.o(.text)
    lv_txt_get_width                         0x080171e7   Thumb Code   140  lv_txt.o(.text)
    lv_txt_get_next_line                     0x08017273   Thumb Code   272  lv_txt.o(.text)
    lv_txt_get_size                          0x08017383   Thumb Code   204  lv_txt.o(.text)
    lv_txt_ins                               0x0801744f   Thumb Code    74  lv_txt.o(.text)
    lv_txt_cut                               0x08017499   Thumb Code    66  lv_txt.o(.text)
    lv_utils_num_to_str                      0x08017829   Thumb Code   128  lv_utils.o(.text)
    lv_utils_bsearch                         0x080178a9   Thumb Code    84  lv_utils.o(.text)
    lv_cont_get_layout                       0x08017fdd   Thumb Code    20  lv_cont.o(.text)
    lv_cont_create                           0x08018365   Thumb Code   240  lv_cont.o(.text)
    lv_cont_set_layout                       0x08018455   Thumb Code    48  lv_cont.o(.text)
    lv_cont_set_fit4                         0x08018485   Thumb Code   120  lv_cont.o(.text)
    lv_cont_get_fit_left                     0x080184fd   Thumb Code    20  lv_cont.o(.text)
    lv_cont_get_fit_right                    0x08018511   Thumb Code    18  lv_cont.o(.text)
    lv_cont_get_fit_top                      0x08018523   Thumb Code    20  lv_cont.o(.text)
    lv_cont_get_fit_bottom                   0x08018537   Thumb Code    20  lv_cont.o(.text)
    lv_img_get_auto_size                     0x0801857d   Thumb Code    20  lv_img.o(.text)
    lv_img_set_src                           0x08018591   Thumb Code   330  lv_img.o(.text)
    lv_img_create                            0x0801890d   Thumb Code   238  lv_img.o(.text)
    lv_img_set_auto_size                     0x080189fb   Thumb Code    24  lv_img.o(.text)
    lv_img_set_offset_x                      0x08018a13   Thumb Code    34  lv_img.o(.text)
    lv_img_set_offset_y                      0x08018a35   Thumb Code    34  lv_img.o(.text)
    lv_img_get_src                           0x08018a57   Thumb Code    16  lv_img.o(.text)
    lv_img_get_file_name                     0x08018a67   Thumb Code    30  lv_img.o(.text)
    lv_img_get_offset_x                      0x08018a85   Thumb Code    18  lv_img.o(.text)
    lv_img_get_offset_y                      0x08018a97   Thumb Code    18  lv_img.o(.text)
    lv_label_get_text                        0x08018b51   Thumb Code    16  lv_label.o(.text)
    lv_label_get_letter_on                   0x08018b61   Thumb Code   386  lv_label.o(.text)
    lv_label_set_static_text                 0x0801910b   Thumb Code    58  lv_label.o(.text)
    lv_label_set_text                        0x08019145   Thumb Code   152  lv_label.o(.text)
    lv_label_get_align                       0x080191dd   Thumb Code    20  lv_label.o(.text)
    lv_label_set_align                       0x080191f1   Thumb Code    44  lv_label.o(.text)
    lv_label_get_body_draw                   0x0801921d   Thumb Code    20  lv_label.o(.text)
    lv_label_set_body_draw                   0x08019231   Thumb Code    50  lv_label.o(.text)
    lv_label_get_recolor                     0x08019263   Thumb Code    20  lv_label.o(.text)
    lv_label_set_recolor                     0x08019277   Thumb Code    44  lv_label.o(.text)
    lv_label_get_long_mode                   0x080192a3   Thumb Code    20  lv_label.o(.text)
    lv_label_set_long_mode                   0x08019347   Thumb Code   128  lv_label.o(.text)
    lv_label_get_text_sel_end                0x0801951d   Thumb Code     8  lv_label.o(.text)
    lv_label_get_text_sel_start              0x08019525   Thumb Code     8  lv_label.o(.text)
    lv_label_create                          0x080197a7   Thumb Code   490  lv_label.o(.text)
    lv_label_set_array_text                  0x08019991   Thumb Code   120  lv_label.o(.text)
    lv_label_set_anim_speed                  0x08019a09   Thumb Code    54  lv_label.o(.text)
    lv_label_set_text_sel_start              0x08019a3f   Thumb Code     2  lv_label.o(.text)
    lv_label_set_text_sel_end                0x08019a41   Thumb Code     2  lv_label.o(.text)
    lv_label_get_anim_speed                  0x08019a43   Thumb Code    16  lv_label.o(.text)
    lv_label_get_letter_pos                  0x08019a53   Thumb Code   408  lv_label.o(.text)
    lv_label_is_char_under_pos               0x08019beb   Thumb Code   448  lv_label.o(.text)
    lv_label_ins_text                        0x08019dab   Thumb Code   120  lv_label.o(.text)
    lv_label_cut_text                        0x08019e23   Thumb Code    64  lv_label.o(.text)
    lv_led_create                            0x0801a027   Thumb Code   174  lv_led.o(.text)
    lv_led_set_bright                        0x0801a0d5   Thumb Code    34  lv_led.o(.text)
    lv_led_on                                0x0801a0f7   Thumb Code    14  lv_led.o(.text)
    lv_led_off                               0x0801a105   Thumb Code    14  lv_led.o(.text)
    lv_led_get_bright                        0x0801a113   Thumb Code    16  lv_led.o(.text)
    lv_led_toggle                            0x0801a123   Thumb Code    32  lv_led.o(.text)
    lv_line_set_points                       0x0801a171   Thumb Code   140  lv_line.o(.text)
    lv_line_get_auto_size                    0x0801a1fd   Thumb Code    20  lv_line.o(.text)
    lv_line_set_auto_size                    0x0801a211   Thumb Code    50  lv_line.o(.text)
    lv_line_get_y_invert                     0x0801a243   Thumb Code    20  lv_line.o(.text)
    lv_line_set_y_invert                     0x0801a257   Thumb Code    44  lv_line.o(.text)
    lv_line_create                           0x0801a509   Thumb Code   218  lv_line.o(.text)
    lv_lmeter_create                         0x0801a905   Thumb Code   190  lv_lmeter.o(.text)
    lv_lmeter_set_value                      0x0801a9c3   Thumb Code    76  lv_lmeter.o(.text)
    lv_lmeter_set_range                      0x0801aa0f   Thumb Code    92  lv_lmeter.o(.text)
    lv_lmeter_set_scale                      0x0801aa6b   Thumb Code    48  lv_lmeter.o(.text)
    lv_lmeter_get_value                      0x0801aa9b   Thumb Code    18  lv_lmeter.o(.text)
    lv_lmeter_get_min_value                  0x0801aaad   Thumb Code    18  lv_lmeter.o(.text)
    lv_lmeter_get_max_value                  0x0801aabf   Thumb Code    18  lv_lmeter.o(.text)
    lv_lmeter_get_line_count                 0x0801aad1   Thumb Code    16  lv_lmeter.o(.text)
    lv_lmeter_get_scale_angle                0x0801aae1   Thumb Code    16  lv_lmeter.o(.text)
    lv_page_get_scrl                         0x0801ab21   Thumb Code    16  lv_page.o(.text)
    lv_page_get_style                        0x0801af41   Thumb Code    74  lv_page.o(.text)
    lv_page_scroll_hor                       0x0801b257   Thumb Code   100  lv_page.o(.text)
    lv_page_scroll_ver                       0x0801b2bb   Thumb Code   100  lv_page.o(.text)
    lv_page_set_style                        0x0801b613   Thumb Code   114  lv_page.o(.text)
    lv_page_set_sb_mode                      0x0801b685   Thumb Code   124  lv_page.o(.text)
    lv_page_start_edge_flash                 0x0801b757   Thumb Code   112  lv_page.o(.text)
    lv_page_create                           0x0801bdc5   Thumb Code   554  lv_page.o(.text)
    lv_page_clean                            0x0801bfef   Thumb Code    20  lv_page.o(.text)
    lv_page_set_anim_time                    0x0801c003   Thumb Code    18  lv_page.o(.text)
    lv_page_set_scroll_propagation           0x0801c015   Thumb Code    28  lv_page.o(.text)
    lv_page_set_edge_flash                   0x0801c031   Thumb Code    28  lv_page.o(.text)
    lv_page_get_anim_time                    0x0801c04d   Thumb Code    16  lv_page.o(.text)
    lv_page_get_sb_mode                      0x0801c05d   Thumb Code    20  lv_page.o(.text)
    lv_page_get_scroll_propagation           0x0801c071   Thumb Code    22  lv_page.o(.text)
    lv_page_get_edge_flash                   0x0801c087   Thumb Code    22  lv_page.o(.text)
    lv_page_get_fit_width                    0x0801c09d   Thumb Code    52  lv_page.o(.text)
    lv_page_get_fit_height                   0x0801c0d1   Thumb Code    50  lv_page.o(.text)
    lv_page_on_edge                          0x0801c103   Thumb Code   206  lv_page.o(.text)
    lv_page_glue_obj                         0x0801c1d1   Thumb Code    24  lv_page.o(.text)
    lv_page_focus                            0x0801c1e9   Thumb Code   526  lv_page.o(.text)
    lv_theme_set_current                     0x0801c43d   Thumb Code    40  lv_theme.o(.text)
    lv_theme_get_current                     0x0801c465   Thumb Code     6  lv_theme.o(.text)
    lv_theme_night_init                      0x0801d609   Thumb Code   180  lv_theme_night.o(.text)
    lv_theme_get_night                       0x0801d6bd   Thumb Code     4  lv_theme_night.o(.text)
    lv_port_disp_init                        0x0801d70f   Thumb Code    62  lv_port_disp.o(.text)
    disk_status                              0x0801d765   Thumb Code    50  diskio.o(.text)
    disk_initialize                          0x0801d7a9   Thumb Code    50  diskio.o(.text)
    disk_read                                0x0801d80d   Thumb Code    78  diskio.o(.text)
    disk_write                               0x0801d88d   Thumb Code    78  diskio.o(.text)
    disk_ioctl                               0x0801d8db   Thumb Code    92  diskio.o(.text)
    f_mount                                  0x0801eadf   Thumb Code    80  ff.o(.text)
    f_open                                   0x0801eb2f   Thumb Code   498  ff.o(.text)
    f_read                                   0x0801ed21   Thumb Code   454  ff.o(.text)
    f_write                                  0x0801eee7   Thumb Code   494  ff.o(.text)
    f_sync                                   0x0801f0d5   Thumb Code   156  ff.o(.text)
    f_close                                  0x0801f171   Thumb Code    34  ff.o(.text)
    f_lseek                                  0x0801f193   Thumb Code   688  ff.o(.text)
    f_opendir                                0x0801f443   Thumb Code   108  ff.o(.text)
    f_closedir                               0x0801f4af   Thumb Code    24  ff.o(.text)
    f_readdir                                0x0801f4c7   Thumb Code    84  ff.o(.text)
    f_findnext                               0x0801f51b   Thumb Code    54  ff.o(.text)
    f_findfirst                              0x0801f551   Thumb Code    42  ff.o(.text)
    f_stat                                   0x0801f57b   Thumb Code    62  ff.o(.text)
    f_getfree                                0x0801f5b9   Thumb Code   246  ff.o(.text)
    f_truncate                               0x0801f6af   Thumb Code   178  ff.o(.text)
    f_unlink                                 0x0801f761   Thumb Code   170  ff.o(.text)
    f_mkdir                                  0x0801f80b   Thumb Code   256  ff.o(.text)
    f_rename                                 0x0801f90b   Thumb Code   282  ff.o(.text)
    f_getlabel                               0x0801fa25   Thumb Code   188  ff.o(.text)
    f_setlabel                               0x0801fae1   Thumb Code   322  ff.o(.text)
    f_mkfs                                   0x0801fd89   Thumb Code  1648  ff.o(.text)
    f_gets                                   0x080203f9   Thumb Code    80  ff.o(.text)
    f_putc                                   0x080204cd   Thumb Code    34  ff.o(.text)
    f_puts                                   0x080204ef   Thumb Code    44  ff.o(.text)
    f_printf                                 0x0802051b   Thumb Code   676  ff.o(.text)
    __aeabi_memcpy                           0x080207bf   Thumb Code    36  memcpya.o(.text)
    __aeabi_memcpy4                          0x080207bf   Thumb Code     0  memcpya.o(.text)
    __aeabi_memcpy8                          0x080207bf   Thumb Code     0  memcpya.o(.text)
    __aeabi_memset                           0x080207e3   Thumb Code    14  memseta.o(.text)
    __aeabi_memset4                          0x080207e3   Thumb Code     0  memseta.o(.text)
    __aeabi_memset8                          0x080207e3   Thumb Code     0  memseta.o(.text)
    __aeabi_memclr                           0x080207f1   Thumb Code     4  memseta.o(.text)
    __aeabi_memclr4                          0x080207f1   Thumb Code     0  memseta.o(.text)
    __aeabi_memclr8                          0x080207f1   Thumb Code     0  memseta.o(.text)
    _memset$wrapper                          0x080207f5   Thumb Code    18  memseta.o(.text)
    strlen                                   0x08020807   Thumb Code    14  strlen.o(.text)
    strcmp                                   0x08020815   Thumb Code    28  strcmp.o(.text)
    strcpy                                   0x08020831   Thumb Code    18  strcpy.o(.text)
    __aeabi_dmul                             0x08020843   Thumb Code   228  dmul.o(.text)
    __aeabi_ui2d                             0x08020927   Thumb Code    26  dfltui.o(.text)
    __aeabi_d2uiz                            0x08020941   Thumb Code    50  dfixui.o(.text)
    __aeabi_uldivmod                         0x08020973   Thumb Code    98  uldiv.o(.text)
    __aeabi_llsr                             0x080209d5   Thumb Code    32  llushr.o(.text)
    _ll_ushift_r                             0x080209d5   Thumb Code     0  llushr.o(.text)
    __I$use$fp                               0x080209f5   Thumb Code     0  iusefp.o(.text)
    _double_round                            0x080209f5   Thumb Code    30  depilogue.o(.text)
    _double_epilogue                         0x08020a13   Thumb Code   156  depilogue.o(.text)
    __scatterload                            0x08020ab1   Thumb Code    28  init.o(.text)
    __scatterload_rt2                        0x08020ab1   Thumb Code     0  init.o(.text)
    __aeabi_llsl                             0x08020ad5   Thumb Code    30  llshl.o(.text)
    _ll_shift_l                              0x08020ad5   Thumb Code     0  llshl.o(.text)
    __decompress                             0x08020af3   Thumb Code     0  __dczerorl2.o(.text)
    __decompress1                            0x08020af3   Thumb Code    86  __dczerorl2.o(.text)
    __0printf$5                              0x08020b49   Thumb Code    22  printf5.o(i.__0printf$5)
    __1printf$5                              0x08020b49   Thumb Code     0  printf5.o(i.__0printf$5)
    __2printf                                0x08020b49   Thumb Code     0  printf5.o(i.__0printf$5)
    __scatterload_copy                       0x08020b69   Thumb Code    14  handlers.o(i.__scatterload_copy)
    __scatterload_null                       0x08020b77   Thumb Code     2  handlers.o(i.__scatterload_null)
    __scatterload_zeroinit                   0x08020b79   Thumb Code    14  handlers.o(i.__scatterload_zeroinit)
    malloc                                   0x08020e49   Thumb Code    92  malloc.o(i.malloc)
    asc2_1206                                0x08020eb4   Data        1140  lcd.o(.constdata)
    asc2_1608                                0x08021328   Data        1520  lcd.o(.constdata)
    asc2_2412                                0x08021918   Data        3420  lcd.o(.constdata)
    table_week                               0x08022674   Data          12  rtc.o(.constdata)
    ImgLight_map                             0x0802af44   Data        7896  imglight.o(.constdata)
    ImgLight                                 0x0802ce1c   Data          12  imglight.o(.constdata)
    ImgStopWatch_map                         0x0802ce28   Data       10206  imgstopwatch.o(.constdata)
    ImgStopWatch                             0x0802f608   Data          12  imgstopwatch.o(.constdata)
    ImgTimeCfg_map                           0x0802f614   Data        8748  imgtimecfg.o(.constdata)
    ImgTimeCfg                               0x08031840   Data          12  imgtimecfg.o(.constdata)
    Region$$Table$$Base                      0x080318b4   Number         0  anon$$obj.o(Region$$Table)
    Region$$Table$$Limit                     0x080318d4   Number         0  anon$$obj.o(Region$$Table)
    SystemCoreClock                          0x20000000   Data           4  system_stm32f10x.o(.data)
    AHBPrescTable                            0x20000004   Data          16  system_stm32f10x.o(.data)
    POINT_COLOR                              0x2000001e   Data           2  lcd.o(.data)
    BACK_COLOR                               0x20000020   Data           2  lcd.o(.data)
    __stdout                                 0x20000028   Data           4  usart.o(.data)
    USART_RX_STA                             0x2000002c   Data           2  usart.o(.data)
    MonTab                                   0x2000002e   Data          12  rtc.o(.data)
    TimerTaskLinkList                        0x2000003c   Data           4  timer.o(.data)
    HomePageNode                             0x200000a0   Data         144  home_page.o(.data)
    MainMenuPageNode                         0x20000148   Data         144  manage_page.o(.data)
    StopWatchPageNode                        0x200001e8   Data         144  stopwatch_page.o(.data)
    LightSettingPageNode                     0x20000278   Data         144  lightsetting_page.o(.data)
    TimeSetPageNode                          0x20000308   Data         144  timeset_page.o(.data)
    FsDrv                                    0x20000398   Data          72  common.o(.data)
    lv_font_roboto_16                        0x20000fe0   Data          20  lv_font_roboto_16.o(.data)
    _lv_img_cache_array                      0x20001008   Data           4  lv_gc.o(.data)
    _lv_task_act                             0x2000100c   Data           4  lv_gc.o(.data)
    _lv_draw_buf                             0x20001010   Data           4  lv_gc.o(.data)
    lv_txt_encoded_size                      0x200010e8   Data           4  lv_txt.o(.data)
    lv_txt_unicode_to_encoded                0x200010ec   Data           4  lv_txt.o(.data)
    lv_txt_encoded_conv_wc                   0x200010f0   Data           4  lv_txt.o(.data)
    lv_txt_encoded_next                      0x200010f4   Data           4  lv_txt.o(.data)
    lv_txt_encoded_prev                      0x200010f8   Data           4  lv_txt.o(.data)
    lv_txt_encoded_get_byte_id               0x200010fc   Data           4  lv_txt.o(.data)
    lv_encoded_get_char_id                   0x20001100   Data           4  lv_txt.o(.data)
    lv_txt_get_encoded_length                0x20001104   Data           4  lv_txt.o(.data)
    font_hei48                               0x20001154   Data          20  font_hei48.o(.data)
    __microlib_freelist                      0x20001174   Data           4  mvars.o(.data)
    __microlib_freelist_initialised          0x20001178   Data           4  mvars.o(.data)
    lcddev                                   0x2000117c   Data          14  lcd.o(.bss)
    USART_RX_BUF                             0x2000118a   Data         200  usart.o(.bss)
    lv_style_scr                             0x20002980   Data          60  lv_style.o(.bss)
    lv_style_transp                          0x200029bc   Data          60  lv_style.o(.bss)
    lv_style_transp_fit                      0x200029f8   Data          60  lv_style.o(.bss)
    lv_style_transp_tight                    0x20002a34   Data          60  lv_style.o(.bss)
    lv_style_plain                           0x20002a70   Data          60  lv_style.o(.bss)
    lv_style_plain_color                     0x20002aac   Data          60  lv_style.o(.bss)
    lv_style_pretty                          0x20002ae8   Data          60  lv_style.o(.bss)
    lv_style_pretty_color                    0x20002b24   Data          60  lv_style.o(.bss)
    lv_style_btn_rel                         0x20002b60   Data          60  lv_style.o(.bss)
    lv_style_btn_pr                          0x20002b9c   Data          60  lv_style.o(.bss)
    lv_style_btn_tgl_rel                     0x20002bd8   Data          60  lv_style.o(.bss)
    lv_style_btn_tgl_pr                      0x20002c14   Data          60  lv_style.o(.bss)
    lv_style_btn_ina                         0x20002c50   Data          60  lv_style.o(.bss)
    _lv_task_ll                              0x20002c8c   Data          12  lv_gc.o(.bss)
    _lv_disp_ll                              0x20002c98   Data          12  lv_gc.o(.bss)
    _lv_indev_ll                             0x20002ca4   Data          12  lv_gc.o(.bss)
    _lv_drv_ll                               0x20002cb0   Data          12  lv_gc.o(.bss)
    _lv_file_ll                              0x20002cbc   Data          12  lv_gc.o(.bss)
    _lv_anim_ll                              0x20002cc8   Data          12  lv_gc.o(.bss)
    _lv_group_ll                             0x20002cd4   Data          12  lv_gc.o(.bss)
    _lv_img_defoder_ll                       0x20002ce0   Data          12  lv_gc.o(.bss)
    __heap_base                              0x2000a030   Data           0  startup_stm32f10x_hd.o(HEAP)
    __heap_limit                             0x2000a430   Data           0  startup_stm32f10x_hd.o(HEAP)
    __initial_sp                             0x2000b430   Data           0  startup_stm32f10x_hd.o(STACK)



==============================================================================

Memory Map of the image

  Image Entry point : 0x08000131

  Load Region LR_IROM1 (Base: 0x08000000, Size: 0x00032a50, Max: 0x00080000, ABSOLUTE, COMPRESSED[0x000320d8])

    Execution Region ER_IROM1 (Base: 0x08000000, Size: 0x000318d4, Max: 0x00080000, ABSOLUTE)

    Base Addr    Size         Type   Attr      Idx    E Section Name        Object

    0x08000000   0x00000130   Data   RO          862    RESET               startup_stm32f10x_hd.o
    0x08000130   0x00000000   Code   RO         5274  * .ARM.Collect$$$$00000000  mc_w.l(entry.o)
    0x08000130   0x00000004   Code   RO         5584    .ARM.Collect$$$$00000001  mc_w.l(entry2.o)
    0x08000134   0x00000004   Code   RO         5587    .ARM.Collect$$$$00000004  mc_w.l(entry5.o)
    0x08000138   0x00000000   Code   RO         5589    .ARM.Collect$$$$00000008  mc_w.l(entry7b.o)
    0x08000138   0x00000000   Code   RO         5591    .ARM.Collect$$$$0000000A  mc_w.l(entry8b.o)
    0x08000138   0x00000008   Code   RO         5592    .ARM.Collect$$$$0000000B  mc_w.l(entry9a.o)
    0x08000140   0x00000000   Code   RO         5594    .ARM.Collect$$$$0000000D  mc_w.l(entry10a.o)
    0x08000140   0x00000000   Code   RO         5596    .ARM.Collect$$$$0000000F  mc_w.l(entry11a.o)
    0x08000140   0x00000004   Code   RO         5585    .ARM.Collect$$$$00002712  mc_w.l(entry2.o)
    0x08000144   0x000000cc   Code   RO            1    .text               main.o
    0x08000210   0x0000001a   Code   RO          423    .text               stm32f10x_it.o
    0x0800022a   0x00000002   PAD
    0x0800022c   0x000001e0   Code   RO          464    .text               system_stm32f10x.o
    0x0800040c   0x000001e0   Code   RO          494    .text               key.o
    0x080005ec   0x00004a5c   Code   RO          695    .text               lcd.o
    0x08005048   0x000000d4   Code   RO          718    .text               delay.o
    0x0800511c   0x00000140   Code   RO          749    .text               usart.o
    0x0800525c   0x000004dc   Code   RO          772    .text               rtc.o
    0x08005738   0x00000110   Code   RO          789    .text               timer.o
    0x08005848   0x000000d0   Code   RO          808    .text               spi.o
    0x08005918   0x0000018c   Code   RO          824    .text               dma.o
    0x08005aa4   0x000000bc   Code   RO          838    .text               adc.o
    0x08005b60   0x00000024   Code   RO          863    .text               startup_stm32f10x_hd.o
    0x08005b84   0x000000dc   Code   RO          867    .text               misc.o
    0x08005c60   0x0000060c   Code   RO          879    .text               stm32f10x_fsmc.o
    0x0800626c   0x0000035c   Code   RO          891    .text               stm32f10x_gpio.o
    0x080065c8   0x000003a4   Code   RO          903    .text               stm32f10x_rcc.o
    0x0800696c   0x00000408   Code   RO          917    .text               stm32f10x_usart.o
    0x08006d74   0x000000c4   Code   RO          929    .text               stm32f10x_bkp.o
    0x08006e38   0x00000148   Code   RO          941    .text               stm32f10x_rtc.o
    0x08006f80   0x000000cc   Code   RO          953    .text               stm32f10x_pwr.o
    0x0800704c   0x00000e1a   Code   RO          965    .text               stm32f10x_tim.o
    0x08007e66   0x00000002   PAD
    0x08007e68   0x0000030c   Code   RO          977    .text               stm32f10x_spi.o
    0x08008174   0x00000254   Code   RO          989    .text               stm32f10x_dma.o
    0x080083c8   0x0000044e   Code   RO         1001    .text               stm32f10x_adc.o
    0x08008816   0x00000002   PAD
    0x08008818   0x000002e4   Code   RO         1028    .text               w25qxx.o
    0x08008afc   0x000001d4   Code   RO         1042    .text               page.o
    0x08008cd0   0x00000acc   Code   RO         1115    .text               home_page.o
    0x0800979c   0x000003f0   Code   RO         1179    .text               manage_page.o
    0x08009b8c   0x000002d4   Code   RO         1749    .text               stopwatch_page.o
    0x08009e60   0x00000014   Code   RO         1806    .text               lightsetting_page.o
    0x08009e74   0x00000014   Code   RO         1825    .text               timeset_page.o
    0x08009e88   0x000001d4   Code   RO         1844    .text               common.o
    0x0800a05c   0x00000112   Code   RO         1984    .text               lv_disp.o
    0x0800a16e   0x00000002   PAD
    0x0800a170   0x0000088c   Code   RO         2064    .text               lv_group.o
    0x0800a9fc   0x0000142c   Code   RO         2164    .text               lv_indev.o
    0x0800be28   0x0000187c   Code   RO         2206    .text               lv_obj.o
    0x0800d6a4   0x000007f4   Code   RO         2288    .text               lv_refr.o
    0x0800de98   0x00000a94   Code   RO         2315    .text               lv_style.o
    0x0800e92c   0x00000164   Code   RO         2346    .text               lv_draw.o
    0x0800ea90   0x000009fe   Code   RO         2461    .text               lv_draw_basic.o
    0x0800f48e   0x00000002   PAD
    0x0800f490   0x0000093c   Code   RO         2533    .text               lv_draw_img.o
    0x0800fdcc   0x0000053c   Code   RO         2561    .text               lv_draw_label.o
    0x08010308   0x0000147a   Code   RO         2590    .text               lv_draw_line.o
    0x08011782   0x00000002   PAD
    0x08011784   0x00002d2a   Code   RO         2614    .text               lv_draw_rect.o
    0x080144ae   0x00000002   PAD
    0x080144b0   0x00000208   Code   RO         2664    .text               lv_img_cache.o
    0x080146b8   0x000008e4   Code   RO         2694    .text               lv_img_decoder.o
    0x08014f9c   0x00000054   Code   RO         2748    .text               lv_font.o
    0x08014ff0   0x00000374   Code   RO         2779    .text               lv_font_fmt_txt.o
    0x08015364   0x000002e4   Code   RO         3192    .text               lv_hal_disp.o
    0x08015648   0x000000f8   Code   RO         3279    .text               lv_hal_indev.o
    0x08015740   0x0000004c   Code   RO         3360    .text               lv_hal_tick.o
    0x0801578c   0x0000051a   Code   RO         3380    .text               lv_anim.o
    0x08015ca6   0x00000216   Code   RO         3458    .text               lv_area.o
    0x08015ebc   0x0000005c   Code   RO         3473    .text               lv_async.o
    0x08015f18   0x00000062   Code   RO         3491    .text               lv_circ.o
    0x08015f7a   0x000001ec   Code   RO         3509    .text               lv_color.o
    0x08016166   0x00000002   PAD
    0x08016168   0x00000590   Code   RO         3524    .text               lv_fs.o
    0x080166f8   0x0000037a   Code   RO         3581    .text               lv_ll.o
    0x08016a72   0x00000002   PAD
    0x08016a74   0x000000cc   Code   RO         3599    .text               lv_math.o
    0x08016b40   0x00000300   Code   RO         3613    .text               lv_mem.o
    0x08016e40   0x00000364   Code   RO         3628    .text               lv_task.o
    0x080171a4   0x00000684   Code   RO         3651    .text               lv_txt.o
    0x08017828   0x000000d4   Code   RO         3676    .text               lv_utils.o
    0x080178fc   0x00000c80   Code   RO         4033    .text               lv_cont.o
    0x0801857c   0x00000548   Code   RO         4164    .text               lv_img.o
    0x08018ac4   0x000013cc   Code   RO         4251    .text               lv_label.o
    0x08019e90   0x000002e0   Code   RO         4283    .text               lv_led.o
    0x0801a170   0x00000498   Code   RO         4315    .text               lv_line.o
    0x0801a608   0x00000518   Code   RO         4364    .text               lv_lmeter.o
    0x0801ab20   0x0000191c   Code   RO         4411    .text               lv_page.o
    0x0801c43c   0x00000034   Code   RO         4780    .text               lv_theme.o
    0x0801c470   0x00001270   Code   RO         4918    .text               lv_theme_night.o
    0x0801d6e0   0x00000078   Code   RO         4956    .text               lv_port_disp.o
    0x0801d758   0x000001de   Code   RO         5231    .text               diskio.o
    0x0801d936   0x00000002   PAD
    0x0801d938   0x00002e86   Code   RO         5246    .text               ff.o
    0x080207be   0x00000024   Code   RO         5277    .text               mc_w.l(memcpya.o)
    0x080207e2   0x00000024   Code   RO         5279    .text               mc_w.l(memseta.o)
    0x08020806   0x0000000e   Code   RO         5281    .text               mc_w.l(strlen.o)
    0x08020814   0x0000001c   Code   RO         5283    .text               mc_w.l(strcmp.o)
    0x08020830   0x00000012   Code   RO         5285    .text               mc_w.l(strcpy.o)
    0x08020842   0x000000e4   Code   RO         5578    .text               mf_w.l(dmul.o)
    0x08020926   0x0000001a   Code   RO         5580    .text               mf_w.l(dfltui.o)
    0x08020940   0x00000032   Code   RO         5582    .text               mf_w.l(dfixui.o)
    0x08020972   0x00000062   Code   RO         5600    .text               mc_w.l(uldiv.o)
    0x080209d4   0x00000020   Code   RO         5602    .text               mc_w.l(llushr.o)
    0x080209f4   0x00000000   Code   RO         5606    .text               mc_w.l(iusefp.o)
    0x080209f4   0x000000ba   Code   RO         5607    .text               mf_w.l(depilogue.o)
    0x08020aae   0x00000002   PAD
    0x08020ab0   0x00000024   Code   RO         5617    .text               mc_w.l(init.o)
    0x08020ad4   0x0000001e   Code   RO         5619    .text               mc_w.l(llshl.o)
    0x08020af2   0x00000056   Code   RO         5631    .text               mc_w.l(__dczerorl2.o)
    0x08020b48   0x00000020   Code   RO         5422    i.__0printf$5       mc_w.l(printf5.o)
    0x08020b68   0x0000000e   Code   RO         5625    i.__scatterload_copy  mc_w.l(handlers.o)
    0x08020b76   0x00000002   Code   RO         5626    i.__scatterload_null  mc_w.l(handlers.o)
    0x08020b78   0x0000000e   Code   RO         5627    i.__scatterload_zeroinit  mc_w.l(handlers.o)
    0x08020b86   0x00000002   PAD
    0x08020b88   0x000002c0   Code   RO         5429    i._printf_core      mc_w.l(printf5.o)
    0x08020e48   0x0000006c   Code   RO         5551    i.malloc            mc_w.l(malloc.o)
    0x08020eb4   0x000017c0   Data   RO          697    .constdata          lcd.o
    0x08022674   0x0000000c   Data   RO          774    .constdata          rtc.o
    0x08022680   0x0000000a   Data   RO         1117    .constdata          home_page.o
    0x0802268a   0x00000002   PAD
    0x0802268c   0x0000000a   Data   RO         1181    .constdata          manage_page.o
    0x08022696   0x00000002   PAD
    0x08022698   0x00000016   Data   RO         1751    .constdata          stopwatch_page.o
    0x080226ae   0x00000002   PAD
    0x080226b0   0x0000002e   Data   RO         2065    .constdata          lv_group.o
    0x080226de   0x00000002   PAD
    0x080226e0   0x00000016   Data   RO         2317    .constdata          lv_style.o
    0x080226f6   0x00000024   Data   RO         2347    .constdata          lv_draw.o
    0x0802271a   0x00000011   Data   RO         2615    .constdata          lv_draw_rect.o
    0x0802272b   0x00000001   PAD
    0x0802272c   0x000023bc   Data   RO         3046    .constdata          lv_font_roboto_16.o
    0x08024ae8   0x00000002   Data   RO         3193    .constdata          lv_hal_disp.o
    0x08024aea   0x00000002   PAD
    0x08024aec   0x00000002   Data   RO         4920    .constdata          lv_theme_night.o
    0x08024aee   0x00000002   PAD
    0x08024af0   0x00006454   Data   RO         5185    .constdata          font_hei48.o
    0x0802af44   0x00001ee4   Data   RO         5195    .constdata          imglight.o
    0x0802ce28   0x000027ec   Data   RO         5213    .constdata          imgstopwatch.o
    0x0802f614   0x00002238   Data   RO         5222    .constdata          imgtimecfg.o
    0x0803184c   0x00000048   Data   RO         5247    .constdata          ff.o
    0x08031894   0x00000020   Data   RO         1118    .conststring        home_page.o
    0x080318b4   0x00000020   Data   RO         5623    Region$$Table       anon$$obj.o


    Execution Region RW_IRAM1 (Base: 0x20000000, Size: 0x0000b430, Max: 0x00010000, ABSOLUTE, COMPRESSED[0x00000804])

    Base Addr    Size         Type   Attr      Idx    E Section Name        Object

    0x20000000   0x00000014   Data   RW          465    .data               system_stm32f10x.o
    0x20000014   0x0000000a   Data   RW          495    .data               key.o
    0x2000001e   0x00000004   Data   RW          698    .data               lcd.o
    0x20000022   0x00000004   Data   RW          719    .data               delay.o
    0x20000026   0x00000002   PAD
    0x20000028   0x00000006   Data   RW          751    .data               usart.o
    0x2000002e   0x0000000c   Data   RW          775    .data               rtc.o
    0x2000003a   0x00000002   PAD
    0x2000003c   0x00000004   Data   RW          790    .data               timer.o
    0x20000040   0x00000014   Data   RW          904    .data               stm32f10x_rcc.o
    0x20000054   0x00000004   Data   RW         1043    .data               page.o
    0x20000058   0x000000d8   Data   RW         1119    .data               home_page.o
    0x20000130   0x000000a8   Data   RW         1182    .data               manage_page.o
    0x200001d8   0x000000a0   Data   RW         1752    .data               stopwatch_page.o
    0x20000278   0x00000090   Data   RW         1807    .data               lightsetting_page.o
    0x20000308   0x00000090   Data   RW         1826    .data               timeset_page.o
    0x20000398   0x00000048   Data   RW         1846    .data               common.o
    0x200003e0   0x00000008   Data   RW         2165    .data               lv_indev.o
    0x200003e8   0x0000000c   Data   RW         2207    .data               lv_obj.o
    0x200003f4   0x00000008   Data   RW         2289    .data               lv_refr.o
    0x200003fc   0x00000024   Data   RW         2348    .data               lv_draw.o
    0x20000420   0x00000002   Data   RW         2665    .data               lv_img_cache.o
    0x20000422   0x00000002   PAD
    0x20000424   0x00000bd0   Data   RW         3047    .data               lv_font_roboto_16.o
    0x20000ff4   0x00000004   Data   RW         3194    .data               lv_hal_disp.o
    0x20000ff8   0x00000005   Data   RW         3361    .data               lv_hal_tick.o
    0x20000ffd   0x00000003   PAD
    0x20001000   0x00000005   Data   RW         3381    .data               lv_anim.o
    0x20001005   0x00000003   PAD
    0x20001008   0x0000000c   Data   RW         3563    .data               lv_gc.o
    0x20001014   0x000000b6   Data   RW         3600    .data               lv_math.o
    0x200010ca   0x00000002   PAD
    0x200010cc   0x00000008   Data   RW         3615    .data               lv_mem.o
    0x200010d4   0x00000014   Data   RW         3629    .data               lv_task.o
    0x200010e8   0x00000020   Data   RW         3652    .data               lv_txt.o
    0x20001108   0x00000004   Data   RW         4034    .data               lv_cont.o
    0x2000110c   0x00000004   Data   RW         4165    .data               lv_img.o
    0x20001110   0x00000004   Data   RW         4252    .data               lv_label.o
    0x20001114   0x00000008   Data   RW         4284    .data               lv_led.o
    0x2000111c   0x00000004   Data   RW         4316    .data               lv_line.o
    0x20001120   0x00000004   Data   RW         4365    .data               lv_lmeter.o
    0x20001124   0x00000008   Data   RW         4412    .data               lv_page.o
    0x2000112c   0x00000004   Data   RW         4781    .data               lv_theme.o
    0x20001130   0x00000008   Data   RW         4921    .data               lv_theme_night.o
    0x20001138   0x00000030   Data   RW         5186    .data               font_hei48.o
    0x20001168   0x0000000a   Data   RW         5248    .data               ff.o
    0x20001172   0x00000002   PAD
    0x20001174   0x00000004   Data   RW         5604    .data               mc_w.l(mvars.o)
    0x20001178   0x00000004   Data   RW         5605    .data               mc_w.l(mvars.o)
    0x2000117c   0x0000000e   Zero   RW          696    .bss                lcd.o
    0x2000118a   0x000000c8   Zero   RW          750    .bss                usart.o
    0x20001252   0x00000002   PAD
    0x20001254   0x0000000c   Zero   RW          773    .bss                rtc.o
    0x20001260   0x000000f4   Zero   RW          825    .bss                dma.o
    0x20001354   0x00001000   Zero   RW         1029    .bss                w25qxx.o
    0x20002354   0x000000d0   Zero   RW         1116    .bss                home_page.o
    0x20002424   0x00000078   Zero   RW         1180    .bss                manage_page.o
    0x2000249c   0x000000b4   Zero   RW         1750    .bss                stopwatch_page.o
    0x20002550   0x00000430   Zero   RW         1845    .bss                common.o
    0x20002980   0x0000030c   Zero   RW         2316    .bss                lv_style.o
    0x20002c8c   0x00000060   Zero   RW         3562    .bss                lv_gc.o
    0x20002cec   0x00004000   Zero   RW         3614    .bss                lv_mem.o
    0x20006cec   0x00000da4   Zero   RW         4919    .bss                lv_theme_night.o
    0x20007a90   0x0000259c   Zero   RW         4957    .bss                lv_port_disp.o
    0x2000a02c   0x00000004   PAD
    0x2000a030   0x00000400   Zero   RW          861    HEAP                startup_stm32f10x_hd.o
    0x2000a430   0x00001000   Zero   RW          860    STACK               startup_stm32f10x_hd.o


==============================================================================

Image component sizes


      Code (inc. data)   RO Data    RW Data    ZI Data      Debug   Object Name

       188         10          0          0          0        766   adc.o
       468         22          0         72       1072      14337   common.o
       212         18          0          4          0       1011   delay.o
       478          0          0          0          0       5362   diskio.o
       396         22          0          0        244       1641   dma.o
     11910        192         72         10          0      47550   ff.o
         0          0      25684         48          0        641   font_hei48.o
      2764        280         42        216        208      12576   home_page.o
         0          0          0          0          0      22794   img_bubble_pattern.o
         0          0       7908          0          0        588   imglight.o
         0          0      10220          0          0        620   imgstopwatch.o
         0          0       8760          0          0        600   imgtimecfg.o
       480         34          0         10          0      32445   key.o
     19036        162       6080          4         14      21662   lcd.o
        20          8          0        144          0        714   lightsetting_page.o
      1306         18          0          5          0      16717   lv_anim.o
         0          0          0          0          0      21918   lv_arc.o
       534          0          0          0          0       4207   lv_area.o
        92          6          0          0          0       2072   lv_async.o
         0          0          0          0          0       7259   lv_bar.o
         0          0          0          0          0       3682   lv_calendar.o
         0          0          0          0          0       5146   lv_chart.o
        98          0          0          0          0       2141   lv_circ.o
       492          6          0          0          0       4478   lv_color.o
      3200         22          0          4          0      15638   lv_cont.o
       274          0          0          0          0      21617   lv_disp.o
       356         12         36         36          0      19765   lv_draw.o
      2558         24          0          0          0      23391   lv_draw_basic.o
      2364         58          0          0          0      16757   lv_draw_img.o
      1340         22          0          0          0      11078   lv_draw_label.o
      5242          0          0          0          0       6375   lv_draw_line.o
     11562         16         17          0          0      20281   lv_draw_rect.o
        84          0          0          0          0       6029   lv_font.o
       884         14          0          0          0       6283   lv_font_fmt_txt.o
         0          0          0          0          0       5084   lv_font_roboto_12.o
         0          0       9148       3024          0       2080   lv_font_roboto_16.o
      1424         14          0          0          0      14512   lv_fs.o
         0          0          0         12         96       3864   lv_gc.o
      2188         36         46          0          0      33908   lv_group.o
       740         22          2          4          0      25854   lv_hal_disp.o
       248          8          0          0          0      23588   lv_hal_indev.o
        76         10          0          5          0       1584   lv_hal_tick.o
      1352         28          0          4          0       6337   lv_img.o
       520         14          0          2          0       4582   lv_img_cache.o
      2276         34          0          0          0      14110   lv_img_decoder.o
      5164         38          0          8          0      23844   lv_indev.o
      5068        104          0          4          0      25257   lv_label.o
       736         28          0          8          0      15479   lv_led.o
      1176         24          0          4          0       5318   lv_line.o
       890          0          0          0          0       5521   lv_ll.o
      1304         30          0          4          0      22812   lv_lmeter.o
       204          4          0        182          0       1702   lv_math.o
       768         14          0          8      16384       4071   lv_mem.o
      6268        102          0         12          0      37264   lv_obj.o
      6428        102          0          8          0      43485   lv_page.o
       120         12          0          0       9628       1276   lv_port_disp.o
      2036         16          0          8          0       6585   lv_refr.o
      2708         84         22          0        780       9237   lv_style.o
       868         40          0         20          0       4596   lv_task.o
        52          6          0          4          0      26098   lv_theme.o
      4720        360          2          8       3492      23259   lv_theme_night.o
      1668         36          0         32          0       9579   lv_txt.o
       212          0          0          0          0       1407   lv_utils.o
       204         42          0          0          0     317449   main.o
      1008        186         10        168        120       6057   manage_page.o
       220         22          0          0          0       1789   misc.o
       468         10          0          4          0       5383   page.o
      1244         56         12         12         12       4779   rtc.o
       208          8          0          0          0       1558   spi.o
        36          8        304          0       5120        784   startup_stm32f10x_hd.o
      1102         26          0          0          0      10825   stm32f10x_adc.o
       196          8          0          0          0       3452   stm32f10x_bkp.o
       596          8          0          0          0       4318   stm32f10x_dma.o
      1548         18          0          0          0       5335   stm32f10x_fsmc.o
       860         38          0          0          0       5633   stm32f10x_gpio.o
        26          0          0          0          0       1174   stm32f10x_it.o
       204         14          0          0          0       1911   stm32f10x_pwr.o
       932         36          0         20          0       8800   stm32f10x_rcc.o
       328          4          0          0          0       2662   stm32f10x_rtc.o
       780         14          0          0          0       6518   stm32f10x_spi.o
      3610         88          0          0          0      22120   stm32f10x_tim.o
      1032         22          0          0          0       8360   stm32f10x_usart.o
       724        188         22        160        180       4799   stopwatch_page.o
         0          0          0          0          0         32   sys.o
       480         38          0         20          0       1719   system_stm32f10x.o
       272          8          0          4          0       2397   timer.o
        20          8          0        144          0        680   timeset_page.o
       320         18          0          6        200       3122   usart.o
       740         16          0          0       4096       4817   w25qxx.o

    ----------------------------------------------------------------------
    132730       2996      68432       4468      41652    1216907   Object Totals
         0          0         32          0          0          0   (incl. Generated)
        20          0         13         16          6          0   (incl. Padding)

    ----------------------------------------------------------------------

      Code (inc. data)   RO Data    RW Data    ZI Data      Debug   Library Member Name

        86          0          0          0          0          0   __dczerorl2.o
         0          0          0          0          0          0   entry.o
         0          0          0          0          0          0   entry10a.o
         0          0          0          0          0          0   entry11a.o
         8          4          0          0          0          0   entry2.o
         4          0          0          0          0          0   entry5.o
         0          0          0          0          0          0   entry7b.o
         0          0          0          0          0          0   entry8b.o
         8          4          0          0          0          0   entry9a.o
        30          0          0          0          0          0   handlers.o
        36          8          0          0          0         68   init.o
         0          0          0          0          0          0   iusefp.o
        30          0          0          0          0         68   llshl.o
        32          0          0          0          0         68   llushr.o
       108         16          0          0          0         84   malloc.o
        36          0          0          0          0         68   memcpya.o
        36          0          0          0          0        108   memseta.o
         0          0          0          8          0          0   mvars.o
       736         56          0          0          0        184   printf5.o
        28          0          0          0          0         76   strcmp.o
        18          0          0          0          0         68   strcpy.o
        14          0          0          0          0         68   strlen.o
        98          0          0          0          0         92   uldiv.o
       186          0          0          0          0        176   depilogue.o
        50          0          0          0          0         76   dfixui.o
        26          0          0          0          0         76   dfltui.o
       228          0          0          0          0         96   dmul.o

    ----------------------------------------------------------------------
      1802         88          0          8          0       1376   Library Totals
         4          0          0          0          0          0   (incl. Padding)

    ----------------------------------------------------------------------

      Code (inc. data)   RO Data    RW Data    ZI Data      Debug   Library Name

      1308         88          0          8          0        952   mc_w.l
       490          0          0          0          0        424   mf_w.l

    ----------------------------------------------------------------------
      1802         88          0          8          0       1376   Library Totals

    ----------------------------------------------------------------------

==============================================================================


      Code (inc. data)   RO Data    RW Data    ZI Data      Debug   

    134532       3084      68432       4476      41652    1210871   Grand Totals
    134532       3084      68432       2052      41652    1210871   ELF Image Totals (compressed)
    134532       3084      68432       2052          0          0   ROM Totals

==============================================================================

    Total RO  Size (Code + RO Data)               202964 ( 198.21kB)
    Total RW  Size (RW Data + ZI Data)             46128 (  45.05kB)
    Total ROM Size (Code + RO Data + RW Data)     205016 ( 200.21kB)

==============================================================================

