Component: ARM Compiler 5.05 update 1 (build 106) Tool: armlink [4d0efa]

==============================================================================

Section Cross References

    main.o(.text) refers to lv_theme_night.o(.text) for lv_theme_night_init
    main.o(.text) refers to lv_theme.o(.text) for lv_theme_set_current
    main.o(.text) refers to delay.o(.text) for delay_init
    main.o(.text) refers to misc.o(.text) for NVIC_PriorityGroupConfig
    main.o(.text) refers to usart.o(.text) for uart_init
    main.o(.text) refers to timer.o(.text) for TIM6_Int_Init
    main.o(.text) refers to lv_obj.o(.text) for lv_init
    main.o(.text) refers to lv_port_disp.o(.text) for lv_port_disp_init
    main.o(.text) refers to key.o(.text) for KEY_Init
    main.o(.text) refers to rtc.o(.text) for Rtc_Init
    main.o(.text) refers to page.o(.text) for Page_Init
    main.o(.text) refers to lv_hal_tick.o(.text) for lv_tick_inc
    main.o(.text) refers to lv_task.o(.text) for lv_task_handler
    system_stm32f10x.o(.text) refers to system_stm32f10x.o(.data) for SystemCoreClock
    led.o(.text) refers to stm32f10x_rcc.o(.text) for RCC_APB2PeriphClockCmd
    led.o(.text) refers to stm32f10x_gpio.o(.text) for GPIO_Init
    key.o(.text) refers to stm32f10x_rcc.o(.text) for RCC_APB2PeriphClockCmd
    key.o(.text) refers to stm32f10x_gpio.o(.text) for GPIO_Init
    key.o(.text) refers to page.o(.text) for Page_Key1Handl
    key.o(.text) refers to key.o(.data) for IsKeyVauleVailed
    lcd.o(.text) refers to delay.o(.text) for delay_us
    lcd.o(.text) refers to lcd.o(.bss) for lcddev
    lcd.o(.text) refers to lcd.o(.data) for POINT_COLOR
    lcd.o(.text) refers to dfltui.o(.text) for __aeabi_ui2d
    lcd.o(.text) refers to dmul.o(.text) for __aeabi_dmul
    lcd.o(.text) refers to dfixui.o(.text) for __aeabi_d2uiz
    lcd.o(.text) refers to stm32f10x_rcc.o(.text) for RCC_AHBPeriphClockCmd
    lcd.o(.text) refers to stm32f10x_gpio.o(.text) for GPIO_Init
    lcd.o(.text) refers to stm32f10x_fsmc.o(.text) for FSMC_NORSRAMInit
    lcd.o(.text) refers to printf5.o(i.__0printf$5) for __2printf
    lcd.o(.text) refers to lcd.o(.constdata) for asc2_1206
    delay.o(.text) refers to misc.o(.text) for SysTick_CLKSourceConfig
    delay.o(.text) refers to system_stm32f10x.o(.data) for SystemCoreClock
    delay.o(.text) refers to delay.o(.data) for fac_us
    usart.o(.text) refers to stm32f10x_rcc.o(.text) for RCC_APB2PeriphClockCmd
    usart.o(.text) refers to stm32f10x_gpio.o(.text) for GPIO_Init
    usart.o(.text) refers to misc.o(.text) for NVIC_Init
    usart.o(.text) refers to stm32f10x_usart.o(.text) for USART_Init
    usart.o(.text) refers to usart.o(.data) for USART_RX_STA
    usart.o(.text) refers to usart.o(.bss) for USART_RX_BUF
    rtc.o(.text) refers to malloc.o(i.malloc) for malloc
    rtc.o(.text) refers to misc.o(.text) for NVIC_Init
    rtc.o(.text) refers to stm32f10x_rtc.o(.text) for RTC_GetCounter
    rtc.o(.text) refers to stm32f10x_rcc.o(.text) for RCC_APB1PeriphClockCmd
    rtc.o(.text) refers to stm32f10x_pwr.o(.text) for PWR_BackupAccessCmd
    rtc.o(.text) refers to stm32f10x_bkp.o(.text) for BKP_ReadBackupRegister
    rtc.o(.text) refers to rtc.o(.bss) for RtcObj_S
    rtc.o(.text) refers to rtc.o(.constdata) for table_week
    rtc.o(.text) refers to rtc.o(.data) for MonTab
    rtc.o(.text) refers to delay.o(.text) for delay_ms
    timer.o(.text) refers to stm32f10x_rcc.o(.text) for RCC_APB1PeriphClockCmd
    timer.o(.text) refers to stm32f10x_tim.o(.text) for TIM_TimeBaseInit
    timer.o(.text) refers to misc.o(.text) for NVIC_Init
    timer.o(.text) refers to timer.o(.data) for TickFlag
    startup_stm32f10x_hd.o(RESET) refers to startup_stm32f10x_hd.o(STACK) for __initial_sp
    startup_stm32f10x_hd.o(RESET) refers to startup_stm32f10x_hd.o(.text) for Reset_Handler
    startup_stm32f10x_hd.o(RESET) refers to stm32f10x_it.o(.text) for NMI_Handler
    startup_stm32f10x_hd.o(RESET) refers to rtc.o(.text) for RTC_IRQHandler
    startup_stm32f10x_hd.o(RESET) refers to usart.o(.text) for USART1_IRQHandler
    startup_stm32f10x_hd.o(RESET) refers to timer.o(.text) for TIM6_IRQHandler
    startup_stm32f10x_hd.o(.text) refers to system_stm32f10x.o(.text) for SystemInit
    startup_stm32f10x_hd.o(.text) refers to entry.o(.ARM.Collect$$$$00000000) for __main
    stm32f10x_gpio.o(.text) refers to stm32f10x_rcc.o(.text) for RCC_APB2PeriphResetCmd
    stm32f10x_rcc.o(.text) refers to stm32f10x_rcc.o(.data) for APBAHBPrescTable
    stm32f10x_usart.o(.text) refers to stm32f10x_rcc.o(.text) for RCC_APB2PeriphResetCmd
    stm32f10x_bkp.o(.text) refers to stm32f10x_rcc.o(.text) for RCC_BackupResetCmd
    stm32f10x_pwr.o(.text) refers to stm32f10x_rcc.o(.text) for RCC_APB1PeriphResetCmd
    stm32f10x_tim.o(.text) refers to stm32f10x_rcc.o(.text) for RCC_APB2PeriphResetCmd
    dev_lcd.o(.text) refers to dev_lcd.o(.data) for LcdDev
    page.o(.text) refers to home_page.o(.text) for HomePage_Init
[...]
    DMA2_Channel2_IRQHandler                 0x08005783   Thumb Code     0  startup_stm32f10x_hd.o(.text)
    DMA2_Channel3_IRQHandler                 0x08005783   Thumb Code     0  startup_stm32f10x_hd.o(.text)
    DMA2_Channel4_5_IRQHandler               0x08005783   Thumb Code     0  startup_stm32f10x_hd.o(.text)
    EXTI0_IRQHandler                         0x08005783   Thumb Code     0  startup_stm32f10x_hd.o(.text)
    EXTI15_10_IRQHandler                     0x08005783   Thumb Code     0  startup_stm32f10x_hd.o(.text)
    EXTI1_IRQHandler                         0x08005783   Thumb Code     0  startup_stm32f10x_hd.o(.text)
    EXTI2_IRQHandler                         0x08005783   Thumb Code     0  startup_stm32f10x_hd.o(.text)
    EXTI3_IRQHandler                         0x08005783   Thumb Code     0  startup_stm32f10x_hd.o(.text)
    EXTI4_IRQHandler                         0x08005783   Thumb Code     0  startup_stm32f10x_hd.o(.text)
    EXTI9_5_IRQHandler                       0x08005783   Thumb Code     0  startup_stm32f10x_hd.o(.text)
    FLASH_IRQHandler                         0x08005783   Thumb Code     0  startup_stm32f10x_hd.o(.text)
    FSMC_IRQHandler                          0x08005783   Thumb Code     0  startup_stm32f10x_hd.o(.text)
    I2C1_ER_IRQHandler                       0x08005783   Thumb Code     0  startup_stm32f10x_hd.o(.text)
    I2C1_EV_IRQHandler                       0x08005783   Thumb Code     0  startup_stm32f10x_hd.o(.text)
    I2C2_ER_IRQHandler                       0x08005783   Thumb Code     0  startup_stm32f10x_hd.o(.text)
    I2C2_EV_IRQHandler                       0x08005783   Thumb Code     0  startup_stm32f10x_hd.o(.text)
    PVD_IRQHandler                           0x08005783   Thumb Code     0  startup_stm32f10x_hd.o(.text)
    RCC_IRQHandler                           0x08005783   Thumb Code     0  startup_stm32f10x_hd.o(.text)
    RTCAlarm_IRQHandler                      0x08005783   Thumb Code     0  startup_stm32f10x_hd.o(.text)
    SDIO_IRQHandler                          0x08005783   Thumb Code     0  startup_stm32f10x_hd.o(.text)
    SPI1_IRQHandler                          0x08005783   Thumb Code     0  startup_stm32f10x_hd.o(.text)
    SPI2_IRQHandler                          0x08005783   Thumb Code     0  startup_stm32f10x_hd.o(.text)
    SPI3_IRQHandler                          0x08005783   Thumb Code     0  startup_stm32f10x_hd.o(.text)
    TAMPER_IRQHandler                        0x08005783   Thumb Code     0  startup_stm32f10x_hd.o(.text)
    TIM1_BRK_IRQHandler                      0x08005783   Thumb Code     0  startup_stm32f10x_hd.o(.text)
    TIM1_CC_IRQHandler                       0x08005783   Thumb Code     0  startup_stm32f10x_hd.o(.text)
    TIM1_TRG_COM_IRQHandler                  0x08005783   Thumb Code     0  startup_stm32f10x_hd.o(.text)
    TIM1_UP_IRQHandler                       0x08005783   Thumb Code     0  startup_stm32f10x_hd.o(.text)
    TIM2_IRQHandler                          0x08005783   Thumb Code     0  startup_stm32f10x_hd.o(.text)
    TIM3_IRQHandler                          0x08005783   Thumb Code     0  startup_stm32f10x_hd.o(.text)
    TIM4_IRQHandler                          0x08005783   Thumb Code     0  startup_stm32f10x_hd.o(.text)
    TIM5_IRQHandler                          0x08005783   Thumb Code     0  startup_stm32f10x_hd.o(.text)
    TIM7_IRQHandler                          0x08005783   Thumb Code     0  startup_stm32f10x_hd.o(.text)
    TIM8_BRK_IRQHandler                      0x08005783   Thumb Code     0  startup_stm32f10x_hd.o(.text)
    TIM8_CC_IRQHandler                       0x08005783   Thumb Code     0  startup_stm32f10x_hd.o(.text)
    TIM8_TRG_COM_IRQHandler                  0x08005783   Thumb Code     0  startup_stm32f10x_hd.o(.text)
    TIM8_UP_IRQHandler                       0x08005783   Thumb Code     0  startup_stm32f10x_hd.o(.text)
    UART4_IRQHandler                         0x08005783   Thumb Code     0  startup_stm32f10x_hd.o(.text)
    UART5_IRQHandler                         0x08005783   Thumb Code     0  startup_stm32f10x_hd.o(.text)
    USART2_IRQHandler                        0x08005783   Thumb Code     0  startup_stm32f10x_hd.o(.text)
    USART3_IRQHandler                        0x08005783   Thumb Code     0  startup_stm32f10x_hd.o(.text)
    USBWakeUp_IRQHandler                     0x08005783   Thumb Code     0  startup_stm32f10x_hd.o(.text)
    USB_HP_CAN1_TX_IRQHandler                0x08005783   Thumb Code     0  startup_stm32f10x_hd.o(.text)
    USB_LP_CAN1_RX0_IRQHandler               0x08005783   Thumb Code     0  startup_stm32f10x_hd.o(.text)
    WWDG_IRQHandler                          0x08005783   Thumb Code     0  startup_stm32f10x_hd.o(.text)
    NVIC_PriorityGroupConfig                 0x0800578d   Thumb Code    10  misc.o(.text)
    NVIC_Init                                0x08005797   Thumb Code   100  misc.o(.text)
    NVIC_SetVectorTable                      0x080057fb   Thumb Code    14  misc.o(.text)
    NVIC_SystemLPConfig                      0x08005809   Thumb Code    34  misc.o(.text)
    SysTick_CLKSourceConfig                  0x0800582b   Thumb Code    40  misc.o(.text)
    FSMC_NORSRAMDeInit                       0x08005869   Thumb Code    54  stm32f10x_fsmc.o(.text)
    FSMC_NANDDeInit                          0x0800589f   Thumb Code    62  stm32f10x_fsmc.o(.text)
    FSMC_PCCARDDeInit                        0x080058dd   Thumb Code    36  stm32f10x_fsmc.o(.text)
    FSMC_NORSRAMInit                         0x08005901   Thumb Code   230  stm32f10x_fsmc.o(.text)
    FSMC_NANDInit                            0x080059e7   Thumb Code   132  stm32f10x_fsmc.o(.text)
    FSMC_PCCARDInit                          0x08005a6b   Thumb Code   130  stm32f10x_fsmc.o(.text)
    FSMC_NORSRAMStructInit                   0x08005aed   Thumb Code   114  stm32f10x_fsmc.o(.text)
    FSMC_NANDStructInit                      0x08005b5f   Thumb Code    54  stm32f10x_fsmc.o(.text)
    FSMC_PCCARDStructInit                    0x08005b95   Thumb Code    60  stm32f10x_fsmc.o(.text)
    FSMC_NORSRAMCmd                          0x08005bd1   Thumb Code    46  stm32f10x_fsmc.o(.text)
    FSMC_NANDCmd                             0x08005bff   Thumb Code    86  stm32f10x_fsmc.o(.text)
    FSMC_PCCARDCmd                           0x08005c55   Thumb Code    44  stm32f10x_fsmc.o(.text)
    FSMC_NANDECCCmd                          0x08005c81   Thumb Code    90  stm32f10x_fsmc.o(.text)
    FSMC_GetECC                              0x08005cdb   Thumb Code    24  stm32f10x_fsmc.o(.text)
    FSMC_ITConfig                            0x08005cf3   Thumb Code   128  stm32f10x_fsmc.o(.text)
    FSMC_GetFlagStatus                       0x08005d73   Thumb Code    54  stm32f10x_fsmc.o(.text)
    FSMC_ClearFlag                           0x08005da9   Thumb Code    62  stm32f10x_fsmc.o(.text)
    FSMC_GetITStatus                         0x08005de7   Thumb Code    64  stm32f10x_fsmc.o(.text)
    FSMC_ClearITPendingBit                   0x08005e27   Thumb Code    68  stm32f10x_fsmc.o(.text)
    GPIO_DeInit                              0x08005e75   Thumb Code   172  stm32f10x_gpio.o(.text)
    GPIO_AFIODeInit                          0x08005f21   Thumb Code    20  stm32f10x_gpio.o(.text)
    GPIO_Init                                0x08005f35   Thumb Code   278  stm32f10x_gpio.o(.text)
    GPIO_StructInit                          0x0800604b   Thumb Code    16  stm32f10x_gpio.o(.text)
    GPIO_ReadInputDataBit                    0x0800605b   Thumb Code    18  stm32f10x_gpio.o(.text)
    GPIO_ReadInputData                       0x0800606d   Thumb Code     8  stm32f10x_gpio.o(.text)
    GPIO_ReadOutputDataBit                   0x08006075   Thumb Code    18  stm32f10x_gpio.o(.text)
    GPIO_ReadOutputData                      0x08006087   Thumb Code     8  stm32f10x_gpio.o(.text)
    GPIO_SetBits                             0x0800608f   Thumb Code     4  stm32f10x_gpio.o(.text)
    GPIO_ResetBits                           0x08006093   Thumb Code     4  stm32f10x_gpio.o(.text)
    GPIO_WriteBit                            0x08006097   Thumb Code    10  stm32f10x_gpio.o(.text)
    GPIO_Write                               0x080060a1   Thumb Code     4  stm32f10x_gpio.o(.text)
    GPIO_PinLockConfig                       0x080060a5   Thumb Code    18  stm32f10x_gpio.o(.text)
    GPIO_EventOutputConfig                   0x080060b7   Thumb Code    26  stm32f10x_gpio.o(.text)
    GPIO_EventOutputCmd                      0x080060d1   Thumb Code     6  stm32f10x_gpio.o(.text)
    GPIO_PinRemapConfig                      0x080060d7   Thumb Code   138  stm32f10x_gpio.o(.text)
    GPIO_EXTILineConfig                      0x08006161   Thumb Code    66  stm32f10x_gpio.o(.text)
    GPIO_ETH_MediaInterfaceConfig            0x080061a3   Thumb Code     8  stm32f10x_gpio.o(.text)
    RCC_DeInit                               0x080061d1   Thumb Code    64  stm32f10x_rcc.o(.text)
    RCC_HSEConfig                            0x08006211   Thumb Code    70  stm32f10x_rcc.o(.text)
    RCC_GetFlagStatus                        0x08006257   Thumb Code    56  stm32f10x_rcc.o(.text)
    RCC_WaitForHSEStartUp                    0x0800628f   Thumb Code    56  stm32f10x_rcc.o(.text)
    RCC_AdjustHSICalibrationValue            0x080062c7   Thumb Code    20  stm32f10x_rcc.o(.text)
    RCC_HSICmd                               0x080062db   Thumb Code     6  stm32f10x_rcc.o(.text)
    RCC_PLLConfig                            0x080062e1   Thumb Code    24  stm32f10x_rcc.o(.text)
    RCC_PLLCmd                               0x080062f9   Thumb Code     6  stm32f10x_rcc.o(.text)
    RCC_SYSCLKConfig                         0x080062ff   Thumb Code    18  stm32f10x_rcc.o(.text)
    RCC_GetSYSCLKSource                      0x08006311   Thumb Code    10  stm32f10x_rcc.o(.text)
    RCC_HCLKConfig                           0x0800631b   Thumb Code    18  stm32f10x_rcc.o(.text)
    RCC_PCLK1Config                          0x0800632d   Thumb Code    18  stm32f10x_rcc.o(.text)
    RCC_PCLK2Config                          0x0800633f   Thumb Code    20  stm32f10x_rcc.o(.text)
    RCC_ITConfig                             0x08006353   Thumb Code    26  stm32f10x_rcc.o(.text)
    RCC_USBCLKConfig                         0x0800636d   Thumb Code     8  stm32f10x_rcc.o(.text)
    RCC_ADCCLKConfig                         0x08006375   Thumb Code    18  stm32f10x_rcc.o(.text)
    RCC_LSEConfig                            0x08006387   Thumb Code    50  stm32f10x_rcc.o(.text)
    RCC_LSICmd                               0x080063b9   Thumb Code     6  stm32f10x_rcc.o(.text)
    RCC_RTCCLKConfig                         0x080063bf   Thumb Code    12  stm32f10x_rcc.o(.text)
    RCC_RTCCLKCmd                            0x080063cb   Thumb Code     8  stm32f10x_rcc.o(.text)
    RCC_GetClocksFreq                        0x080063d3   Thumb Code   192  stm32f10x_rcc.o(.text)
    RCC_AHBPeriphClockCmd                    0x08006493   Thumb Code    26  stm32f10x_rcc.o(.text)
    RCC_APB2PeriphClockCmd                   0x080064ad   Thumb Code    26  stm32f10x_rcc.o(.text)
    RCC_APB1PeriphClockCmd                   0x080064c7   Thumb Code    26  stm32f10x_rcc.o(.text)
    RCC_APB2PeriphResetCmd                   0x080064e1   Thumb Code    26  stm32f10x_rcc.o(.text)
    RCC_APB1PeriphResetCmd                   0x080064fb   Thumb Code    26  stm32f10x_rcc.o(.text)
    RCC_BackupResetCmd                       0x08006515   Thumb Code     8  stm32f10x_rcc.o(.text)
    RCC_ClockSecuritySystemCmd               0x0800651d   Thumb Code     6  stm32f10x_rcc.o(.text)
    RCC_MCOConfig                            0x08006523   Thumb Code     6  stm32f10x_rcc.o(.text)
    RCC_ClearFlag                            0x08006529   Thumb Code    14  stm32f10x_rcc.o(.text)
    RCC_GetITStatus                          0x08006537   Thumb Code    20  stm32f10x_rcc.o(.text)
    RCC_ClearITPendingBit                    0x0800654b   Thumb Code     6  stm32f10x_rcc.o(.text)
    USART_DeInit                             0x08006575   Thumb Code   134  stm32f10x_usart.o(.text)
    USART_Init                               0x080065fb   Thumb Code   210  stm32f10x_usart.o(.text)
    USART_StructInit                         0x080066cd   Thumb Code    24  stm32f10x_usart.o(.text)
    USART_ClockInit                          0x080066e5   Thumb Code    34  stm32f10x_usart.o(.text)
    USART_ClockStructInit                    0x08006707   Thumb Code    12  stm32f10x_usart.o(.text)
    USART_Cmd                                0x08006713   Thumb Code    24  stm32f10x_usart.o(.text)
    USART_ITConfig                           0x0800672b   Thumb Code    74  stm32f10x_usart.o(.text)
    USART_DMACmd                             0x08006775   Thumb Code    18  stm32f10x_usart.o(.text)
    USART_SetAddress                         0x08006787   Thumb Code    18  stm32f10x_usart.o(.text)
    USART_WakeUpConfig                       0x08006799   Thumb Code    18  stm32f10x_usart.o(.text)
    USART_ReceiverWakeUpCmd                  0x080067ab   Thumb Code    24  stm32f10x_usart.o(.text)
    USART_LINBreakDetectLengthConfig         0x080067c3   Thumb Code    18  stm32f10x_usart.o(.text)
    USART_LINCmd                             0x080067d5   Thumb Code    24  stm32f10x_usart.o(.text)
    USART_SendData                           0x080067ed   Thumb Code     8  stm32f10x_usart.o(.text)
    USART_ReceiveData                        0x080067f5   Thumb Code    10  stm32f10x_usart.o(.text)
    USART_SendBreak                          0x080067ff   Thumb Code    10  stm32f10x_usart.o(.text)
    USART_SetGuardTime                       0x08006809   Thumb Code    16  stm32f10x_usart.o(.text)
    USART_SetPrescaler                       0x08006819   Thumb Code    16  stm32f10x_usart.o(.text)
    USART_SmartCardCmd                       0x08006829   Thumb Code    24  stm32f10x_usart.o(.text)
    USART_SmartCardNACKCmd                   0x08006841   Thumb Code    24  stm32f10x_usart.o(.text)
    USART_HalfDuplexCmd                      0x08006859   Thumb Code    24  stm32f10x_usart.o(.text)
    USART_OverSampling8Cmd                   0x08006871   Thumb Code    22  stm32f10x_usart.o(.text)
    USART_OneBitMethodCmd                    0x08006887   Thumb Code    24  stm32f10x_usart.o(.text)
    USART_IrDAConfig                         0x0800689f   Thumb Code    18  stm32f10x_usart.o(.text)
    USART_IrDACmd                            0x080068b1   Thumb Code    24  stm32f10x_usart.o(.text)
    USART_GetFlagStatus                      0x080068c9   Thumb Code    26  stm32f10x_usart.o(.text)
    USART_ClearFlag                          0x080068e3   Thumb Code    18  stm32f10x_usart.o(.text)
    USART_GetITStatus                        0x080068f5   Thumb Code    84  stm32f10x_usart.o(.text)
    USART_ClearITPendingBit                  0x08006949   Thumb Code    52  stm32f10x_usart.o(.text)
    BKP_DeInit                               0x0800697d   Thumb Code    16  stm32f10x_bkp.o(.text)
    BKP_TamperPinLevelConfig                 0x0800698d   Thumb Code     6  stm32f10x_bkp.o(.text)
    BKP_TamperPinCmd                         0x08006993   Thumb Code     8  stm32f10x_bkp.o(.text)
    BKP_ITConfig                             0x0800699b   Thumb Code     8  stm32f10x_bkp.o(.text)
    BKP_RTCOutputConfig                      0x080069a3   Thumb Code    22  stm32f10x_bkp.o(.text)
    BKP_SetRTCCalibrationValue               0x080069b9   Thumb Code    22  stm32f10x_bkp.o(.text)
    BKP_WriteBackupRegister                  0x080069cf   Thumb Code    24  stm32f10x_bkp.o(.text)
    BKP_ReadBackupRegister                   0x080069e7   Thumb Code    26  stm32f10x_bkp.o(.text)
    BKP_GetFlagStatus                        0x08006a01   Thumb Code    10  stm32f10x_bkp.o(.text)
    BKP_ClearFlag                            0x08006a0b   Thumb Code    18  stm32f10x_bkp.o(.text)
    BKP_GetITStatus                          0x08006a1d   Thumb Code    10  stm32f10x_bkp.o(.text)
    BKP_ClearITPendingBit                    0x08006a27   Thumb Code    18  stm32f10x_bkp.o(.text)
    RTC_ITConfig                             0x08006a41   Thumb Code    26  stm32f10x_rtc.o(.text)
    RTC_EnterConfigMode                      0x08006a5b   Thumb Code    18  stm32f10x_rtc.o(.text)
    RTC_ExitConfigMode                       0x08006a6d   Thumb Code    20  stm32f10x_rtc.o(.text)
    RTC_GetCounter                           0x08006a81   Thumb Code    18  stm32f10x_rtc.o(.text)
    RTC_SetCounter                           0x08006a93   Thumb Code    26  stm32f10x_rtc.o(.text)
    RTC_SetPrescaler                         0x08006aad   Thumb Code    28  stm32f10x_rtc.o(.text)
    RTC_SetAlarm                             0x08006ac9   Thumb Code    26  stm32f10x_rtc.o(.text)
    RTC_GetDivider                           0x08006ae3   Thumb Code    22  stm32f10x_rtc.o(.text)
    RTC_WaitForLastTask                      0x08006af9   Thumb Code    18  stm32f10x_rtc.o(.text)
    RTC_WaitForSynchro                       0x08006b0b   Thumb Code    36  stm32f10x_rtc.o(.text)
    RTC_GetFlagStatus                        0x08006b2f   Thumb Code    22  stm32f10x_rtc.o(.text)
    RTC_ClearFlag                            0x08006b45   Thumb Code    16  stm32f10x_rtc.o(.text)
    RTC_GetITStatus                          0x08006b55   Thumb Code    32  stm32f10x_rtc.o(.text)
    RTC_ClearITPendingBit                    0x08006b75   Thumb Code    16  stm32f10x_rtc.o(.text)
    PWR_DeInit                               0x08006b89   Thumb Code    22  stm32f10x_pwr.o(.text)
    PWR_BackupAccessCmd                      0x08006b9f   Thumb Code     6  stm32f10x_pwr.o(.text)
    PWR_PVDCmd                               0x08006ba5   Thumb Code     6  stm32f10x_pwr.o(.text)
    PWR_PVDLevelConfig                       0x08006bab   Thumb Code    18  stm32f10x_pwr.o(.text)
    PWR_WakeUpPinCmd                         0x08006bbd   Thumb Code     8  stm32f10x_pwr.o(.text)
    PWR_EnterSTOPMode                        0x08006bc5   Thumb Code    54  stm32f10x_pwr.o(.text)
    PWR_EnterSTANDBYMode                     0x08006bfb   Thumb Code    42  stm32f10x_pwr.o(.text)
    PWR_GetFlagStatus                        0x08006c25   Thumb Code    20  stm32f10x_pwr.o(.text)
    PWR_ClearFlag                            0x08006c39   Thumb Code    14  stm32f10x_pwr.o(.text)
    TIM_DeInit                               0x08006c55   Thumb Code   424  stm32f10x_tim.o(.text)
    TIM_TimeBaseInit                         0x08006dfd   Thumb Code   122  stm32f10x_tim.o(.text)
    TIM_OC1Init                              0x08006e77   Thumb Code   132  stm32f10x_tim.o(.text)
    TIM_OC2Init                              0x08006efb   Thumb Code   154  stm32f10x_tim.o(.text)
    TIM_OC3Init                              0x08006f95   Thumb Code   150  stm32f10x_tim.o(.text)
    TIM_OC4Init                              0x0800702b   Thumb Code   182  stm32f10x_tim.o(.text)
    TIM_SetIC4Prescaler                      0x080070e1   Thumb Code    26  stm32f10x_tim.o(.text)
    TIM_SetIC3Prescaler                      0x0800717d   Thumb Code    18  stm32f10x_tim.o(.text)
    TIM_SetIC2Prescaler                      0x08007209   Thumb Code    26  stm32f10x_tim.o(.text)
    TIM_SetIC1Prescaler                      0x080072a5   Thumb Code    18  stm32f10x_tim.o(.text)
    TIM_ICInit                               0x08007323   Thumb Code   150  stm32f10x_tim.o(.text)
    TIM_PWMIConfig                           0x080073b9   Thumb Code   124  stm32f10x_tim.o(.text)
    TIM_BDTRConfig                           0x08007435   Thumb Code    32  stm32f10x_tim.o(.text)
    TIM_TimeBaseStructInit                   0x08007455   Thumb Code    18  stm32f10x_tim.o(.text)
    TIM_OCStructInit                         0x08007467   Thumb Code    20  stm32f10x_tim.o(.text)
    TIM_ICStructInit                         0x0800747b   Thumb Code    18  stm32f10x_tim.o(.text)
    TIM_BDTRStructInit                       0x0800748d   Thumb Code    40  stm32f10x_tim.o(.text)
    TIM_Cmd                                  0x080074b5   Thumb Code    24  stm32f10x_tim.o(.text)
    TIM_CtrlPWMOutputs                       0x080074cd   Thumb Code    30  stm32f10x_tim.o(.text)
    TIM_ITConfig                             0x080074eb   Thumb Code    18  stm32f10x_tim.o(.text)
    TIM_GenerateEvent                        0x080074fd   Thumb Code     4  stm32f10x_tim.o(.text)
    TIM_DMAConfig                            0x08007501   Thumb Code    10  stm32f10x_tim.o(.text)
    TIM_DMACmd                               0x0800750b   Thumb Code    18  stm32f10x_tim.o(.text)
    TIM_InternalClockConfig                  0x0800751d   Thumb Code    12  stm32f10x_tim.o(.text)
    TIM_SelectInputTrigger                   0x08007529   Thumb Code    18  stm32f10x_tim.o(.text)
    TIM_ITRxExternalClockConfig              0x0800753b   Thumb Code    24  stm32f10x_tim.o(.text)
    TIM_TIxExternalClockConfig               0x08007553   Thumb Code    62  stm32f10x_tim.o(.text)
    TIM_ETRConfig                            0x08007591   Thumb Code    28  stm32f10x_tim.o(.text)
    TIM_ETRClockMode1Config                  0x080075ad   Thumb Code    54  stm32f10x_tim.o(.text)
    TIM_ETRClockMode2Config                  0x080075e3   Thumb Code    32  stm32f10x_tim.o(.text)
    TIM_PrescalerConfig                      0x08007603   Thumb Code     6  stm32f10x_tim.o(.text)
    TIM_CounterModeConfig                    0x08007609   Thumb Code    18  stm32f10x_tim.o(.text)
    TIM_EncoderInterfaceConfig               0x0800761b   Thumb Code    66  stm32f10x_tim.o(.text)
    TIM_ForcedOC1Config                      0x0800765d   Thumb Code    18  stm32f10x_tim.o(.text)
    TIM_ForcedOC2Config                      0x0800766f   Thumb Code    26  stm32f10x_tim.o(.text)
    TIM_ForcedOC3Config                      0x08007689   Thumb Code    18  stm32f10x_tim.o(.text)
    TIM_ForcedOC4Config                      0x0800769b   Thumb Code    26  stm32f10x_tim.o(.text)
    TIM_ARRPreloadConfig                     0x080076b5   Thumb Code    24  stm32f10x_tim.o(.text)
    TIM_SelectCOM                            0x080076cd   Thumb Code    24  stm32f10x_tim.o(.text)
    TIM_SelectCCDMA                          0x080076e5   Thumb Code    24  stm32f10x_tim.o(.text)
    TIM_CCPreloadControl                     0x080076fd   Thumb Code    24  stm32f10x_tim.o(.text)
    TIM_OC1PreloadConfig                     0x08007715   Thumb Code    18  stm32f10x_tim.o(.text)
    TIM_OC2PreloadConfig                     0x08007727   Thumb Code    26  stm32f10x_tim.o(.text)
    TIM_OC3PreloadConfig                     0x08007741   Thumb Code    18  stm32f10x_tim.o(.text)
    TIM_OC4PreloadConfig                     0x08007753   Thumb Code    26  stm32f10x_tim.o(.text)
    TIM_OC1FastConfig                        0x0800776d   Thumb Code    18  stm32f10x_tim.o(.text)
    TIM_OC2FastConfig                        0x0800777f   Thumb Code    26  stm32f10x_tim.o(.text)
    TIM_OC3FastConfig                        0x08007799   Thumb Code    18  stm32f10x_tim.o(.text)
    TIM_OC4FastConfig                        0x080077ab   Thumb Code    26  stm32f10x_tim.o(.text)
    TIM_ClearOC1Ref                          0x080077c5   Thumb Code    18  stm32f10x_tim.o(.text)
    TIM_ClearOC2Ref                          0x080077d7   Thumb Code    24  stm32f10x_tim.o(.text)
    TIM_ClearOC3Ref                          0x080077ef   Thumb Code    18  stm32f10x_tim.o(.text)
    TIM_ClearOC4Ref                          0x08007801   Thumb Code    24  stm32f10x_tim.o(.text)
    TIM_OC1PolarityConfig                    0x08007819   Thumb Code    18  stm32f10x_tim.o(.text)
    TIM_OC1NPolarityConfig                   0x0800782b   Thumb Code    18  stm32f10x_tim.o(.text)
    TIM_OC2PolarityConfig                    0x0800783d   Thumb Code    26  stm32f10x_tim.o(.text)
    TIM_OC2NPolarityConfig                   0x08007857   Thumb Code    26  stm32f10x_tim.o(.text)
    TIM_OC3PolarityConfig                    0x08007871   Thumb Code    26  stm32f10x_tim.o(.text)
    TIM_OC3NPolarityConfig                   0x0800788b   Thumb Code    26  stm32f10x_tim.o(.text)
    TIM_OC4PolarityConfig                    0x080078a5   Thumb Code    26  stm32f10x_tim.o(.text)
    TIM_CCxCmd                               0x080078bf   Thumb Code    30  stm32f10x_tim.o(.text)
    TIM_CCxNCmd                              0x080078dd   Thumb Code    30  stm32f10x_tim.o(.text)
    TIM_SelectOCxM                           0x080078fb   Thumb Code    82  stm32f10x_tim.o(.text)
    TIM_UpdateDisableConfig                  0x0800794d   Thumb Code    24  stm32f10x_tim.o(.text)
    TIM_UpdateRequestConfig                  0x08007965   Thumb Code    24  stm32f10x_tim.o(.text)
    TIM_SelectHallSensor                     0x0800797d   Thumb Code    24  stm32f10x_tim.o(.text)
    TIM_SelectOnePulseMode                   0x08007995   Thumb Code    18  stm32f10x_tim.o(.text)
    TIM_SelectOutputTrigger                  0x080079a7   Thumb Code    18  stm32f10x_tim.o(.text)
    TIM_SelectSlaveMode                      0x080079b9   Thumb Code    18  stm32f10x_tim.o(.text)
    TIM_SelectMasterSlaveMode                0x080079cb   Thumb Code    18  stm32f10x_tim.o(.text)
    TIM_SetCounter                           0x080079dd   Thumb Code     4  stm32f10x_tim.o(.text)
    TIM_SetAutoreload                        0x080079e1   Thumb Code     4  stm32f10x_tim.o(.text)
    TIM_SetCompare1                          0x080079e5   Thumb Code     4  stm32f10x_tim.o(.text)
    TIM_SetCompare2                          0x080079e9   Thumb Code     4  stm32f10x_tim.o(.text)
    TIM_SetCompare3                          0x080079ed   Thumb Code     4  stm32f10x_tim.o(.text)
    TIM_SetCompare4                          0x080079f1   Thumb Code     6  stm32f10x_tim.o(.text)
    TIM_SetClockDivision                     0x080079f7   Thumb Code    18  stm32f10x_tim.o(.text)
    TIM_GetCapture1                          0x08007a09   Thumb Code     6  stm32f10x_tim.o(.text)
    TIM_GetCapture2                          0x08007a0f   Thumb Code     6  stm32f10x_tim.o(.text)
    TIM_GetCapture3                          0x08007a15   Thumb Code     6  stm32f10x_tim.o(.text)
    TIM_GetCapture4                          0x08007a1b   Thumb Code     8  stm32f10x_tim.o(.text)
    TIM_GetCounter                           0x08007a23   Thumb Code     6  stm32f10x_tim.o(.text)
    TIM_GetPrescaler                         0x08007a29   Thumb Code     6  stm32f10x_tim.o(.text)
    TIM_GetFlagStatus                        0x08007a2f   Thumb Code    18  stm32f10x_tim.o(.text)
    TIM_ClearFlag                            0x08007a41   Thumb Code     6  stm32f10x_tim.o(.text)
    TIM_GetITStatus                          0x08007a47   Thumb Code    34  stm32f10x_tim.o(.text)
    TIM_ClearITPendingBit                    0x08007a69   Thumb Code     6  stm32f10x_tim.o(.text)
    App_DisplayInit                          0x08007a71   Thumb Code    26  dev_lcd.o(.text)
    App_DisplayTime                          0x08007a8b   Thumb Code    30  dev_lcd.o(.text)
    App_Clear                                0x08007aa9   Thumb Code    26  dev_lcd.o(.text)
    Page_InitChildNode                       0x08007ac9   Thumb Code    60  page.o(.text)
    Page_RefalshProcess                      0x08007b05   Thumb Code    26  page.o(.text)
    Page_SetCurrentPage                      0x08007b1f   Thumb Code    16  page.o(.text)
    Page_GetCurrentPage                      0x08007b2f   Thumb Code     6  page.o(.text)
    Page_Key1Handl                           0x08007b35   Thumb Code    26  page.o(.text)
    Page_Key2Handl                           0x08007b4f   Thumb Code    26  page.o(.text)
    Page_Key3Handl                           0x08007b69   Thumb Code    26  page.o(.text)
    Page_Key4Handl                           0x08007b83   Thumb Code    26  page.o(.text)
    OpenPage                                 0x08007b9d   Thumb Code    26  page.o(.text)
    ClosePage                                0x08007bb7   Thumb Code    26  page.o(.text)
    Page_ChangePage                          0x08007bd1   Thumb Code    20  page.o(.text)
    Page_Init                                0x08007be5   Thumb Code    14  page.o(.text)
    SetHomePageInitDate                      0x08007faf   Thumb Code    28  home_page.o(.text)
    HomePage_Init                            0x0800868f   Thumb Code    50  home_page.o(.text)
    ManagePage_Init                          0x080087b5   Thumb Code     2  manage_page.o(.text)
    lv_disp_get_scr_act                      0x08008875   Thumb Code    22  lv_disp.o(.text)
    lv_disp_load_scr                         0x0800888b   Thumb Code    22  lv_disp.o(.text)
    lv_disp_get_layer_top                    0x080088a1   Thumb Code    22  lv_disp.o(.text)
    lv_disp_get_layer_sys                    0x080088b7   Thumb Code    22  lv_disp.o(.text)
    lv_disp_assign_screen                    0x080088cd   Thumb Code    50  lv_disp.o(.text)
    lv_disp_get_refr_task                    0x080088ff   Thumb Code    22  lv_disp.o(.text)
    lv_disp_get_inactive_time                0x08008915   Thumb Code    86  lv_disp.o(.text)
    lv_disp_trig_activity                    0x0800896b   Thumb Code    28  lv_disp.o(.text)
    lv_group_init                            0x08008a05   Thumb Code    12  lv_group.o(.text)
    lv_group_create                          0x08008baf   Thumb Code   110  lv_group.o(.text)
    lv_group_del                             0x08008c1d   Thumb Code    80  lv_group.o(.text)
    lv_group_focus_prev                      0x08008d8f   Thumb Code    16  lv_group.o(.text)
    lv_group_focus_next                      0x08008d9f   Thumb Code    16  lv_group.o(.text)
    lv_group_add_obj                         0x08008e15   Thumb Code   106  lv_group.o(.text)
    lv_group_remove_obj                      0x08008e7f   Thumb Code   136  lv_group.o(.text)
    lv_group_remove_all_objs                 0x08008f07   Thumb Code    70  lv_group.o(.text)
    lv_group_get_focused                     0x08008f4d   Thumb Code    22  lv_group.o(.text)
    lv_group_set_editing                     0x08008f63   Thumb Code    92  lv_group.o(.text)
    lv_group_focus_obj                       0x08008fbf   Thumb Code   188  lv_group.o(.text)
    lv_group_focus_freeze                    0x0800907b   Thumb Code    32  lv_group.o(.text)
    lv_group_send_data                       0x0800909b   Thumb Code    62  lv_group.o(.text)
    lv_group_set_style_mod_cb                0x080090d9   Thumb Code    22  lv_group.o(.text)
    lv_group_set_style_mod_edit_cb           0x080090ef   Thumb Code    22  lv_group.o(.text)
    lv_group_set_focus_cb                    0x08009105   Thumb Code     4  lv_group.o(.text)
    lv_group_set_click_focus                 0x08009109   Thumb Code    14  lv_group.o(.text)
    lv_group_set_refocus_policy              0x08009117   Thumb Code    14  lv_group.o(.text)
    lv_group_set_wrap                        0x08009125   Thumb Code    14  lv_group.o(.text)
    lv_group_mod_style                       0x08009133   Thumb Code    62  lv_group.o(.text)
    lv_group_get_style_mod_cb                0x08009171   Thumb Code    12  lv_group.o(.text)
    lv_group_get_style_mod_edit_cb           0x0800917d   Thumb Code    12  lv_group.o(.text)
    lv_group_get_focus_cb                    0x08009189   Thumb Code    12  lv_group.o(.text)
    lv_group_get_editing                     0x08009195   Thumb Code    18  lv_group.o(.text)
    lv_group_get_click_focus                 0x080091a7   Thumb Code    18  lv_group.o(.text)
    lv_group_get_wrap                        0x080091b9   Thumb Code    18  lv_group.o(.text)
    lv_group_report_style_mod                0x080091cb   Thumb Code    58  lv_group.o(.text)
    lv_indev_reset                           0x08009209   Thumb Code    62  lv_indev.o(.text)
    lv_indev_init                            0x08009247   Thumb Code    10  lv_indev.o(.text)
    lv_indev_read_task                       0x0800a3ff   Thumb Code   250  lv_indev.o(.text)
    lv_indev_get_act                         0x0800a4f9   Thumb Code     6  lv_indev.o(.text)
    lv_indev_get_type                        0x0800a4ff   Thumb Code    12  lv_indev.o(.text)
    lv_indev_reset_long_press                0x0800a50b   Thumb Code    30  lv_indev.o(.text)
    lv_indev_enable                          0x0800a529   Thumb Code    20  lv_indev.o(.text)
    lv_indev_set_cursor                      0x0800a53d   Thumb Code    50  lv_indev.o(.text)
    lv_indev_set_group                       0x0800a56f   Thumb Code    16  lv_indev.o(.text)
    lv_indev_set_button_points               0x0800a57f   Thumb Code    10  lv_indev.o(.text)
    lv_indev_get_point                       0x0800a589   Thumb Code    32  lv_indev.o(.text)
    lv_indev_get_key                         0x0800a5a9   Thumb Code    16  lv_indev.o(.text)
    lv_indev_is_dragging                     0x0800a5b9   Thumb Code    34  lv_indev.o(.text)
    lv_indev_get_vect                        0x0800a5db   Thumb Code    42  lv_indev.o(.text)
    lv_indev_wait_release                    0x0800a605   Thumb Code    16  lv_indev.o(.text)
    lv_indev_get_read_task                   0x0800a615   Thumb Code    12  lv_indev.o(.text)
    lv_indev_get_obj_act                     0x0800a621   Thumb Code     6  lv_indev.o(.text)
    lv_init                                  0x0800a631   Thumb Code    76  lv_obj.o(.text)
    lv_obj_get_parent                        0x0800a67d   Thumb Code     6  lv_obj.o(.text)
    lv_obj_get_hidden                        0x0800a683   Thumb Code    12  lv_obj.o(.text)
    lv_obj_get_screen                        0x0800a68f   Thumb Code    26  lv_obj.o(.text)
    lv_obj_get_disp                          0x0800a6a9   Thumb Code    88  lv_obj.o(.text)
    lv_obj_invalidate                        0x0800a701   Thumb Code   206  lv_obj.o(.text)
    lv_obj_get_coords                        0x0800a81f   Thumb Code    18  lv_obj.o(.text)
    lv_obj_set_pos                           0x0800a831   Thumb Code   162  lv_obj.o(.text)
    lv_obj_get_y                             0x0800a8d3   Thumb Code    24  lv_obj.o(.text)
    lv_obj_get_x                             0x0800a8eb   Thumb Code    24  lv_obj.o(.text)
    lv_obj_get_opa_scale                     0x0800a903   Thumb Code    40  lv_obj.o(.text)
    lv_obj_get_group                         0x0800a92b   Thumb Code     6  lv_obj.o(.text)
    lv_obj_get_style                         0x0800a931   Thumb Code   108  lv_obj.o(.text)
    lv_obj_set_design_cb                     0x0800aa77   Thumb Code     4  lv_obj.o(.text)
    lv_obj_refresh_ext_draw_pad              0x0800aa7b   Thumb Code    26  lv_obj.o(.text)
    lv_obj_is_protected                      0x0800aa95   Thumb Code    18  lv_obj.o(.text)
    lv_obj_set_signal_cb                     0x0800ab05   Thumb Code     4  lv_obj.o(.text)
    lv_obj_create                            0x0800ab09   Thumb Code   740  lv_obj.o(.text)
    lv_event_send_func                       0x0800ae07   Thumb Code   146  lv_obj.o(.text)
    lv_event_send                            0x0800ae99   Thumb Code    36  lv_obj.o(.text)
    lv_obj_del                               0x0800afa5   Thumb Code   240  lv_obj.o(.text)
    lv_obj_del_async                         0x0800b0a1   Thumb Code    14  lv_obj.o(.text)
    lv_obj_get_child                         0x0800b0af   Thumb Code    34  lv_obj.o(.text)
    lv_obj_clean                             0x0800b0d1   Thumb Code    40  lv_obj.o(.text)
    lv_obj_set_parent                        0x0800b0f9   Thumb Code   104  lv_obj.o(.text)
    lv_obj_move_foreground                   0x0800b161   Thumb Code    62  lv_obj.o(.text)
    lv_obj_move_background                   0x0800b19f   Thumb Code    62  lv_obj.o(.text)
    lv_obj_set_x                             0x0800b1dd   Thumb Code    26  lv_obj.o(.text)
    lv_obj_set_y                             0x0800b1f7   Thumb Code    26  lv_obj.o(.text)
    lv_obj_get_height                        0x0800b211   Thumb Code    16  lv_obj.o(.text)
    lv_obj_get_width                         0x0800b221   Thumb Code    16  lv_obj.o(.text)
    lv_obj_align                             0x0800b231   Thumb Code   952  lv_obj.o(.text)
    lv_obj_align_origo                       0x0800b5e9   Thumb Code   760  lv_obj.o(.text)
    lv_obj_realign                           0x0800b8e1   Thumb Code    62  lv_obj.o(.text)
    lv_obj_set_size                          0x0800b91f   Thumb Code   158  lv_obj.o(.text)
    lv_obj_set_width                         0x0800b9bd   Thumb Code    26  lv_obj.o(.text)
    lv_obj_set_height                        0x0800b9d7   Thumb Code    26  lv_obj.o(.text)
    lv_obj_set_auto_realign                  0x0800b9f1   Thumb Code    14  lv_obj.o(.text)
    lv_obj_set_ext_click_area                0x0800b9ff   Thumb Code     6  lv_obj.o(.text)
    lv_obj_refresh_style                     0x0800ba05   Thumb Code    28  lv_obj.o(.text)
    lv_obj_set_style                         0x0800ba63   Thumb Code    22  lv_obj.o(.text)
    lv_obj_report_style_mod                  0x0800bab5   Thumb Code    80  lv_obj.o(.text)
    lv_obj_set_hidden                        0x0800bb05   Thumb Code    68  lv_obj.o(.text)
    lv_obj_set_click                         0x0800bb49   Thumb Code    18  lv_obj.o(.text)
    lv_obj_set_top                           0x0800bb5b   Thumb Code    18  lv_obj.o(.text)
    lv_obj_set_drag                          0x0800bb6d   Thumb Code    34  lv_obj.o(.text)
    lv_obj_set_drag_dir                      0x0800bb8f   Thumb Code    36  lv_obj.o(.text)
    lv_obj_set_drag_throw                    0x0800bbb3   Thumb Code    18  lv_obj.o(.text)
    lv_obj_set_drag_parent                   0x0800bbc5   Thumb Code    18  lv_obj.o(.text)
    lv_obj_set_parent_event                  0x0800bbd7   Thumb Code    18  lv_obj.o(.text)
    lv_obj_set_opa_scale_enable              0x0800bbe9   Thumb Code    14  lv_obj.o(.text)
    lv_obj_set_opa_scale                     0x0800bbf7   Thumb Code    18  lv_obj.o(.text)
    lv_obj_set_protect                       0x0800bc09   Thumb Code    12  lv_obj.o(.text)
    lv_obj_clear_protect                     0x0800bc15   Thumb Code    16  lv_obj.o(.text)
    lv_obj_set_event_cb                      0x0800bc25   Thumb Code     4  lv_obj.o(.text)
    lv_event_get_data                        0x0800bc29   Thumb Code     6  lv_obj.o(.text)
    lv_signal_send                           0x0800bc2f   Thumb Code    24  lv_obj.o(.text)
    lv_obj_allocate_ext_attr                 0x0800bc47   Thumb Code    20  lv_obj.o(.text)
    lv_obj_get_child_back                    0x0800bc5b   Thumb Code    34  lv_obj.o(.text)
    lv_obj_count_children                    0x0800bc7d   Thumb Code    38  lv_obj.o(.text)
    lv_obj_count_children_recursive          0x0800bca3   Thumb Code    48  lv_obj.o(.text)
    lv_obj_get_inner_coords                  0x0800bcd3   Thumb Code    88  lv_obj.o(.text)
    lv_obj_get_width_fit                     0x0800bd2b   Thumb Code    32  lv_obj.o(.text)
    lv_obj_get_height_fit                    0x0800bd4b   Thumb Code    30  lv_obj.o(.text)
    lv_obj_get_auto_realign                  0x0800bd69   Thumb Code    12  lv_obj.o(.text)
    lv_obj_get_ext_click_pad_left            0x0800bd75   Thumb Code     6  lv_obj.o(.text)
    lv_obj_get_ext_click_pad_right           0x0800bd7b   Thumb Code     6  lv_obj.o(.text)
    lv_obj_get_ext_click_pad_top             0x0800bd81   Thumb Code     6  lv_obj.o(.text)
    lv_obj_get_ext_click_pad_bottom          0x0800bd87   Thumb Code     6  lv_obj.o(.text)
    lv_obj_get_ext_draw_pad                  0x0800bd8d   Thumb Code     8  lv_obj.o(.text)
    lv_obj_get_click                         0x0800bd95   Thumb Code    12  lv_obj.o(.text)
    lv_obj_get_top                           0x0800bda1   Thumb Code    12  lv_obj.o(.text)
    lv_obj_get_drag                          0x0800bdad   Thumb Code    12  lv_obj.o(.text)
    lv_obj_get_drag_dir                      0x0800bdb9   Thumb Code    12  lv_obj.o(.text)
    lv_obj_get_drag_throw                    0x0800bdc5   Thumb Code    12  lv_obj.o(.text)
    lv_obj_get_drag_parent                   0x0800bdd1   Thumb Code    12  lv_obj.o(.text)
    lv_obj_get_parent_event                  0x0800bddd   Thumb Code    10  lv_obj.o(.text)
    lv_obj_get_opa_scale_enable              0x0800bde7   Thumb Code    12  lv_obj.o(.text)
    lv_obj_get_protect                       0x0800bdf3   Thumb Code     8  lv_obj.o(.text)
    lv_obj_get_signal_cb                     0x0800bdfb   Thumb Code     6  lv_obj.o(.text)
    lv_obj_get_design_cb                     0x0800be01   Thumb Code     6  lv_obj.o(.text)
    lv_obj_get_event_cb                      0x0800be07   Thumb Code     6  lv_obj.o(.text)
    lv_obj_get_ext_attr                      0x0800be0d   Thumb Code     6  lv_obj.o(.text)
    lv_obj_get_type                          0x0800be13   Thumb Code    88  lv_obj.o(.text)
    lv_obj_is_focused                        0x0800be6b   Thumb Code    26  lv_obj.o(.text)
    lv_refr_init                             0x0800be95   Thumb Code     2  lv_refr.o(.text)
    lv_refr_get_disp_refreshing              0x0800be97   Thumb Code     6  lv_refr.o(.text)
    lv_disp_refr_task                        0x0800c3ed   Thumb Code   344  lv_refr.o(.text)
    lv_refr_now                              0x0800c545   Thumb Code    46  lv_refr.o(.text)
    lv_inv_area                              0x0800c573   Thumb Code   224  lv_refr.o(.text)
    lv_refr_set_disp_refreshing              0x0800c653   Thumb Code     6  lv_refr.o(.text)
    lv_style_copy                            0x0800c735   Thumb Code    18  lv_style.o(.text)
    lv_style_init                            0x0800c747   Thumb Code  1352  lv_style.o(.text)
    lv_style_mix                             0x0800cc8f   Thumb Code   954  lv_style.o(.text)
    lv_style_anim_init                       0x0800d089   Thumb Code    80  lv_style.o(.text)
    lv_style_anim_set_styles                 0x0800d0d9   Thumb Code    52  lv_style.o(.text)
    lv_draw_get_buf                          0x0800d11d   Thumb Code    84  lv_draw.o(.text)
    lv_draw_free_buf                         0x0800d171   Thumb Code    28  lv_draw.o(.text)
    lv_draw_aa_get_opa                       0x0800d18d   Thumb Code    48  lv_draw.o(.text)
    lv_draw_aa_ver_seg                       0x0800d1bd   Thumb Code    92  lv_draw.o(.text)
    lv_draw_aa_hor_seg                       0x0800d219   Thumb Code    92  lv_draw.o(.text)
    lv_draw_px                               0x0800d2fd   Thumb Code   214  lv_draw_basic.o(.text)
    lv_draw_fill                             0x0800d51b   Thumb Code   156  lv_draw_basic.o(.text)
    lv_draw_letter                           0x0800d5b7   Thumb Code   846  lv_draw_basic.o(.text)
    lv_draw_map                              0x0800d955   Thumb Code   796  lv_draw_basic.o(.text)
    lv_img_color_format_has_alpha            0x0800dc81   Thumb Code    56  lv_draw_img.o(.text)
    lv_img_color_format_is_chroma_keyed      0x0800dcb9   Thumb Code    44  lv_draw_img.o(.text)
    lv_draw_img                              0x0800de65   Thumb Code   140  lv_draw_img.o(.text)
    lv_img_color_format_get_px_size          0x0800def1   Thumb Code    76  lv_draw_img.o(.text)
    lv_img_buf_get_px_color                  0x0800df3d   Thumb Code   420  lv_draw_img.o(.text)
    lv_img_buf_get_px_alpha                  0x0800e0e1   Thumb Code   354  lv_draw_img.o(.text)
    lv_img_buf_set_px_color                  0x0800e243   Thumb Code   372  lv_draw_img.o(.text)
    lv_img_buf_set_px_alpha                  0x0800e3b7   Thumb Code   314  lv_draw_img.o(.text)
    lv_img_buf_set_palette                   0x0800e4f1   Thumb Code   126  lv_draw_img.o(.text)
    lv_img_src_get_type                      0x0800e56f   Thumb Code    64  lv_draw_img.o(.text)
    lv_draw_label                            0x0800e60d   Thumb Code  1230  lv_draw_label.o(.text)
    lv_draw_rect                             0x0801176d   Thumb Code   144  lv_draw_rect.o(.text)
    lv_img_cache_open                        0x08011825   Thumb Code   290  lv_img_cache.o(.text)
    lv_img_cache_invalidate_src              0x08011947   Thumb Code    94  lv_img_cache.o(.text)
    lv_img_cache_set_size                    0x080119a5   Thumb Code   122  lv_img_cache.o(.text)
    lv_img_decoder_built_in_close            0x08011a2d   Thumb Code    32  lv_img_decoder.o(.text)
    lv_img_decoder_set_close_cb              0x08011a4d   Thumb Code     4  lv_img_decoder.o(.text)
    lv_img_decoder_built_in_read_line        0x08011d67   Thumb Code   200  lv_img_decoder.o(.text)
    lv_img_decoder_set_read_line_cb          0x08011e2f   Thumb Code     4  lv_img_decoder.o(.text)
    lv_img_decoder_built_in_open             0x08011e33   Thumb Code   294  lv_img_decoder.o(.text)
    lv_img_decoder_set_open_cb               0x08011f59   Thumb Code     4  lv_img_decoder.o(.text)
    lv_img_decoder_built_in_info             0x08011f5d   Thumb Code   148  lv_img_decoder.o(.text)
    lv_img_decoder_set_info_cb               0x08011ff1   Thumb Code     4  lv_img_decoder.o(.text)
    lv_img_decoder_create                    0x08011ff5   Thumb Code    36  lv_img_decoder.o(.text)
    lv_img_decoder_init                      0x08012019   Thumb Code    70  lv_img_decoder.o(.text)
    lv_img_decoder_get_info                  0x0801205f   Thumb Code    74  lv_img_decoder.o(.text)
    lv_img_decoder_open                      0x080120a9   Thumb Code   128  lv_img_decoder.o(.text)
    lv_img_decoder_read_line                 0x08012129   Thumb Code    52  lv_img_decoder.o(.text)
    lv_img_decoder_close                     0x0801215d   Thumb Code    24  lv_img_decoder.o(.text)
    lv_img_decoder_delete                    0x08012175   Thumb Code    20  lv_img_decoder.o(.text)
    lv_font_get_glyph_bitmap                 0x0801218d   Thumb Code    16  lv_font.o(.text)
    lv_font_get_glyph_dsc                    0x0801219d   Thumb Code    30  lv_font.o(.text)
    lv_font_get_glyph_width                  0x080121bb   Thumb Code    38  lv_font.o(.text)
    lv_font_get_bitmap_fmt_txt               0x08012381   Thumb Code    52  lv_font_fmt_txt.o(.text)
    lv_font_get_glyph_dsc_fmt_txt            0x080124c3   Thumb Code   132  lv_font_fmt_txt.o(.text)
    lv_disp_drv_init                         0x08012555   Thumb Code    68  lv_hal_disp.o(.text)
    lv_disp_buf_init                         0x08012599   Thumb Code    34  lv_hal_disp.o(.text)
    lv_disp_drv_register                     0x080125bb   Thumb Code   184  lv_hal_disp.o(.text)
    lv_disp_get_default                      0x08012673   Thumb Code     6  lv_hal_disp.o(.text)
    lv_disp_get_ver_res                      0x08012679   Thumb Code    40  lv_hal_disp.o(.text)
    lv_disp_get_hor_res                      0x080126a1   Thumb Code    40  lv_hal_disp.o(.text)
    lv_disp_drv_update                       0x080126c9   Thumb Code    76  lv_hal_disp.o(.text)
    lv_disp_set_default                      0x08012715   Thumb Code     6  lv_hal_disp.o(.text)
    lv_disp_remove                           0x0801271b   Thumb Code    82  lv_hal_disp.o(.text)
    lv_disp_get_antialiasing                 0x0801276d   Thumb Code    26  lv_hal_disp.o(.text)
    lv_disp_flush_ready                      0x08012787   Thumb Code    14  lv_hal_disp.o(.text)
    lv_disp_get_next                         0x08012795   Thumb Code    24  lv_hal_disp.o(.text)
    lv_disp_get_buf                          0x080127ad   Thumb Code     6  lv_hal_disp.o(.text)
    lv_disp_get_inv_buf_size                 0x080127b3   Thumb Code    12  lv_hal_disp.o(.text)
    lv_disp_pop_from_inv_buf                 0x080127bf   Thumb Code    36  lv_hal_disp.o(.text)
    lv_disp_is_double_buf                    0x080127e3   Thumb Code    22  lv_hal_disp.o(.text)
    lv_disp_is_true_double_buf               0x080127f9   Thumb Code    40  lv_hal_disp.o(.text)
    lv_indev_drv_init                        0x08012835   Thumb Code    36  lv_hal_indev.o(.text)
    lv_indev_drv_register                    0x08012859   Thumb Code   100  lv_hal_indev.o(.text)
    lv_indev_drv_update                      0x080128bd   Thumb Code    18  lv_hal_indev.o(.text)
    lv_indev_get_next                        0x080128cf   Thumb Code    24  lv_hal_indev.o(.text)
    lv_indev_read                            0x080128e7   Thumb Code    62  lv_hal_indev.o(.text)
    lv_tick_inc                              0x0801292d   Thumb Code    18  lv_hal_tick.o(.text)
    lv_tick_get                              0x0801293f   Thumb Code    22  lv_hal_tick.o(.text)
    lv_tick_elaps                            0x08012955   Thumb Code    26  lv_hal_tick.o(.text)
    lv_anim_core_init                        0x08012af1   Thumb Code    32  lv_anim.o(.text)
    lv_anim_path_linear                      0x08012b11   Thumb Code    52  lv_anim.o(.text)
    lv_anim_init                             0x08012b45   Thumb Code    34  lv_anim.o(.text)
    lv_anim_del                              0x08012b67   Thumb Code    80  lv_anim.o(.text)
    lv_anim_create                           0x08012bb7   Thumb Code    80  lv_anim.o(.text)
    lv_anim_count_running                    0x08012c07   Thumb Code    40  lv_anim.o(.text)
    lv_anim_speed_to_time                    0x08012c2f   Thumb Code    48  lv_anim.o(.text)
    lv_anim_path_ease_in                     0x08012c5f   Thumb Code    72  lv_anim.o(.text)
    lv_anim_path_ease_out                    0x08012ca7   Thumb Code    72  lv_anim.o(.text)
    lv_anim_path_ease_in_out                 0x08012cef   Thumb Code    74  lv_anim.o(.text)
    lv_anim_path_overshoot                   0x08012d39   Thumb Code    76  lv_anim.o(.text)
    lv_anim_path_bounce                      0x08012d85   Thumb Code   284  lv_anim.o(.text)
    lv_anim_path_step                        0x08012ea1   Thumb Code    24  lv_anim.o(.text)
    lv_area_set                              0x08012eb9   Thumb Code    14  lv_area.o(.text)
    lv_area_set_width                        0x08012ec7   Thumb Code    12  lv_area.o(.text)
    lv_area_set_height                       0x08012ed3   Thumb Code    12  lv_area.o(.text)
    lv_area_set_pos                          0x08012edf   Thumb Code    58  lv_area.o(.text)
    lv_area_get_size                         0x08012f19   Thumb Code    34  lv_area.o(.text)
    lv_area_intersect                        0x08012f3b   Thumb Code   130  lv_area.o(.text)
    lv_area_join                             0x08012fbd   Thumb Code   100  lv_area.o(.text)
    lv_area_is_point_on                      0x08013021   Thumb Code    58  lv_area.o(.text)
    lv_area_is_on                            0x0801305b   Thumb Code    58  lv_area.o(.text)
    lv_area_is_in                            0x08013095   Thumb Code    58  lv_area.o(.text)
    lv_async_call                            0x080130e5   Thumb Code    66  lv_async.o(.text)
    lv_circ_init                             0x0801312d   Thumb Code    16  lv_circ.o(.text)
    lv_circ_cont                             0x0801313d   Thumb Code    22  lv_circ.o(.text)
    lv_circ_next                             0x08013153   Thumb Code    60  lv_circ.o(.text)
    lv_color_hsv_to_rgb                      0x080131bf   Thumb Code   250  lv_color.o(.text)
    lv_color_rgb_to_hsv                      0x080132b9   Thumb Code   194  lv_color.o(.text)
    lv_ll_init                               0x0801337b   Thumb Code    22  lv_ll.o(.text)
    lv_ll_ins_head                           0x080133ed   Thumb Code    64  lv_ll.o(.text)
    lv_ll_get_prev                           0x0801342d   Thumb Code    20  lv_ll.o(.text)
    lv_ll_get_head                           0x08013441   Thumb Code    10  lv_ll.o(.text)
    lv_ll_ins_prev                           0x0801344b   Thumb Code   114  lv_ll.o(.text)
    lv_ll_ins_tail                           0x080134bd   Thumb Code    70  lv_ll.o(.text)
    lv_ll_get_next                           0x08013503   Thumb Code    22  lv_ll.o(.text)
    lv_ll_get_tail                           0x08013519   Thumb Code    10  lv_ll.o(.text)
    lv_ll_rem                                0x08013523   Thumb Code   138  lv_ll.o(.text)
    lv_ll_clear                              0x080135ad   Thumb Code    48  lv_ll.o(.text)
    lv_ll_chg_list                           0x080135dd   Thumb Code   112  lv_ll.o(.text)
    lv_ll_get_len                            0x0801364d   Thumb Code    36  lv_ll.o(.text)
    lv_ll_swap                               0x08013671   Thumb Code     2  lv_ll.o(.text)
    lv_ll_move_before                        0x08013673   Thumb Code   106  lv_ll.o(.text)
    lv_ll_is_empty                           0x080136dd   Thumb Code    24  lv_ll.o(.text)
    lv_trigo_sin                             0x080136f5   Thumb Code   106  lv_math.o(.text)
    lv_bezier3                               0x0801375f   Thumb Code    94  lv_math.o(.text)
    lv_mem_init                              0x080137c1   Thumb Code    32  lv_mem.o(.text)
    lv_mem_alloc                             0x08013887   Thumb Code    70  lv_mem.o(.text)
    lv_mem_get_size                          0x080138cd   Thumb Code    26  lv_mem.o(.text)
    lv_mem_free                              0x080138e7   Thumb Code   110  lv_mem.o(.text)
    lv_mem_realloc                           0x08013955   Thumb Code   108  lv_mem.o(.text)
    lv_mem_defrag                            0x080139c1   Thumb Code   110  lv_mem.o(.text)
    lv_mem_monitor                           0x08013a2f   Thumb Code   132  lv_mem.o(.text)
    lv_task_enable                           0x08013ac1   Thumb Code     6  lv_task.o(.text)
    lv_task_core_init                        0x08013ac7   Thumb Code    18  lv_task.o(.text)
    lv_task_del                              0x08013ad9   Thumb Code    34  lv_task.o(.text)
    lv_task_handler                          0x08013b43   Thumb Code   330  lv_task.o(.text)
    lv_task_create_basic                     0x08013c8d   Thumb Code   156  lv_task.o(.text)
    lv_task_set_prio                         0x08013d29   Thumb Code    94  lv_task.o(.text)
    lv_task_set_period                       0x08013d87   Thumb Code     4  lv_task.o(.text)
    lv_task_set_cb                           0x08013d8b   Thumb Code     4  lv_task.o(.text)
    lv_task_create                           0x08013d8f   Thumb Code    62  lv_task.o(.text)
    lv_task_ready                            0x08013dcd   Thumb Code    18  lv_task.o(.text)
    lv_task_once                             0x08013ddf   Thumb Code    12  lv_task.o(.text)
    lv_task_reset                            0x08013deb   Thumb Code    12  lv_task.o(.text)
    lv_task_get_idle                         0x08013df7   Thumb Code     6  lv_task.o(.text)
    lv_txt_is_cmd                            0x08013e25   Thumb Code    66  lv_txt.o(.text)
    lv_txt_get_width                         0x08013e67   Thumb Code   140  lv_txt.o(.text)
    lv_txt_get_next_line                     0x08013ef3   Thumb Code   272  lv_txt.o(.text)
    lv_txt_get_size                          0x08014003   Thumb Code   204  lv_txt.o(.text)
    lv_txt_ins                               0x080140cf   Thumb Code    74  lv_txt.o(.text)
    lv_txt_cut                               0x08014119   Thumb Code    66  lv_txt.o(.text)
    lv_utils_num_to_str                      0x080144a9   Thumb Code   128  lv_utils.o(.text)
    lv_utils_bsearch                         0x08014529   Thumb Code    84  lv_utils.o(.text)
    lv_cont_get_layout                       0x08014c5d   Thumb Code    20  lv_cont.o(.text)
    lv_cont_create                           0x08014fe5   Thumb Code   240  lv_cont.o(.text)
    lv_cont_set_layout                       0x080150d5   Thumb Code    48  lv_cont.o(.text)
    lv_cont_set_fit4                         0x08015105   Thumb Code   120  lv_cont.o(.text)
    lv_cont_get_fit_left                     0x0801517d   Thumb Code    20  lv_cont.o(.text)
    lv_cont_get_fit_right                    0x08015191   Thumb Code    18  lv_cont.o(.text)
    lv_cont_get_fit_top                      0x080151a3   Thumb Code    20  lv_cont.o(.text)
    lv_cont_get_fit_bottom                   0x080151b7   Thumb Code    20  lv_cont.o(.text)
    lv_label_get_text                        0x08015289   Thumb Code    16  lv_label.o(.text)
    lv_label_get_letter_on                   0x08015299   Thumb Code   386  lv_label.o(.text)
    lv_label_set_static_text                 0x08015843   Thumb Code    58  lv_label.o(.text)
    lv_label_set_text                        0x0801587d   Thumb Code   152  lv_label.o(.text)
    lv_label_get_align                       0x08015915   Thumb Code    20  lv_label.o(.text)
    lv_label_set_align                       0x08015929   Thumb Code    44  lv_label.o(.text)
    lv_label_get_body_draw                   0x08015955   Thumb Code    20  lv_label.o(.text)
    lv_label_set_body_draw                   0x08015969   Thumb Code    50  lv_label.o(.text)
    lv_label_get_recolor                     0x0801599b   Thumb Code    20  lv_label.o(.text)
    lv_label_set_recolor                     0x080159af   Thumb Code    44  lv_label.o(.text)
    lv_label_get_long_mode                   0x080159db   Thumb Code    20  lv_label.o(.text)
    lv_label_set_long_mode                   0x08015a7f   Thumb Code   128  lv_label.o(.text)
    lv_label_get_text_sel_end                0x08015c55   Thumb Code     8  lv_label.o(.text)
    lv_label_get_text_sel_start              0x08015c5d   Thumb Code     8  lv_label.o(.text)
    lv_label_create                          0x08015edf   Thumb Code   490  lv_label.o(.text)
    lv_label_set_array_text                  0x080160c9   Thumb Code   120  lv_label.o(.text)
    lv_label_set_anim_speed                  0x08016141   Thumb Code    54  lv_label.o(.text)
    lv_label_set_text_sel_start              0x08016177   Thumb Code     2  lv_label.o(.text)
    lv_label_set_text_sel_end                0x08016179   Thumb Code     2  lv_label.o(.text)
    lv_label_get_anim_speed                  0x0801617b   Thumb Code    16  lv_label.o(.text)
    lv_label_get_letter_pos                  0x0801618b   Thumb Code   408  lv_label.o(.text)
    lv_label_is_char_under_pos               0x08016323   Thumb Code   448  lv_label.o(.text)
    lv_label_ins_text                        0x080164e3   Thumb Code   120  lv_label.o(.text)
    lv_label_cut_text                        0x0801655b   Thumb Code    64  lv_label.o(.text)
    lv_led_create                            0x0801675f   Thumb Code   174  lv_led.o(.text)
    lv_led_set_bright                        0x0801680d   Thumb Code    34  lv_led.o(.text)
    lv_led_on                                0x0801682f   Thumb Code    14  lv_led.o(.text)
    lv_led_off                               0x0801683d   Thumb Code    14  lv_led.o(.text)
    lv_led_get_bright                        0x0801684b   Thumb Code    16  lv_led.o(.text)
    lv_led_toggle                            0x0801685b   Thumb Code    32  lv_led.o(.text)
    lv_page_get_scrl                         0x080168a9   Thumb Code    16  lv_page.o(.text)
    lv_page_get_style                        0x08016cc9   Thumb Code    74  lv_page.o(.text)
    lv_page_scroll_hor                       0x08016fdf   Thumb Code   100  lv_page.o(.text)
    lv_page_scroll_ver                       0x08017043   Thumb Code   100  lv_page.o(.text)
    lv_page_set_style                        0x0801739b   Thumb Code   114  lv_page.o(.text)
    lv_page_set_sb_mode                      0x0801740d   Thumb Code   124  lv_page.o(.text)
    lv_page_start_edge_flash                 0x080174df   Thumb Code   112  lv_page.o(.text)
    lv_page_create                           0x08017b4d   Thumb Code   554  lv_page.o(.text)
    lv_page_clean                            0x08017d77   Thumb Code    20  lv_page.o(.text)
    lv_page_set_anim_time                    0x08017d8b   Thumb Code    18  lv_page.o(.text)
    lv_page_set_scroll_propagation           0x08017d9d   Thumb Code    28  lv_page.o(.text)
    lv_page_set_edge_flash                   0x08017db9   Thumb Code    28  lv_page.o(.text)
    lv_page_get_anim_time                    0x08017dd5   Thumb Code    16  lv_page.o(.text)
    lv_page_get_sb_mode                      0x08017de5   Thumb Code    20  lv_page.o(.text)
    lv_page_get_scroll_propagation           0x08017df9   Thumb Code    22  lv_page.o(.text)
    lv_page_get_edge_flash                   0x08017e0f   Thumb Code    22  lv_page.o(.text)
    lv_page_get_fit_width                    0x08017e25   Thumb Code    52  lv_page.o(.text)
    lv_page_get_fit_height                   0x08017e59   Thumb Code    50  lv_page.o(.text)
    lv_page_on_edge                          0x08017e8b   Thumb Code   206  lv_page.o(.text)
    lv_page_glue_obj                         0x08017f59   Thumb Code    24  lv_page.o(.text)
    lv_page_focus                            0x08017f71   Thumb Code   526  lv_page.o(.text)
    lv_theme_set_current                     0x080181c5   Thumb Code    40  lv_theme.o(.text)
    lv_theme_get_current                     0x080181ed   Thumb Code     6  lv_theme.o(.text)
    lv_theme_night_init                      0x08019391   Thumb Code   180  lv_theme_night.o(.text)
    lv_theme_get_night                       0x08019445   Thumb Code     4  lv_theme_night.o(.text)
    lv_port_disp_init                        0x08019497   Thumb Code    62  lv_port_disp.o(.text)
    __aeabi_memcpy                           0x080194e1   Thumb Code    36  memcpya.o(.text)
    __aeabi_memcpy4                          0x080194e1   Thumb Code     0  memcpya.o(.text)
    __aeabi_memcpy8                          0x080194e1   Thumb Code     0  memcpya.o(.text)
    __aeabi_memset                           0x08019505   Thumb Code    14  memseta.o(.text)
    __aeabi_memset4                          0x08019505   Thumb Code     0  memseta.o(.text)
    __aeabi_memset8                          0x08019505   Thumb Code     0  memseta.o(.text)
    __aeabi_memclr                           0x08019513   Thumb Code     4  memseta.o(.text)
    __aeabi_memclr4                          0x08019513   Thumb Code     0  memseta.o(.text)
    __aeabi_memclr8                          0x08019513   Thumb Code     0  memseta.o(.text)
    _memset$wrapper                          0x08019517   Thumb Code    18  memseta.o(.text)
    strlen                                   0x08019529   Thumb Code    14  strlen.o(.text)
    strcpy                                   0x08019537   Thumb Code    18  strcpy.o(.text)
    __aeabi_dmul                             0x08019549   Thumb Code   228  dmul.o(.text)
    __aeabi_ui2d                             0x0801962d   Thumb Code    26  dfltui.o(.text)
    __aeabi_d2uiz                            0x08019647   Thumb Code    50  dfixui.o(.text)
    __aeabi_uldivmod                         0x08019679   Thumb Code    98  uldiv.o(.text)
    __aeabi_llsr                             0x080196db   Thumb Code    32  llushr.o(.text)
    _ll_ushift_r                             0x080196db   Thumb Code     0  llushr.o(.text)
    __I$use$fp                               0x080196fb   Thumb Code     0  iusefp.o(.text)
    _double_round                            0x080196fb   Thumb Code    30  depilogue.o(.text)
    _double_epilogue                         0x08019719   Thumb Code   156  depilogue.o(.text)
    __scatterload                            0x080197b5   Thumb Code    28  init.o(.text)
    __scatterload_rt2                        0x080197b5   Thumb Code     0  init.o(.text)
    __aeabi_llsl                             0x080197d9   Thumb Code    30  llshl.o(.text)
    _ll_shift_l                              0x080197d9   Thumb Code     0  llshl.o(.text)
    __decompress                             0x080197f7   Thumb Code     0  __dczerorl2.o(.text)
    __decompress1                            0x080197f7   Thumb Code    86  __dczerorl2.o(.text)
    __0printf$5                              0x0801984d   Thumb Code    22  printf5.o(i.__0printf$5)
    __1printf$5                              0x0801984d   Thumb Code     0  printf5.o(i.__0printf$5)
    __2printf                                0x0801984d   Thumb Code     0  printf5.o(i.__0printf$5)
    __scatterload_copy                       0x0801986d   Thumb Code    14  handlers.o(i.__scatterload_copy)
    __scatterload_null                       0x0801987b   Thumb Code     2  handlers.o(i.__scatterload_null)
    __scatterload_zeroinit                   0x0801987d   Thumb Code    14  handlers.o(i.__scatterload_zeroinit)
    malloc                                   0x08019b4d   Thumb Code    92  malloc.o(i.malloc)
    asc2_1206                                0x08019bb8   Data        1140  lcd.o(.constdata)
    asc2_1608                                0x0801a02c   Data        1520  lcd.o(.constdata)
    asc2_2412                                0x0801a61c   Data        3420  lcd.o(.constdata)
    table_week                               0x0801b378   Data          12  rtc.o(.constdata)
    Region$$Table$$Base                      0x08023c44   Number         0  anon$$obj.o(Region$$Table)
    Region$$Table$$Limit                     0x08023c64   Number         0  anon$$obj.o(Region$$Table)
    SystemCoreClock                          0x20000000   Data           4  system_stm32f10x.o(.data)
    AHBPrescTable                            0x20000004   Data          16  system_stm32f10x.o(.data)
    POINT_COLOR                              0x2000001e   Data           2  lcd.o(.data)
    BACK_COLOR                               0x20000020   Data           2  lcd.o(.data)
    __stdout                                 0x20000028   Data           4  usart.o(.data)
    USART_RX_STA                             0x2000002c   Data           2  usart.o(.data)
    MonTab                                   0x2000002e   Data          12  rtc.o(.data)
    LcdDev                                   0x20000050   Data           4  dev_lcd.o(.data)
    ChildNodeList                            0x20000058   Data           4  home_page.o(.data)
    HomePageNode                             0x200000a4   Data         116  home_page.o(.data)
    ManagePageNode                           0x20000118   Data         116  manage_page.o(.data)
    lv_font_roboto_16                        0x20000d8c   Data          16  lv_font_roboto_16.o(.data)
    _lv_img_cache_array                      0x20000db0   Data           4  lv_gc.o(.data)
    _lv_task_act                             0x20000db4   Data           4  lv_gc.o(.data)
    _lv_draw_buf                             0x20000db8   Data           4  lv_gc.o(.data)
    lv_txt_encoded_size                      0x20000e90   Data           4  lv_txt.o(.data)
    lv_txt_unicode_to_encoded                0x20000e94   Data           4  lv_txt.o(.data)
    lv_txt_encoded_conv_wc                   0x20000e98   Data           4  lv_txt.o(.data)
    lv_txt_encoded_next                      0x20000e9c   Data           4  lv_txt.o(.data)
    lv_txt_encoded_prev                      0x20000ea0   Data           4  lv_txt.o(.data)
    lv_txt_encoded_get_byte_id               0x20000ea4   Data           4  lv_txt.o(.data)
    lv_encoded_get_char_id                   0x20000ea8   Data           4  lv_txt.o(.data)
    lv_txt_get_encoded_length                0x20000eac   Data           4  lv_txt.o(.data)
    font_hei48                               0x20000ef0   Data          16  font_hei48.o(.data)
    __microlib_freelist                      0x20000f00   Data           4  mvars.o(.data)
    __microlib_freelist_initialised          0x20000f04   Data           4  mvars.o(.data)
    lcddev                                   0x20000f08   Data          14  lcd.o(.bss)
    USART_RX_BUF                             0x20000f16   Data         200  usart.o(.bss)
    lv_style_scr                             0x20001134   Data          60  lv_style.o(.bss)
    lv_style_transp                          0x20001170   Data          60  lv_style.o(.bss)
    lv_style_transp_fit                      0x200011ac   Data          60  lv_style.o(.bss)
    lv_style_transp_tight                    0x200011e8   Data          60  lv_style.o(.bss)
    lv_style_plain                           0x20001224   Data          60  lv_style.o(.bss)
    lv_style_plain_color                     0x20001260   Data          60  lv_style.o(.bss)
    lv_style_pretty                          0x2000129c   Data          60  lv_style.o(.bss)
    lv_style_pretty_color                    0x200012d8   Data          60  lv_style.o(.bss)
    lv_style_btn_rel                         0x20001314   Data          60  lv_style.o(.bss)
    lv_style_btn_pr                          0x20001350   Data          60  lv_style.o(.bss)
    lv_style_btn_tgl_rel                     0x2000138c   Data          60  lv_style.o(.bss)
    lv_style_btn_tgl_pr                      0x200013c8   Data          60  lv_style.o(.bss)
    lv_style_btn_ina                         0x20001404   Data          60  lv_style.o(.bss)
    _lv_task_ll                              0x20001440   Data          12  lv_gc.o(.bss)
    _lv_disp_ll                              0x2000144c   Data          12  lv_gc.o(.bss)
    _lv_indev_ll                             0x20001458   Data          12  lv_gc.o(.bss)
    _lv_drv_ll                               0x20001464   Data          12  lv_gc.o(.bss)
    _lv_file_ll                              0x20001470   Data          12  lv_gc.o(.bss)
    _lv_anim_ll                              0x2000147c   Data          12  lv_gc.o(.bss)
    _lv_group_ll                             0x20001488   Data          12  lv_gc.o(.bss)
    _lv_img_defoder_ll                       0x20001494   Data          12  lv_gc.o(.bss)
    __heap_base                              0x200087e0   Data           0  startup_stm32f10x_hd.o(HEAP)
    __heap_limit                             0x200089e0   Data           0  startup_stm32f10x_hd.o(HEAP)
    __initial_sp                             0x200091e0   Data           0  startup_stm32f10x_hd.o(STACK)



==============================================================================

Memory Map of the image

  Image Entry point : 0x08000131

  Load Region LR_IROM1 (Base: 0x08000000, Size: 0x00024b6c, Max: 0x00080000, ABSOLUTE, COMPRESSED[0x00024408])

    Execution Region ER_IROM1 (Base: 0x08000000, Size: 0x00023c64, Max: 0x00080000, ABSOLUTE)

    Base Addr    Size         Type   Attr      Idx    E Section Name        Object

    0x08000000   0x00000130   Data   RO          620    RESET               startup_stm32f10x_hd.o
    0x08000130   0x00000000   Code   RO         4701  * .ARM.Collect$$$$00000000  mc_w.l(entry.o)
    0x08000130   0x00000004   Code   RO         5011    .ARM.Collect$$$$00000001  mc_w.l(entry2.o)
    0x08000134   0x00000004   Code   RO         5014    .ARM.Collect$$$$00000004  mc_w.l(entry5.o)
    0x08000138   0x00000000   Code   RO         5016    .ARM.Collect$$$$00000008  mc_w.l(entry7b.o)
    0x08000138   0x00000000   Code   RO         5018    .ARM.Collect$$$$0000000A  mc_w.l(entry8b.o)
    0x08000138   0x00000008   Code   RO         5019    .ARM.Collect$$$$0000000B  mc_w.l(entry9a.o)
    0x08000140   0x00000000   Code   RO         5021    .ARM.Collect$$$$0000000D  mc_w.l(entry10a.o)
    0x08000140   0x00000000   Code   RO         5023    .ARM.Collect$$$$0000000F  mc_w.l(entry11a.o)
    0x08000140   0x00000004   Code   RO         5012    .ARM.Collect$$$$00002712  mc_w.l(entry2.o)
    0x08000144   0x0000005e   Code   RO            1    .text               main.o
    0x080001a2   0x0000001a   Code   RO          405    .text               stm32f10x_it.o
    0x080001bc   0x000001e0   Code   RO          446    .text               system_stm32f10x.o
    0x0800039c   0x000001e0   Code   RO          476    .text               key.o
    0x0800057c   0x00004a5c   Code   RO          490    .text               lcd.o
    0x08004fd8   0x000000d4   Code   RO          513    .text               delay.o
    0x080050ac   0x00000140   Code   RO          544    .text               usart.o
    0x080051ec   0x000004dc   Code   RO          567    .text               rtc.o
    0x080056c8   0x000000a0   Code   RO          590    .text               timer.o
    0x08005768   0x00000024   Code   RO          621    .text               startup_stm32f10x_hd.o
    0x0800578c   0x000000dc   Code   RO          625    .text               misc.o
    0x08005868   0x0000060c   Code   RO          637    .text               stm32f10x_fsmc.o
    0x08005e74   0x0000035c   Code   RO          649    .text               stm32f10x_gpio.o
    0x080061d0   0x000003a4   Code   RO          661    .text               stm32f10x_rcc.o
    0x08006574   0x00000408   Code   RO          675    .text               stm32f10x_usart.o
    0x0800697c   0x000000c4   Code   RO          687    .text               stm32f10x_bkp.o
    0x08006a40   0x00000148   Code   RO          699    .text               stm32f10x_rtc.o
    0x08006b88   0x000000cc   Code   RO          711    .text               stm32f10x_pwr.o
    0x08006c54   0x00000e1a   Code   RO          723    .text               stm32f10x_tim.o
    0x08007a6e   0x00000002   PAD
    0x08007a70   0x00000058   Code   RO          735    .text               dev_lcd.o
    0x08007ac8   0x00000134   Code   RO          750    .text               page.o
    0x08007bfc   0x00000bb8   Code   RO          767    .text               home_page.o
    0x080087b4   0x000000c0   Code   RO          955    .text               manage_page.o
    0x08008874   0x00000112   Code   RO         1497    .text               lv_disp.o
    0x08008986   0x00000002   PAD
    0x08008988   0x00000880   Code   RO         1574    .text               lv_group.o
    0x08009208   0x00001428   Code   RO         1670    .text               lv_indev.o
    0x0800a630   0x00001864   Code   RO         1712    .text               lv_obj.o
    0x0800be94   0x000007f4   Code   RO         1794    .text               lv_refr.o
    0x0800c688   0x00000a94   Code   RO         1821    .text               lv_style.o
    0x0800d11c   0x00000164   Code   RO         1852    .text               lv_draw.o
    0x0800d280   0x000009fe   Code   RO         1967    .text               lv_draw_basic.o
    0x0800dc7e   0x00000002   PAD
    0x0800dc80   0x0000093c   Code   RO         2039    .text               lv_draw_img.o
    0x0800e5bc   0x0000053c   Code   RO         2067    .text               lv_draw_label.o
    0x0800eaf8   0x00002d2a   Code   RO         2120    .text               lv_draw_rect.o
    0x08011822   0x00000002   PAD
    0x08011824   0x00000208   Code   RO         2170    .text               lv_img_cache.o
    0x08011a2c   0x00000760   Code   RO         2200    .text               lv_img_decoder.o
    0x0801218c   0x00000054   Code   RO         2254    .text               lv_font.o
    0x080121e0   0x00000374   Code   RO         2285    .text               lv_font_fmt_txt.o
    0x08012554   0x000002e0   Code   RO         2698    .text               lv_hal_disp.o
    0x08012834   0x000000f8   Code   RO         2785    .text               lv_hal_indev.o
    0x0801292c   0x0000004c   Code   RO         2859    .text               lv_hal_tick.o
    0x08012978   0x00000540   Code   RO         2879    .text               lv_anim.o
    0x08012eb8   0x00000216   Code   RO         2957    .text               lv_area.o
    0x080130ce   0x00000002   PAD
    0x080130d0   0x0000005c   Code   RO         2972    .text               lv_async.o
    0x0801312c   0x00000062   Code   RO         2990    .text               lv_circ.o
    0x0801318e   0x000001ec   Code   RO         3008    .text               lv_color.o
    0x0801337a   0x0000037a   Code   RO         3058    .text               lv_ll.o
    0x080136f4   0x000000cc   Code   RO         3076    .text               lv_math.o
    0x080137c0   0x00000300   Code   RO         3090    .text               lv_mem.o
    0x08013ac0   0x00000364   Code   RO         3105    .text               lv_task.o
    0x08013e24   0x00000684   Code   RO         3128    .text               lv_txt.o
    0x080144a8   0x000000d4   Code   RO         3153    .text               lv_utils.o
    0x0801457c   0x00000c80   Code   RO         3631    .text               lv_cont.o
    0x080151fc   0x000013cc   Code   RO         3813    .text               lv_label.o
    0x080165c8   0x000002e0   Code   RO         3845    .text               lv_led.o
    0x080168a8   0x0000191c   Code   RO         4020    .text               lv_page.o
    0x080181c4   0x00000034   Code   RO         4463    .text               lv_theme.o
    0x080181f8   0x00001270   Code   RO         4625    .text               lv_theme_night.o
    0x08019468   0x00000078   Code   RO         4675    .text               lv_port_disp.o
    0x080194e0   0x00000024   Code   RO         4704    .text               mc_w.l(memcpya.o)
    0x08019504   0x00000024   Code   RO         4706    .text               mc_w.l(memseta.o)
    0x08019528   0x0000000e   Code   RO         4708    .text               mc_w.l(strlen.o)
    0x08019536   0x00000012   Code   RO         4712    .text               mc_w.l(strcpy.o)
    0x08019548   0x000000e4   Code   RO         5005    .text               mf_w.l(dmul.o)
    0x0801962c   0x0000001a   Code   RO         5007    .text               mf_w.l(dfltui.o)
    0x08019646   0x00000032   Code   RO         5009    .text               mf_w.l(dfixui.o)
    0x08019678   0x00000062   Code   RO         5027    .text               mc_w.l(uldiv.o)
    0x080196da   0x00000020   Code   RO         5029    .text               mc_w.l(llushr.o)
    0x080196fa   0x00000000   Code   RO         5033    .text               mc_w.l(iusefp.o)
    0x080196fa   0x000000ba   Code   RO         5034    .text               mf_w.l(depilogue.o)
    0x080197b4   0x00000024   Code   RO         5044    .text               mc_w.l(init.o)
    0x080197d8   0x0000001e   Code   RO         5046    .text               mc_w.l(llshl.o)
    0x080197f6   0x00000056   Code   RO         5058    .text               mc_w.l(__dczerorl2.o)
    0x0801984c   0x00000020   Code   RO         4849    i.__0printf$5       mc_w.l(printf5.o)
    0x0801986c   0x0000000e   Code   RO         5052    i.__scatterload_copy  mc_w.l(handlers.o)
    0x0801987a   0x00000002   Code   RO         5053    i.__scatterload_null  mc_w.l(handlers.o)
    0x0801987c   0x0000000e   Code   RO         5054    i.__scatterload_zeroinit  mc_w.l(handlers.o)
    0x0801988a   0x00000002   PAD
    0x0801988c   0x000002c0   Code   RO         4856    i._printf_core      mc_w.l(printf5.o)
    0x08019b4c   0x0000006c   Code   RO         4978    i.malloc            mc_w.l(malloc.o)
    0x08019bb8   0x000017c0   Data   RO          492    .constdata          lcd.o
    0x0801b378   0x0000000c   Data   RO          569    .constdata          rtc.o
    0x0801b384   0x0000000a   Data   RO          769    .constdata          home_page.o
    0x0801b38e   0x00000002   PAD
    0x0801b390   0x0000002e   Data   RO         1575    .constdata          lv_group.o
    0x0801b3be   0x00000002   PAD
    0x0801b3c0   0x00000016   Data   RO         1823    .constdata          lv_style.o
    0x0801b3d6   0x00000024   Data   RO         1853    .constdata          lv_draw.o
    0x0801b3fa   0x00000011   Data   RO         2121    .constdata          lv_draw_rect.o
    0x0801b40b   0x00000001   PAD
    0x0801b40c   0x000023bc   Data   RO         2552    .constdata          lv_font_roboto_16.o
    0x0801d7c8   0x00000002   Data   RO         2699    .constdata          lv_hal_disp.o
    0x0801d7ca   0x00000002   PAD
    0x0801d7cc   0x00000002   Data   RO         4627    .constdata          lv_theme_night.o
    0x0801d7ce   0x00000002   PAD
    0x0801d7d0   0x00006454   Data   RO         4691    .constdata          font_hei48.o
    0x08023c24   0x00000020   Data   RO          770    .conststring        home_page.o
    0x08023c44   0x00000020   Data   RO         5050    Region$$Table       anon$$obj.o


    Execution Region RW_IRAM1 (Base: 0x20000000, Size: 0x000091e0, Max: 0x00010000, ABSOLUTE, COMPRESSED[0x000007a4])

    Base Addr    Size         Type   Attr      Idx    E Section Name        Object

    0x20000000   0x00000014   Data   RW          447    .data               system_stm32f10x.o
    0x20000014   0x0000000a   Data   RW          477    .data               key.o
    0x2000001e   0x00000004   Data   RW          493    .data               lcd.o
    0x20000022   0x00000004   Data   RW          514    .data               delay.o
    0x20000026   0x00000002   PAD
    0x20000028   0x00000006   Data   RW          546    .data               usart.o
    0x2000002e   0x0000000c   Data   RW          570    .data               rtc.o
    0x2000003a   0x00000001   Data   RW          591    .data               timer.o
    0x2000003b   0x00000014   Data   RW          662    .data               stm32f10x_rcc.o
    0x2000004f   0x00000001   PAD
    0x20000050   0x00000004   Data   RW          736    .data               dev_lcd.o
    0x20000054   0x00000004   Data   RW          751    .data               page.o
    0x20000058   0x000000c0   Data   RW          771    .data               home_page.o
    0x20000118   0x00000074   Data   RW          956    .data               manage_page.o
    0x2000018c   0x00000008   Data   RW         1671    .data               lv_indev.o
    0x20000194   0x0000000c   Data   RW         1713    .data               lv_obj.o
    0x200001a0   0x00000008   Data   RW         1795    .data               lv_refr.o
    0x200001a8   0x00000024   Data   RW         1854    .data               lv_draw.o
    0x200001cc   0x00000002   Data   RW         2171    .data               lv_img_cache.o
    0x200001ce   0x00000002   PAD
    0x200001d0   0x00000bcc   Data   RW         2553    .data               lv_font_roboto_16.o
    0x20000d9c   0x00000004   Data   RW         2700    .data               lv_hal_disp.o
    0x20000da0   0x00000005   Data   RW         2860    .data               lv_hal_tick.o
    0x20000da5   0x00000003   PAD
    0x20000da8   0x00000005   Data   RW         2880    .data               lv_anim.o
    0x20000dad   0x00000003   PAD
    0x20000db0   0x0000000c   Data   RW         3033    .data               lv_gc.o
    0x20000dbc   0x000000b6   Data   RW         3077    .data               lv_math.o
    0x20000e72   0x00000002   PAD
    0x20000e74   0x00000008   Data   RW         3092    .data               lv_mem.o
    0x20000e7c   0x00000014   Data   RW         3106    .data               lv_task.o
    0x20000e90   0x00000020   Data   RW         3129    .data               lv_txt.o
    0x20000eb0   0x00000004   Data   RW         3632    .data               lv_cont.o
    0x20000eb4   0x00000004   Data   RW         3814    .data               lv_label.o
    0x20000eb8   0x00000008   Data   RW         3846    .data               lv_led.o
    0x20000ec0   0x00000008   Data   RW         4021    .data               lv_page.o
    0x20000ec8   0x00000004   Data   RW         4464    .data               lv_theme.o
    0x20000ecc   0x00000008   Data   RW         4628    .data               lv_theme_night.o
    0x20000ed4   0x0000002c   Data   RW         4692    .data               font_hei48.o
    0x20000f00   0x00000004   Data   RW         5031    .data               mc_w.l(mvars.o)
    0x20000f04   0x00000004   Data   RW         5032    .data               mc_w.l(mvars.o)
    0x20000f08   0x0000000e   Zero   RW          491    .bss                lcd.o
    0x20000f16   0x000000c8   Zero   RW          545    .bss                usart.o
    0x20000fde   0x00000002   PAD
    0x20000fe0   0x0000000c   Zero   RW          568    .bss                rtc.o
    0x20000fec   0x00000148   Zero   RW          768    .bss                home_page.o
    0x20001134   0x0000030c   Zero   RW         1822    .bss                lv_style.o
    0x20001440   0x00000060   Zero   RW         3032    .bss                lv_gc.o
    0x200014a0   0x00004000   Zero   RW         3091    .bss                lv_mem.o
    0x200054a0   0x00000da4   Zero   RW         4626    .bss                lv_theme_night.o
    0x20006244   0x0000259c   Zero   RW         4676    .bss                lv_port_disp.o
    0x200087e0   0x00000200   Zero   RW          619    HEAP                startup_stm32f10x_hd.o
    0x200089e0   0x00000800   Zero   RW          618    STACK               startup_stm32f10x_hd.o


==============================================================================

Image component sizes


      Code (inc. data)   RO Data    RW Data    ZI Data      Debug   Object Name

       212         18          0          4          0       1011   delay.o
        88          6          0          4          0       1405   dev_lcd.o
         0          0      25684         44          0        641   font_hei48.o
      3000        362         42        192        328      33425   home_page.o
         0          0          0          0          0      20334   img_bubble_pattern.o
       480         34          0         10          0       2139   key.o
     19036        162       6080          4         14      21662   lcd.o
      1344         46          0          5          0      16625   lv_anim.o
         0          0          0          0          0      14546   lv_arc.o
       534          0          0          0          0       4207   lv_area.o
        92          6          0          0          0       2072   lv_async.o
         0          0          0          0          0       7219   lv_bar.o
         0          0          0          0          0       3666   lv_calendar.o
         0          0          0          0          0       5146   lv_canvas.o
        98          0          0          0          0       2141   lv_circ.o
       492          6          0          0          0       4478   lv_color.o
      3200         22          0          4          0      15598   lv_cont.o
       274          0          0          0          0      21513   lv_disp.o
       356         12         36         36          0      19677   lv_draw.o
      2558         24          0          0          0      23315   lv_draw_basic.o
      2364         58          0          0          0      16737   lv_draw_img.o
      1340         22          0          0          0      11062   lv_draw_label.o
     11562         16         17          0          0      20281   lv_draw_rect.o
        84          0          0          0          0       2749   lv_font.o
       884         14          0          0          0       6283   lv_font_fmt_txt.o
         0          0          0          0          0       1768   lv_font_roboto_12.o
         0          0       9148       3020          0       2060   lv_font_roboto_16.o
         0          0          0         12         96       8022   lv_gc.o
      2176         36         46          0          0      32453   lv_group.o
       736         20          2          4          0      25722   lv_hal_disp.o
       248          8          0          0          0      22280   lv_hal_indev.o
        76         10          0          5          0       1584   lv_hal_tick.o
       520         14          0          2          0       2734   lv_img_cache.o
      1888         28          0          0          0      13714   lv_img_decoder.o
      5160         40          0          8          0      23768   lv_indev.o
      5068        104          0          4          0      25181   lv_label.o
       736         28          0          8          0      15399   lv_led.o
       890          0          0          0          0       5521   lv_ll.o
       204          4          0        182          0       1702   lv_math.o
       768         14          0          8      16384       4071   lv_mem.o
      6244        106          0         12          0      36649   lv_obj.o
      6428        102          0          8          0      43337   lv_page.o
       120         12          0          0       9628       1276   lv_port_disp.o
      2036         16          0          8          0       6585   lv_refr.o
      2708         84         22          0        780       9237   lv_style.o
       868         40          0         20          0       4596   lv_task.o
        52          6          0          4          0      25958   lv_theme.o
      4720        360          2          8       3492      23191   lv_theme_night.o
      1668         36          0         32          0       9559   lv_txt.o
       212          0          0          0          0       1407   lv_utils.o
        94          0          0          0          0     288283   main.o
       192        116          0        116          0       2026   manage_page.o
       220         22          0          0          0       1789   misc.o
       308         10          0          4          0       2814   page.o
      1244         56         12         12         12       4779   rtc.o
        36          8        304          0       2560        784   startup_stm32f10x_hd.o
       196          8          0          0          0       3452   stm32f10x_bkp.o
      1548         18          0          0          0       5335   stm32f10x_fsmc.o
       860         38          0          0          0       5633   stm32f10x_gpio.o
        26          0          0          0          0       1174   stm32f10x_it.o
       204         14          0          0          0       1911   stm32f10x_pwr.o
       932         36          0         20          0       8800   stm32f10x_rcc.o
       328          4          0          0          0       2662   stm32f10x_rtc.o
      3610         88          0          0          0      22120   stm32f10x_tim.o
      1032         22          0          0          0       8360   stm32f10x_usart.o
         0          0          0          0          0         32   sys.o
       480         38          0         20          0       1719   system_stm32f10x.o
       160          8          0          1          0       1095   timer.o
       320         18          0          6        200       3122   usart.o

    ----------------------------------------------------------------------
    103324       2380      41436       3840      33496     991596   Object Totals
         0          0         32          0          0          0   (incl. Generated)
        10          0          9         13          2          0   (incl. Padding)

    ----------------------------------------------------------------------

      Code (inc. data)   RO Data    RW Data    ZI Data      Debug   Library Member Name

        86          0          0          0          0          0   __dczerorl2.o
         0          0          0          0          0          0   entry.o
         0          0          0          0          0          0   entry10a.o
         0          0          0          0          0          0   entry11a.o
         8          4          0          0          0          0   entry2.o
         4          0          0          0          0          0   entry5.o
         0          0          0          0          0          0   entry7b.o
         0          0          0          0          0          0   entry8b.o
         8          4          0          0          0          0   entry9a.o
        30          0          0          0          0          0   handlers.o
        36          8          0          0          0         68   init.o
         0          0          0          0          0          0   iusefp.o
        30          0          0          0          0         68   llshl.o
        32          0          0          0          0         68   llushr.o
       108         16          0          0          0         84   malloc.o
        36          0          0          0          0         68   memcpya.o
        36          0          0          0          0        108   memseta.o
         0          0          0          8          0          0   mvars.o
       736         56          0          0          0        184   printf5.o
        18          0          0          0          0         68   strcpy.o
        14          0          0          0          0         68   strlen.o
        98          0          0          0          0         92   uldiv.o
       186          0          0          0          0        176   depilogue.o
        50          0          0          0          0         76   dfixui.o
        26          0          0          0          0         76   dfltui.o
       228          0          0          0          0         96   dmul.o

    ----------------------------------------------------------------------
      1772         88          0          8          0       1300   Library Totals
         2          0          0          0          0          0   (incl. Padding)

    ----------------------------------------------------------------------

      Code (inc. data)   RO Data    RW Data    ZI Data      Debug   Library Name

      1280         88          0          8          0        876   mc_w.l
       490          0          0          0          0        424   mf_w.l

    ----------------------------------------------------------------------
      1772         88          0          8          0       1300   Library Totals

    ----------------------------------------------------------------------

==============================================================================


      Code (inc. data)   RO Data    RW Data    ZI Data      Debug   

    105096       2468      41436       3848      33496     986732   Grand Totals
    105096       2468      41436       1956      33496     986732   ELF Image Totals (compressed)
    105096       2468      41436       1956          0          0   ROM Totals

==============================================================================

    Total RO  Size (Code + RO Data)               146532 ( 143.10kB)
    Total RW  Size (RW Data + ZI Data)             37344 (  36.47kB)
    Total ROM Size (Code + RO Data + RW Data)     148488 ( 145.01kB)

==============================================================================

